<?xml version="1.0"?>
<link_info>
   <banner>TI ARM Linker PC v16.9.6.LTS</banner>
   <copyright>Copyright (c) 1996-2017 Texas Instruments Incorporated</copyright>
   <link_time>0x5a7fb7ac</link_time>
   <link_errors>0x0</link_errors>
   <output_file>EGR436_Project1.out</output_file>
   <entry_point>
      <name>_c_int00</name>
      <address>0xf139</address>
   </entry_point>
   <input_file_list>
      <input_file id="fl-2">
         <path>.\</path>
         <kind>object</kind>
         <file>LCD.obj</file>
         <name>LCD.obj</name>
      </input_file>
      <input_file id="fl-3">
         <path>.\</path>
         <kind>object</kind>
         <file>ST7735.obj</file>
         <name>ST7735.obj</name>
      </input_file>
      <input_file id="fl-4">
         <path>.\</path>
         <kind>object</kind>
         <file>clockConfig.obj</file>
         <name>clockConfig.obj</name>
      </input_file>
      <input_file id="fl-5">
         <path>.\</path>
         <kind>object</kind>
         <file>delays.obj</file>
         <name>delays.obj</name>
      </input_file>
      <input_file id="fl-6">
         <path>.\</path>
         <kind>object</kind>
         <file>main.obj</file>
         <name>main.obj</name>
      </input_file>
      <input_file id="fl-7">
         <path>.\</path>
         <kind>object</kind>
         <file>startup_msp432p401r_ccs.obj</file>
         <name>startup_msp432p401r_ccs.obj</name>
      </input_file>
      <input_file id="fl-8">
         <path>.\</path>
         <kind>object</kind>
         <file>system_msp432p401r.obj</file>
         <name>system_msp432p401r.obj</name>
      </input_file>
      <input_file id="fl-9">
         <path>.\</path>
         <kind>object</kind>
         <file>timerAInterface.obj</file>
         <name>timerAInterface.obj</name>
      </input_file>
      <input_file id="fl-e">
         <kind>object</kind>
         <file>&lt;internal&gt;</file>
         <name>&lt;internal&gt;</name>
      </input_file>
      <input_file id="fl-f">
         <path>C:\ti\msp\MSP432Ware_3_50_00_02\driverlib\driverlib\MSP432P4xx\ccs\</path>
         <kind>archive</kind>
         <file>msp432p4xx_driverlib.lib</file>
         <name>cs.o</name>
      </input_file>
      <input_file id="fl-10">
         <path>C:\ti\msp\MSP432Ware_3_50_00_02\driverlib\driverlib\MSP432P4xx\ccs\</path>
         <kind>archive</kind>
         <file>msp432p4xx_driverlib.lib</file>
         <name>interrupt.o</name>
      </input_file>
      <input_file id="fl-11">
         <path>C:\ti\msp\MSP432Ware_3_50_00_02\driverlib\driverlib\MSP432P4xx\ccs\</path>
         <kind>archive</kind>
         <file>msp432p4xx_driverlib.lib</file>
         <name>sysctl.o</name>
      </input_file>
      <input_file id="fl-12">
         <path>C:\ti\msp\MSP432Ware_3_50_00_02\driverlib\driverlib\MSP432P4xx\ccs\</path>
         <kind>archive</kind>
         <file>msp432p4xx_driverlib.lib</file>
         <name>timer_a.o</name>
      </input_file>
      <input_file id="fl-13">
         <path>C:\ti\msp\MSP432Ware_3_50_00_02\driverlib\driverlib\MSP432P4xx\ccs\</path>
         <kind>archive</kind>
         <file>msp432p4xx_driverlib.lib</file>
         <name>cpu.o</name>
      </input_file>
      <input_file id="fl-c9">
         <path>C:\ti\ccsv7\tools\compiler\ti-cgt-arm_16.9.6.LTS\lib\</path>
         <kind>archive</kind>
         <file>rtsv7M4_T_le_v4SPD16_eabi.lib</file>
         <name>boot.obj</name>
      </input_file>
      <input_file id="fl-ca">
         <path>C:\ti\ccsv7\tools\compiler\ti-cgt-arm_16.9.6.LTS\lib\</path>
         <kind>archive</kind>
         <file>rtsv7M4_T_le_v4SPD16_eabi.lib</file>
         <name>copy_decompress_lzss.obj</name>
      </input_file>
      <input_file id="fl-cb">
         <path>C:\ti\ccsv7\tools\compiler\ti-cgt-arm_16.9.6.LTS\lib\</path>
         <kind>archive</kind>
         <file>rtsv7M4_T_le_v4SPD16_eabi.lib</file>
         <name>copy_decompress_none.obj</name>
      </input_file>
      <input_file id="fl-cc">
         <path>C:\ti\ccsv7\tools\compiler\ti-cgt-arm_16.9.6.LTS\lib\</path>
         <kind>archive</kind>
         <file>rtsv7M4_T_le_v4SPD16_eabi.lib</file>
         <name>copy_zero_init.obj</name>
      </input_file>
      <input_file id="fl-cd">
         <path>C:\ti\ccsv7\tools\compiler\ti-cgt-arm_16.9.6.LTS\lib\</path>
         <kind>archive</kind>
         <file>rtsv7M4_T_le_v4SPD16_eabi.lib</file>
         <name>exit.obj</name>
      </input_file>
      <input_file id="fl-ce">
         <path>C:\ti\ccsv7\tools\compiler\ti-cgt-arm_16.9.6.LTS\lib\</path>
         <kind>archive</kind>
         <file>rtsv7M4_T_le_v4SPD16_eabi.lib</file>
         <name>memcpy_t2.obj</name>
      </input_file>
      <input_file id="fl-cf">
         <path>C:\ti\ccsv7\tools\compiler\ti-cgt-arm_16.9.6.LTS\lib\</path>
         <kind>archive</kind>
         <file>rtsv7M4_T_le_v4SPD16_eabi.lib</file>
         <name>memset_t2.obj</name>
      </input_file>
      <input_file id="fl-d0">
         <path>C:\ti\ccsv7\tools\compiler\ti-cgt-arm_16.9.6.LTS\lib\</path>
         <kind>archive</kind>
         <file>rtsv7M4_T_le_v4SPD16_eabi.lib</file>
         <name>mpu_init.obj</name>
      </input_file>
      <input_file id="fl-d1">
         <path>C:\ti\ccsv7\tools\compiler\ti-cgt-arm_16.9.6.LTS\lib\</path>
         <kind>archive</kind>
         <file>rtsv7M4_T_le_v4SPD16_eabi.lib</file>
         <name>pre_init.obj</name>
      </input_file>
      <input_file id="fl-d2">
         <path>C:\ti\ccsv7\tools\compiler\ti-cgt-arm_16.9.6.LTS\lib\</path>
         <kind>archive</kind>
         <file>rtsv7M4_T_le_v4SPD16_eabi.lib</file>
         <name>stkdepth_vars.obj</name>
      </input_file>
      <input_file id="fl-d3">
         <path>C:\ti\ccsv7\tools\compiler\ti-cgt-arm_16.9.6.LTS\lib\</path>
         <kind>archive</kind>
         <file>rtsv7M4_T_le_v4SPD16_eabi.lib</file>
         <name>_lock.obj</name>
      </input_file>
      <input_file id="fl-d4">
         <path>C:\ti\ccsv7\tools\compiler\ti-cgt-arm_16.9.6.LTS\lib\</path>
         <kind>archive</kind>
         <file>rtsv7M4_T_le_v4SPD16_eabi.lib</file>
         <name>args_main.obj</name>
      </input_file>
      <input_file id="fl-d5">
         <path>C:\ti\ccsv7\tools\compiler\ti-cgt-arm_16.9.6.LTS\lib\</path>
         <kind>archive</kind>
         <file>rtsv7M4_T_le_v4SPD16_eabi.lib</file>
         <name>autoinit.obj</name>
      </input_file>
      <input_file id="fl-d6">
         <path>C:\ti\ccsv7\tools\compiler\ti-cgt-arm_16.9.6.LTS\lib\</path>
         <kind>archive</kind>
         <file>rtsv7M4_T_le_v4SPD16_eabi.lib</file>
         <name>cpy_tbl.obj</name>
      </input_file>
      <input_file id="fl-d7">
         <path>C:\ti\ccsv7\tools\compiler\ti-cgt-arm_16.9.6.LTS\lib\</path>
         <kind>archive</kind>
         <file>rtsv7M4_T_le_v4SPD16_eabi.lib</file>
         <name>startup.obj</name>
      </input_file>
   </input_file_list>
   <object_component_list>
      <object_component id="oc-28">
         <name>.intvecs:retain</name>
         <load_address>0x0</load_address>
         <run_address>0x0</run_address>
         <size>0x140</size>
         <input_file_ref idref="fl-7"/>
      </object_component>
      <object_component id="oc-126">
         <name>.text</name>
         <load_address>0xd124</load_address>
         <run_address>0xd124</run_address>
         <size>0x1420</size>
         <input_file_ref idref="fl-3"/>
      </object_component>
      <object_component id="oc-d3">
         <name>.text</name>
         <load_address>0xe544</load_address>
         <run_address>0xe544</run_address>
         <size>0x364</size>
         <input_file_ref idref="fl-2"/>
      </object_component>
      <object_component id="oc-b3">
         <name>.text</name>
         <load_address>0xe8a8</load_address>
         <run_address>0xe8a8</run_address>
         <size>0x328</size>
         <input_file_ref idref="fl-8"/>
      </object_component>
      <object_component id="oc-1ac">
         <name>.text:CS_getDCOFrequency</name>
         <load_address>0xebd0</load_address>
         <run_address>0xebd0</run_address>
         <size>0x104</size>
         <input_file_ref idref="fl-f"/>
      </object_component>
      <object_component id="oc-cd">
         <name>.text</name>
         <load_address>0xecd4</load_address>
         <run_address>0xecd4</run_address>
         <size>0xcc</size>
         <input_file_ref idref="fl-4"/>
      </object_component>
      <object_component id="oc-15c">
         <name>.text:CS_startHFXTWithTimeout</name>
         <load_address>0xeda0</load_address>
         <run_address>0xeda0</run_address>
         <size>0x9c</size>
         <input_file_ref idref="fl-f"/>
      </object_component>
      <object_component id="oc-14f">
         <name>.text:_CSComputeCLKFrequency</name>
         <load_address>0xee3c</load_address>
         <run_address>0xee3c</run_address>
         <size>0x9c</size>
         <input_file_ref idref="fl-f"/>
      </object_component>
      <object_component id="oc-37">
         <name>.text</name>
         <load_address>0xeed8</load_address>
         <run_address>0xeed8</run_address>
         <size>0x9c</size>
         <input_file_ref idref="fl-ce"/>
      </object_component>
      <object_component id="oc-43">
         <name>.text</name>
         <load_address>0xef74</load_address>
         <run_address>0xef74</run_address>
         <size>0x7a</size>
         <input_file_ref idref="fl-cf"/>
      </object_component>
      <object_component id="oc-4f">
         <name>.text</name>
         <load_address>0xefee</load_address>
         <run_address>0xefee</run_address>
         <size>0x2</size>
         <input_file_ref idref="fl-d0"/>
      </object_component>
      <object_component id="oc-1d1">
         <name>.text:_CSGetHFXTFrequency</name>
         <load_address>0xeff0</load_address>
         <run_address>0xeff0</run_address>
         <size>0x70</size>
         <input_file_ref idref="fl-f"/>
      </object_component>
      <object_component id="oc-5b">
         <name>.text</name>
         <load_address>0xf060</load_address>
         <run_address>0xf060</run_address>
         <size>0x70</size>
         <input_file_ref idref="fl-d5"/>
      </object_component>
      <object_component id="oc-10">
         <name>.text:decompress:lzss</name>
         <load_address>0xf0d0</load_address>
         <run_address>0xf0d0</run_address>
         <size>0x68</size>
         <input_file_ref idref="fl-ca"/>
      </object_component>
      <object_component id="oc-22">
         <name>.text</name>
         <load_address>0xf138</load_address>
         <run_address>0xf138</run_address>
         <size>0x54</size>
         <input_file_ref idref="fl-c9"/>
      </object_component>
      <object_component id="oc-67">
         <name>.text</name>
         <load_address>0xf18c</load_address>
         <run_address>0xf18c</run_address>
         <size>0x54</size>
         <input_file_ref idref="fl-cd"/>
      </object_component>
      <object_component id="oc-200">
         <name>.text:SysCtl_getTLVInfo</name>
         <load_address>0xf1e0</load_address>
         <run_address>0xf1e0</run_address>
         <size>0x50</size>
         <input_file_ref idref="fl-11"/>
      </object_component>
      <object_component id="oc-1fa">
         <name>.text:_CSGetDOCFrequency</name>
         <load_address>0xf230</load_address>
         <run_address>0xf230</run_address>
         <size>0x4c</size>
         <input_file_ref idref="fl-f"/>
      </object_component>
      <object_component id="oc-92">
         <name>.text</name>
         <load_address>0xf27c</load_address>
         <run_address>0xf27c</run_address>
         <size>0x4c</size>
         <input_file_ref idref="fl-d6"/>
      </object_component>
      <object_component id="oc-1a6">
         <name>.text:_CSGetDividerValue</name>
         <load_address>0xf2c8</load_address>
         <run_address>0xf2c8</run_address>
         <size>0x48</size>
         <input_file_ref idref="fl-f"/>
      </object_component>
      <object_component id="oc-1b2">
         <name>.text:CS_clearInterruptFlag</name>
         <load_address>0xf310</load_address>
         <run_address>0xf310</run_address>
         <size>0x24</size>
         <input_file_ref idref="fl-f"/>
      </object_component>
      <object_component id="oc-12c">
         <name>.text</name>
         <load_address>0xf334</load_address>
         <run_address>0xf334</run_address>
         <size>0x1c</size>
         <input_file_ref idref="fl-5"/>
      </object_component>
      <object_component id="oc-a0">
         <name>.text</name>
         <load_address>0xf350</load_address>
         <run_address>0xf350</run_address>
         <size>0x1c</size>
         <input_file_ref idref="fl-6"/>
      </object_component>
      <object_component id="oc-10a">
         <name>.text:CS_getMCLK</name>
         <load_address>0xf36c</load_address>
         <run_address>0xf36c</run_address>
         <size>0x18</size>
         <input_file_ref idref="fl-f"/>
      </object_component>
      <object_component id="oc-104">
         <name>.text:CS_getSMCLK</name>
         <load_address>0xf384</load_address>
         <run_address>0xf384</run_address>
         <size>0x18</size>
         <input_file_ref idref="fl-f"/>
      </object_component>
      <object_component id="oc-61">
         <name>.text</name>
         <load_address>0xf39c</load_address>
         <run_address>0xf39c</run_address>
         <size>0x18</size>
         <input_file_ref idref="fl-d4"/>
      </object_component>
      <object_component id="oc-110">
         <name>.text:CS_setExternalClockSourceFrequency</name>
         <load_address>0xf3b4</load_address>
         <run_address>0xf3b4</run_address>
         <size>0x14</size>
         <input_file_ref idref="fl-f"/>
      </object_component>
      <object_component id="oc-e3">
         <name>.text</name>
         <load_address>0xf3c8</load_address>
         <run_address>0xf3c8</run_address>
         <size>0x14</size>
         <input_file_ref idref="fl-d3"/>
      </object_component>
      <object_component id="oc-71">
         <name>.text</name>
         <load_address>0xf3dc</load_address>
         <run_address>0xf3dc</run_address>
         <size>0x12</size>
         <input_file_ref idref="fl-7"/>
      </object_component>
      <object_component id="oc-98">
         <name>.text</name>
         <load_address>0xf3ee</load_address>
         <run_address>0xf3ee</run_address>
         <size>0x2</size>
         <input_file_ref idref="fl-d7"/>
      </object_component>
      <object_component id="oc-1cb">
         <name>.text:SysCtl_disableNMISource</name>
         <load_address>0xf3f0</load_address>
         <run_address>0xf3f0</run_address>
         <size>0x10</size>
         <input_file_ref idref="fl-11"/>
      </object_component>
      <object_component id="oc-1d7">
         <name>.text:SysCtl_enableNMISource</name>
         <load_address>0xf400</load_address>
         <run_address>0xf400</run_address>
         <size>0x10</size>
         <input_file_ref idref="fl-11"/>
      </object_component>
      <object_component id="oc-16">
         <name>.text:decompress:none</name>
         <load_address>0xf410</load_address>
         <run_address>0xf410</run_address>
         <size>0xe</size>
         <input_file_ref idref="fl-cb"/>
      </object_component>
      <object_component id="oc-1c5">
         <name>.text:SysCtl_getNMISourceStatus</name>
         <load_address>0xf420</load_address>
         <run_address>0xf420</run_address>
         <size>0xc</size>
         <input_file_ref idref="fl-11"/>
      </object_component>
      <object_component id="oc-1c">
         <name>.text:decompress:ZI</name>
         <load_address>0xf42c</load_address>
         <run_address>0xf42c</run_address>
         <size>0xc</size>
         <input_file_ref idref="fl-cc"/>
      </object_component>
      <object_component id="oc-116">
         <name>.text:CS_startHFXT</name>
         <load_address>0xf438</load_address>
         <run_address>0xf438</run_address>
         <size>0x6</size>
         <input_file_ref idref="fl-f"/>
      </object_component>
      <object_component id="oc-55">
         <name>.text</name>
         <load_address>0xf43e</load_address>
         <run_address>0xf43e</run_address>
         <size>0x4</size>
         <input_file_ref idref="fl-d1"/>
      </object_component>
      <object_component id="oc-135">
         <name>.const:dark</name>
         <load_address>0x140</load_address>
         <run_address>0x140</run_address>
         <size>0x2800</size>
         <input_file_ref idref="fl-2"/>
      </object_component>
      <object_component id="oc-138">
         <name>.const:overcast</name>
         <load_address>0x2940</load_address>
         <run_address>0x2940</run_address>
         <size>0x2800</size>
         <input_file_ref idref="fl-2"/>
      </object_component>
      <object_component id="oc-13b">
         <name>.const:partlysunny</name>
         <load_address>0x5140</load_address>
         <run_address>0x5140</run_address>
         <size>0x2800</size>
         <input_file_ref idref="fl-2"/>
      </object_component>
      <object_component id="oc-13e">
         <name>.const:sunny</name>
         <load_address>0x7940</load_address>
         <run_address>0x7940</run_address>
         <size>0x2800</size>
         <input_file_ref idref="fl-2"/>
      </object_component>
      <object_component id="oc-141">
         <name>.const:twilight</name>
         <load_address>0xa140</load_address>
         <run_address>0xa140</run_address>
         <size>0x2800</size>
         <input_file_ref idref="fl-2"/>
      </object_component>
      <object_component id="oc-184">
         <name>.const:.string:Font</name>
         <load_address>0xc940</load_address>
         <run_address>0xc940</run_address>
         <size>0x4fb</size>
         <input_file_ref idref="fl-3"/>
      </object_component>
      <object_component id="oc-18f">
         <name>.const:.string:dBfs</name>
         <load_address>0xce3b</load_address>
         <run_address>0xce3b</run_address>
         <size>0x200</size>
         <input_file_ref idref="fl-3"/>
      </object_component>
      <object_component id="oc-172">
         <name>.const:.string:Bcmd</name>
         <load_address>0xd03b</load_address>
         <run_address>0xd03b</run_address>
         <size>0x67</size>
         <input_file_ref idref="fl-3"/>
      </object_component>
      <object_component id="oc-178">
         <name>.const:.string:Rcmd1</name>
         <load_address>0xd0a2</load_address>
         <run_address>0xd0a2</run_address>
         <size>0x3b</size>
         <input_file_ref idref="fl-3"/>
      </object_component>
      <object_component id="oc-181">
         <name>.const:.string:Rcmd3</name>
         <load_address>0xd0dd</load_address>
         <run_address>0xd0dd</run_address>
         <size>0x2b</size>
         <input_file_ref idref="fl-3"/>
      </object_component>
      <object_component id="oc-17b">
         <name>.const:.string:Rcmd2green</name>
         <load_address>0xd108</load_address>
         <run_address>0xd108</run_address>
         <size>0xd</size>
         <input_file_ref idref="fl-3"/>
      </object_component>
      <object_component id="oc-17e">
         <name>.const:.string:Rcmd2red</name>
         <load_address>0xd115</load_address>
         <run_address>0xd115</run_address>
         <size>0xd</size>
         <input_file_ref idref="fl-3"/>
      </object_component>
      <object_component id="oc-233">
         <name>.cinit..data.load</name>
         <load_address>0xf448</load_address>
         <run_address>0xf448</run_address>
         <size>0x2d</size>
      </object_component>
      <object_component id="oc-231">
         <name>__TI_handler_table</name>
         <load_address>0xf478</load_address>
         <run_address>0xf478</run_address>
         <size>0xc</size>
      </object_component>
      <object_component id="oc-234">
         <name>.cinit..bss.load</name>
         <load_address>0xf488</load_address>
         <run_address>0xf488</run_address>
         <size>0x8</size>
      </object_component>
      <object_component id="oc-232">
         <name>__TI_cinit_table</name>
         <load_address>0xf490</load_address>
         <run_address>0xf490</run_address>
         <size>0x10</size>
      </object_component>
      <object_component id="oc-132">
         <name>.data</name>
         <load_address>0x20000020</load_address>
         <run_address>0x20000020</run_address>
         <size>0xc</size>
         <input_file_ref idref="fl-2"/>
      </object_component>
      <object_component id="oc-175">
         <name>.data</name>
         <load_address>0x20000000</load_address>
         <run_address>0x20000000</run_address>
         <size>0x14</size>
         <input_file_ref idref="fl-3"/>
      </object_component>
      <object_component id="oc-ef">
         <name>.data</name>
         <load_address>0x20000038</load_address>
         <run_address>0x20000038</run_address>
         <size>0x4</size>
         <input_file_ref idref="fl-8"/>
      </object_component>
      <object_component id="oc-a8">
         <name>.data:$O1$$</name>
         <load_address>0x20000014</load_address>
         <run_address>0x20000014</run_address>
         <size>0xc</size>
         <input_file_ref idref="fl-cd"/>
      </object_component>
      <object_component id="oc-6d">
         <name>.data</name>
         <load_address>0x20000034</load_address>
         <run_address>0x20000034</run_address>
         <size>0x4</size>
         <input_file_ref idref="fl-d2"/>
      </object_component>
      <object_component id="oc-ab">
         <name>.data:$O1$$</name>
         <load_address>0x2000002c</load_address>
         <run_address>0x2000002c</run_address>
         <size>0x8</size>
         <input_file_ref idref="fl-d3"/>
      </object_component>
      <object_component id="oc-16f">
         <name>.bss</name>
         <uninitialized>true</uninitialized>
         <run_address>0x20000048</run_address>
         <size>0x4</size>
         <input_file_ref idref="fl-3"/>
      </object_component>
      <object_component id="oc-187">
         <name>.common:Message</name>
         <uninitialized>true</uninitialized>
         <run_address>0x2000003c</run_address>
         <size>0xc</size>
      </object_component>
      <object_component id="oc-18a">
         <name>.common:Messageindex</name>
         <uninitialized>true</uninitialized>
         <run_address>0x20000050</run_address>
         <size>0x4</size>
      </object_component>
      <object_component id="oc-18b">
         <name>.common:Ymax</name>
         <uninitialized>true</uninitialized>
         <run_address>0x2000005c</run_address>
         <size>0x4</size>
      </object_component>
      <object_component id="oc-18c">
         <name>.common:Ymin</name>
         <uninitialized>true</uninitialized>
         <run_address>0x20000060</run_address>
         <size>0x4</size>
      </object_component>
      <object_component id="oc-18e">
         <name>.common:X</name>
         <uninitialized>true</uninitialized>
         <run_address>0x20000058</run_address>
         <size>0x4</size>
      </object_component>
      <object_component id="oc-18d">
         <name>.common:Yrange</name>
         <uninitialized>true</uninitialized>
         <run_address>0x20000064</run_address>
         <size>0x4</size>
      </object_component>
      <object_component id="oc-11c">
         <name>.common:MCLKfreq</name>
         <uninitialized>true</uninitialized>
         <run_address>0x2000004c</run_address>
         <size>0x4</size>
      </object_component>
      <object_component id="oc-11f">
         <name>.common:SMCLKfreq</name>
         <uninitialized>true</uninitialized>
         <run_address>0x20000054</run_address>
         <size>0x4</size>
      </object_component>
      <object_component id="oc-15a">
         <name>.common:hfxtFreq</name>
         <uninitialized>true</uninitialized>
         <run_address>0x20000068</run_address>
         <size>0x4</size>
      </object_component>
      <object_component id="oc-157">
         <name>.common:lfxtFreq</name>
         <uninitialized>true</uninitialized>
         <run_address>0x2000006c</run_address>
         <size>0x4</size>
      </object_component>
      <object_component id="oc-2b">
         <name>.stack</name>
         <uninitialized>true</uninitialized>
         <run_address>0x2000fe00</run_address>
         <size>0x0</size>
         <input_file_ref idref="fl-c9"/>
      </object_component>
      <object_component id="oc-235">
         <name>.stack</name>
         <uninitialized>true</uninitialized>
         <run_address>0x2000fe00</run_address>
         <size>0x0</size>
      </object_component>
      <object_component id="oc-19d">
         <name>.debug_info</name>
         <load_address>0x0</load_address>
         <run_address>0x0</run_address>
         <size>0x718</size>
         <input_file_ref idref="fl-2"/>
      </object_component>
      <object_component id="oc-136">
         <name>.debug_info</name>
         <load_address>0x718</load_address>
         <run_address>0x718</run_address>
         <size>0xd5</size>
         <input_file_ref idref="fl-2"/>
      </object_component>
      <object_component id="oc-139">
         <name>.debug_info</name>
         <load_address>0x7ed</load_address>
         <run_address>0x7ed</run_address>
         <size>0xdd</size>
         <input_file_ref idref="fl-2"/>
      </object_component>
      <object_component id="oc-13c">
         <name>.debug_info</name>
         <load_address>0x8ca</load_address>
         <run_address>0x8ca</run_address>
         <size>0xe3</size>
         <input_file_ref idref="fl-2"/>
      </object_component>
      <object_component id="oc-13f">
         <name>.debug_info</name>
         <load_address>0x9ad</load_address>
         <run_address>0x9ad</run_address>
         <size>0xd7</size>
         <input_file_ref idref="fl-2"/>
      </object_component>
      <object_component id="oc-142">
         <name>.debug_info</name>
         <load_address>0xa84</load_address>
         <run_address>0xa84</run_address>
         <size>0xdd</size>
         <input_file_ref idref="fl-2"/>
      </object_component>
      <object_component id="oc-133">
         <name>.debug_info</name>
         <load_address>0xb61</load_address>
         <run_address>0xb61</run_address>
         <size>0x172</size>
         <input_file_ref idref="fl-2"/>
      </object_component>
      <object_component id="oc-d4">
         <name>.debug_info</name>
         <load_address>0xcd3</load_address>
         <run_address>0xcd3</run_address>
         <size>0x668</size>
         <input_file_ref idref="fl-2"/>
      </object_component>
      <object_component id="oc-145">
         <name>.debug_info</name>
         <load_address>0x133b</load_address>
         <run_address>0x133b</run_address>
         <size>0x1f5</size>
         <input_file_ref idref="fl-2"/>
      </object_component>
      <object_component id="oc-16a">
         <name>.debug_info</name>
         <load_address>0x1530</load_address>
         <run_address>0x1530</run_address>
         <size>0x1055</size>
         <input_file_ref idref="fl-2"/>
      </object_component>
      <object_component id="oc-165">
         <name>.debug_info</name>
         <load_address>0x2585</load_address>
         <run_address>0x2585</run_address>
         <size>0x37e2</size>
         <input_file_ref idref="fl-2"/>
      </object_component>
      <object_component id="oc-1bb">
         <name>.debug_info</name>
         <load_address>0x5d67</load_address>
         <run_address>0x5d67</run_address>
         <size>0x1b5</size>
         <input_file_ref idref="fl-2"/>
      </object_component>
      <object_component id="oc-32">
         <name>.debug_info</name>
         <load_address>0x5f1c</load_address>
         <run_address>0x5f1c</run_address>
         <size>0x84</size>
         <input_file_ref idref="fl-2"/>
      </object_component>
      <object_component id="oc-f3">
         <name>.debug_info</name>
         <load_address>0x5fa0</load_address>
         <run_address>0x5fa0</run_address>
         <size>0x18b</size>
         <input_file_ref idref="fl-2"/>
      </object_component>
      <object_component id="oc-193">
         <name>.debug_info</name>
         <load_address>0x612b</load_address>
         <run_address>0x612b</run_address>
         <size>0x51</size>
         <input_file_ref idref="fl-2"/>
      </object_component>
      <object_component id="oc-188">
         <name>.debug_info</name>
         <load_address>0x617c</load_address>
         <run_address>0x617c</run_address>
         <size>0x669</size>
         <input_file_ref idref="fl-3"/>
      </object_component>
      <object_component id="oc-176">
         <name>.debug_info</name>
         <load_address>0x67e5</load_address>
         <run_address>0x67e5</run_address>
         <size>0x16c</size>
         <input_file_ref idref="fl-3"/>
      </object_component>
      <object_component id="oc-185">
         <name>.debug_info</name>
         <load_address>0x6951</load_address>
         <run_address>0x6951</run_address>
         <size>0xd7</size>
         <input_file_ref idref="fl-3"/>
      </object_component>
      <object_component id="oc-170">
         <name>.debug_info</name>
         <load_address>0x6a28</load_address>
         <run_address>0x6a28</run_address>
         <size>0x143</size>
         <input_file_ref idref="fl-3"/>
      </object_component>
      <object_component id="oc-173">
         <name>.debug_info</name>
         <load_address>0x6b6b</load_address>
         <run_address>0x6b6b</run_address>
         <size>0xd8</size>
         <input_file_ref idref="fl-3"/>
      </object_component>
      <object_component id="oc-179">
         <name>.debug_info</name>
         <load_address>0x6c43</load_address>
         <run_address>0x6c43</run_address>
         <size>0xda</size>
         <input_file_ref idref="fl-3"/>
      </object_component>
      <object_component id="oc-17c">
         <name>.debug_info</name>
         <load_address>0x6d1d</load_address>
         <run_address>0x6d1d</run_address>
         <size>0xe4</size>
         <input_file_ref idref="fl-3"/>
      </object_component>
      <object_component id="oc-17f">
         <name>.debug_info</name>
         <load_address>0x6e01</load_address>
         <run_address>0x6e01</run_address>
         <size>0xe0</size>
         <input_file_ref idref="fl-3"/>
      </object_component>
      <object_component id="oc-182">
         <name>.debug_info</name>
         <load_address>0x6ee1</load_address>
         <run_address>0x6ee1</run_address>
         <size>0xda</size>
         <input_file_ref idref="fl-3"/>
      </object_component>
      <object_component id="oc-190">
         <name>.debug_info</name>
         <load_address>0x6fbb</load_address>
         <run_address>0x6fbb</run_address>
         <size>0xd9</size>
         <input_file_ref idref="fl-3"/>
      </object_component>
      <object_component id="oc-127">
         <name>.debug_info</name>
         <load_address>0x7094</load_address>
         <run_address>0x7094</run_address>
         <size>0x22a5</size>
         <input_file_ref idref="fl-3"/>
      </object_component>
      <object_component id="oc-1f0">
         <name>.debug_info</name>
         <load_address>0x9339</load_address>
         <run_address>0x9339</run_address>
         <size>0xc8</size>
         <input_file_ref idref="fl-3"/>
      </object_component>
      <object_component id="oc-11d">
         <name>.debug_info</name>
         <load_address>0x9401</load_address>
         <run_address>0x9401</run_address>
         <size>0x64b</size>
         <input_file_ref idref="fl-4"/>
      </object_component>
      <object_component id="oc-ce">
         <name>.debug_info</name>
         <load_address>0x9a4c</load_address>
         <run_address>0x9a4c</run_address>
         <size>0x2ef</size>
         <input_file_ref idref="fl-4"/>
      </object_component>
      <object_component id="oc-121">
         <name>.debug_info</name>
         <load_address>0x9d3b</load_address>
         <run_address>0x9d3b</run_address>
         <size>0x8b</size>
         <input_file_ref idref="fl-4"/>
      </object_component>
      <object_component id="oc-12e">
         <name>.debug_info</name>
         <load_address>0x9dc6</load_address>
         <run_address>0x9dc6</run_address>
         <size>0x19c</size>
         <input_file_ref idref="fl-5"/>
      </object_component>
      <object_component id="oc-a1">
         <name>.debug_info</name>
         <load_address>0x9f62</load_address>
         <run_address>0x9f62</run_address>
         <size>0x141</size>
         <input_file_ref idref="fl-6"/>
      </object_component>
      <object_component id="oc-79">
         <name>.debug_info</name>
         <load_address>0xa0a3</load_address>
         <run_address>0xa0a3</run_address>
         <size>0x2c4</size>
         <input_file_ref idref="fl-7"/>
      </object_component>
      <object_component id="oc-29">
         <name>.debug_info</name>
         <load_address>0xa367</load_address>
         <run_address>0xa367</run_address>
         <size>0x101</size>
         <input_file_ref idref="fl-7"/>
      </object_component>
      <object_component id="oc-75">
         <name>.debug_info</name>
         <load_address>0xa468</load_address>
         <run_address>0xa468</run_address>
         <size>0x268</size>
         <input_file_ref idref="fl-7"/>
      </object_component>
      <object_component id="oc-f0">
         <name>.debug_info</name>
         <load_address>0xa6d0</load_address>
         <run_address>0xa6d0</run_address>
         <size>0xfa</size>
         <input_file_ref idref="fl-8"/>
      </object_component>
      <object_component id="oc-b7">
         <name>.debug_info</name>
         <load_address>0xa7ca</load_address>
         <run_address>0xa7ca</run_address>
         <size>0x26c</size>
         <input_file_ref idref="fl-8"/>
      </object_component>
      <object_component id="oc-158">
         <name>.debug_info</name>
         <load_address>0xaa36</load_address>
         <run_address>0xaa36</run_address>
         <size>0x5ef</size>
         <input_file_ref idref="fl-f"/>
      </object_component>
      <object_component id="oc-1d5">
         <name>.debug_info</name>
         <load_address>0xb025</load_address>
         <run_address>0xb025</run_address>
         <size>0xfc</size>
         <input_file_ref idref="fl-f"/>
      </object_component>
      <object_component id="oc-160">
         <name>.debug_info</name>
         <load_address>0xb121</load_address>
         <run_address>0xb121</run_address>
         <size>0x23c</size>
         <input_file_ref idref="fl-f"/>
      </object_component>
      <object_component id="oc-11a">
         <name>.debug_info</name>
         <load_address>0xb35d</load_address>
         <run_address>0xb35d</run_address>
         <size>0x122</size>
         <input_file_ref idref="fl-f"/>
      </object_component>
      <object_component id="oc-114">
         <name>.debug_info</name>
         <load_address>0xb47f</load_address>
         <run_address>0xb47f</run_address>
         <size>0x1dd</size>
         <input_file_ref idref="fl-f"/>
      </object_component>
      <object_component id="oc-1aa">
         <name>.debug_info</name>
         <load_address>0xb65c</load_address>
         <run_address>0xb65c</run_address>
         <size>0x131</size>
         <input_file_ref idref="fl-f"/>
      </object_component>
      <object_component id="oc-1fe">
         <name>.debug_info</name>
         <load_address>0xb78d</load_address>
         <run_address>0xb78d</run_address>
         <size>0x129</size>
         <input_file_ref idref="fl-f"/>
      </object_component>
      <object_component id="oc-1b0">
         <name>.debug_info</name>
         <load_address>0xb8b6</load_address>
         <run_address>0xb8b6</run_address>
         <size>0x1dd</size>
         <input_file_ref idref="fl-f"/>
      </object_component>
      <object_component id="oc-1b6">
         <name>.debug_info</name>
         <load_address>0xba93</load_address>
         <run_address>0xba93</run_address>
         <size>0x120</size>
         <input_file_ref idref="fl-f"/>
      </object_component>
      <object_component id="oc-153">
         <name>.debug_info</name>
         <load_address>0xbbb3</load_address>
         <run_address>0xbbb3</run_address>
         <size>0x1d8</size>
         <input_file_ref idref="fl-f"/>
      </object_component>
      <object_component id="oc-108">
         <name>.debug_info</name>
         <load_address>0xbd8b</load_address>
         <run_address>0xbd8b</run_address>
         <size>0x132</size>
         <input_file_ref idref="fl-f"/>
      </object_component>
      <object_component id="oc-10e">
         <name>.debug_info</name>
         <load_address>0xbebd</load_address>
         <run_address>0xbebd</run_address>
         <size>0x130</size>
         <input_file_ref idref="fl-f"/>
      </object_component>
      <object_component id="oc-1c0">
         <name>.debug_info</name>
         <load_address>0xbfed</load_address>
         <run_address>0xbfed</run_address>
         <size>0x103e</size>
         <input_file_ref idref="fl-f"/>
      </object_component>
      <object_component id="oc-20a">
         <name>.debug_info</name>
         <load_address>0xd02b</load_address>
         <run_address>0xd02b</run_address>
         <size>0x379</size>
         <input_file_ref idref="fl-11"/>
      </object_component>
      <object_component id="oc-204">
         <name>.debug_info</name>
         <load_address>0xd3a4</load_address>
         <run_address>0xd3a4</run_address>
         <size>0x1d6</size>
         <input_file_ref idref="fl-11"/>
      </object_component>
      <object_component id="oc-1c9">
         <name>.debug_info</name>
         <load_address>0xd57a</load_address>
         <run_address>0xd57a</run_address>
         <size>0x10f</size>
         <input_file_ref idref="fl-11"/>
      </object_component>
      <object_component id="oc-1db">
         <name>.debug_info</name>
         <load_address>0xd689</load_address>
         <run_address>0xd689</run_address>
         <size>0x12b</size>
         <input_file_ref idref="fl-11"/>
      </object_component>
      <object_component id="oc-1cf">
         <name>.debug_info</name>
         <load_address>0xd7b4</load_address>
         <run_address>0xd7b4</run_address>
         <size>0x12d</size>
         <input_file_ref idref="fl-11"/>
      </object_component>
      <object_component id="oc-25">
         <name>.debug_info</name>
         <load_address>0xd8e1</load_address>
         <run_address>0xd8e1</run_address>
         <size>0x160</size>
         <input_file_ref idref="fl-c9"/>
      </object_component>
      <object_component id="oc-7f">
         <name>.debug_info</name>
         <load_address>0xda41</load_address>
         <run_address>0xda41</run_address>
         <size>0x293</size>
         <input_file_ref idref="fl-ca"/>
      </object_component>
      <object_component id="oc-12">
         <name>.debug_info</name>
         <load_address>0xdcd4</load_address>
         <run_address>0xdcd4</run_address>
         <size>0x245</size>
         <input_file_ref idref="fl-ca"/>
      </object_component>
      <object_component id="oc-2d">
         <name>.debug_info</name>
         <load_address>0xdf19</load_address>
         <run_address>0xdf19</run_address>
         <size>0x60</size>
         <input_file_ref idref="fl-ca"/>
      </object_component>
      <object_component id="oc-7a">
         <name>.debug_info</name>
         <load_address>0xdf79</load_address>
         <run_address>0xdf79</run_address>
         <size>0x46</size>
         <input_file_ref idref="fl-ca"/>
      </object_component>
      <object_component id="oc-42">
         <name>.debug_info</name>
         <load_address>0xdfbf</load_address>
         <run_address>0xdfbf</run_address>
         <size>0x2da</size>
         <input_file_ref idref="fl-cb"/>
      </object_component>
      <object_component id="oc-18">
         <name>.debug_info</name>
         <load_address>0xe299</load_address>
         <run_address>0xe299</run_address>
         <size>0x1df</size>
         <input_file_ref idref="fl-cb"/>
      </object_component>
      <object_component id="oc-3d">
         <name>.debug_info</name>
         <load_address>0xe478</load_address>
         <run_address>0xe478</run_address>
         <size>0x46</size>
         <input_file_ref idref="fl-cb"/>
      </object_component>
      <object_component id="oc-81">
         <name>.debug_info</name>
         <load_address>0xe4be</load_address>
         <run_address>0xe4be</run_address>
         <size>0x2c</size>
         <input_file_ref idref="fl-cb"/>
      </object_component>
      <object_component id="oc-4e">
         <name>.debug_info</name>
         <load_address>0xe4ea</load_address>
         <run_address>0xe4ea</run_address>
         <size>0x2c9</size>
         <input_file_ref idref="fl-cc"/>
      </object_component>
      <object_component id="oc-1e">
         <name>.debug_info</name>
         <load_address>0xe7b3</load_address>
         <run_address>0xe7b3</run_address>
         <size>0x1aa</size>
         <input_file_ref idref="fl-cc"/>
      </object_component>
      <object_component id="oc-49">
         <name>.debug_info</name>
         <load_address>0xe95d</load_address>
         <run_address>0xe95d</run_address>
         <size>0x46</size>
         <input_file_ref idref="fl-cc"/>
      </object_component>
      <object_component id="oc-89">
         <name>.debug_info</name>
         <load_address>0xe9a3</load_address>
         <run_address>0xe9a3</run_address>
         <size>0x2c</size>
         <input_file_ref idref="fl-cc"/>
      </object_component>
      <object_component id="oc-af">
         <name>.debug_info</name>
         <load_address>0xe9cf</load_address>
         <run_address>0xe9cf</run_address>
         <size>0x3ce</size>
         <input_file_ref idref="fl-cd"/>
      </object_component>
      <object_component id="oc-a9">
         <name>.debug_info</name>
         <load_address>0xed9d</load_address>
         <run_address>0xed9d</run_address>
         <size>0x185</size>
         <input_file_ref idref="fl-cd"/>
      </object_component>
      <object_component id="oc-68">
         <name>.debug_info</name>
         <load_address>0xef22</load_address>
         <run_address>0xef22</run_address>
         <size>0x214</size>
         <input_file_ref idref="fl-cd"/>
      </object_component>
      <object_component id="oc-38">
         <name>.debug_info</name>
         <load_address>0xf136</load_address>
         <run_address>0xf136</run_address>
         <size>0x111</size>
         <input_file_ref idref="fl-ce"/>
      </object_component>
      <object_component id="oc-46">
         <name>.debug_info</name>
         <load_address>0xf247</load_address>
         <run_address>0xf247</run_address>
         <size>0x13f</size>
         <input_file_ref idref="fl-cf"/>
      </object_component>
      <object_component id="oc-50">
         <name>.debug_info</name>
         <load_address>0xf386</load_address>
         <run_address>0xf386</run_address>
         <size>0x138</size>
         <input_file_ref idref="fl-d0"/>
      </object_component>
      <object_component id="oc-56">
         <name>.debug_info</name>
         <load_address>0xf4be</load_address>
         <run_address>0xf4be</run_address>
         <size>0x148</size>
         <input_file_ref idref="fl-d1"/>
      </object_component>
      <object_component id="oc-6e">
         <name>.debug_info</name>
         <load_address>0xf606</load_address>
         <run_address>0xf606</run_address>
         <size>0x109</size>
         <input_file_ref idref="fl-d2"/>
      </object_component>
      <object_component id="oc-eb">
         <name>.debug_info</name>
         <load_address>0xf70f</load_address>
         <run_address>0xf70f</run_address>
         <size>0x2be</size>
         <input_file_ref idref="fl-d3"/>
      </object_component>
      <object_component id="oc-ac">
         <name>.debug_info</name>
         <load_address>0xf9cd</load_address>
         <run_address>0xf9cd</run_address>
         <size>0x113</size>
         <input_file_ref idref="fl-d3"/>
      </object_component>
      <object_component id="oc-e4">
         <name>.debug_info</name>
         <load_address>0xfae0</load_address>
         <run_address>0xfae0</run_address>
         <size>0x21f</size>
         <input_file_ref idref="fl-d3"/>
      </object_component>
      <object_component id="oc-a7">
         <name>.debug_info</name>
         <load_address>0xfcff</load_address>
         <run_address>0xfcff</run_address>
         <size>0x300</size>
         <input_file_ref idref="fl-d4"/>
      </object_component>
      <object_component id="oc-62">
         <name>.debug_info</name>
         <load_address>0xffff</load_address>
         <run_address>0xffff</run_address>
         <size>0x167</size>
         <input_file_ref idref="fl-d4"/>
      </object_component>
      <object_component id="oc-dc">
         <name>.debug_info</name>
         <load_address>0x10166</load_address>
         <run_address>0x10166</run_address>
         <size>0x5e</size>
         <input_file_ref idref="fl-d4"/>
      </object_component>
      <object_component id="oc-9f">
         <name>.debug_info</name>
         <load_address>0x101c4</load_address>
         <run_address>0x101c4</run_address>
         <size>0x483</size>
         <input_file_ref idref="fl-d5"/>
      </object_component>
      <object_component id="oc-5e">
         <name>.debug_info</name>
         <load_address>0x10647</load_address>
         <run_address>0x10647</run_address>
         <size>0x190</size>
         <input_file_ref idref="fl-d5"/>
      </object_component>
      <object_component id="oc-c3">
         <name>.debug_info</name>
         <load_address>0x107d7</load_address>
         <run_address>0x107d7</run_address>
         <size>0x39</size>
         <input_file_ref idref="fl-d5"/>
      </object_component>
      <object_component id="oc-ff">
         <name>.debug_info</name>
         <load_address>0x10810</load_address>
         <run_address>0x10810</run_address>
         <size>0x39</size>
         <input_file_ref idref="fl-d5"/>
      </object_component>
      <object_component id="oc-c8">
         <name>.debug_info</name>
         <load_address>0x10849</load_address>
         <run_address>0x10849</run_address>
         <size>0xcd</size>
         <input_file_ref idref="fl-d5"/>
      </object_component>
      <object_component id="oc-bf">
         <name>.debug_info</name>
         <load_address>0x10916</load_address>
         <run_address>0x10916</run_address>
         <size>0x37a</size>
         <input_file_ref idref="fl-d6"/>
      </object_component>
      <object_component id="oc-95">
         <name>.debug_info</name>
         <load_address>0x10c90</load_address>
         <run_address>0x10c90</run_address>
         <size>0x183</size>
         <input_file_ref idref="fl-d6"/>
      </object_component>
      <object_component id="oc-fa">
         <name>.debug_info</name>
         <load_address>0x10e13</load_address>
         <run_address>0x10e13</run_address>
         <size>0x2c</size>
         <input_file_ref idref="fl-d6"/>
      </object_component>
      <object_component id="oc-9b">
         <name>.debug_info</name>
         <load_address>0x10e3f</load_address>
         <run_address>0x10e3f</run_address>
         <size>0x145</size>
         <input_file_ref idref="fl-d7"/>
      </object_component>
      <object_component id="oc-236">
         <name>.debug_info</name>
         <load_address>0x10f84</load_address>
         <run_address>0x10f84</run_address>
         <size>0xb0</size>
      </object_component>
      <object_component id="oc-1f8">
         <name>.debug_line</name>
         <load_address>0x0</load_address>
         <run_address>0x0</run_address>
         <size>0x3e</size>
         <input_file_ref idref="fl-2"/>
      </object_component>
      <object_component id="oc-19c">
         <name>.debug_line</name>
         <load_address>0x3e</load_address>
         <run_address>0x3e</run_address>
         <size>0x2f</size>
         <input_file_ref idref="fl-2"/>
      </object_component>
      <object_component id="oc-19f">
         <name>.debug_line</name>
         <load_address>0x6d</load_address>
         <run_address>0x6d</run_address>
         <size>0x33</size>
         <input_file_ref idref="fl-2"/>
      </object_component>
      <object_component id="oc-1a1">
         <name>.debug_line</name>
         <load_address>0xa0</load_address>
         <run_address>0xa0</run_address>
         <size>0x36</size>
         <input_file_ref idref="fl-2"/>
      </object_component>
      <object_component id="oc-1a3">
         <name>.debug_line</name>
         <load_address>0xd6</load_address>
         <run_address>0xd6</run_address>
         <size>0x30</size>
         <input_file_ref idref="fl-2"/>
      </object_component>
      <object_component id="oc-1a5">
         <name>.debug_line</name>
         <load_address>0x106</load_address>
         <run_address>0x106</run_address>
         <size>0x33</size>
         <input_file_ref idref="fl-2"/>
      </object_component>
      <object_component id="oc-19a">
         <name>.debug_line</name>
         <load_address>0x139</load_address>
         <run_address>0x139</run_address>
         <size>0x2c</size>
         <input_file_ref idref="fl-2"/>
      </object_component>
      <object_component id="oc-d7">
         <name>.debug_line</name>
         <load_address>0x165</load_address>
         <run_address>0x165</run_address>
         <size>0x12b</size>
         <input_file_ref idref="fl-2"/>
      </object_component>
      <object_component id="oc-148">
         <name>.debug_line</name>
         <load_address>0x290</load_address>
         <run_address>0x290</run_address>
         <size>0x2c</size>
         <input_file_ref idref="fl-2"/>
      </object_component>
      <object_component id="oc-16d">
         <name>.debug_line</name>
         <load_address>0x2bc</load_address>
         <run_address>0x2bc</run_address>
         <size>0x55</size>
         <input_file_ref idref="fl-2"/>
      </object_component>
      <object_component id="oc-168">
         <name>.debug_line</name>
         <load_address>0x311</load_address>
         <run_address>0x311</run_address>
         <size>0x52</size>
         <input_file_ref idref="fl-2"/>
      </object_component>
      <object_component id="oc-1be">
         <name>.debug_line</name>
         <load_address>0x363</load_address>
         <run_address>0x363</run_address>
         <size>0x6b</size>
         <input_file_ref idref="fl-2"/>
      </object_component>
      <object_component id="oc-35">
         <name>.debug_line</name>
         <load_address>0x3ce</load_address>
         <run_address>0x3ce</run_address>
         <size>0x20</size>
         <input_file_ref idref="fl-2"/>
      </object_component>
      <object_component id="oc-f6">
         <name>.debug_line</name>
         <load_address>0x3ee</load_address>
         <run_address>0x3ee</run_address>
         <size>0x65</size>
         <input_file_ref idref="fl-2"/>
      </object_component>
      <object_component id="oc-196">
         <name>.debug_line</name>
         <load_address>0x453</load_address>
         <run_address>0x453</run_address>
         <size>0x2f</size>
         <input_file_ref idref="fl-2"/>
      </object_component>
      <object_component id="oc-1ef">
         <name>.debug_line</name>
         <load_address>0x482</load_address>
         <run_address>0x482</run_address>
         <size>0x2f</size>
         <input_file_ref idref="fl-3"/>
      </object_component>
      <object_component id="oc-1e3">
         <name>.debug_line</name>
         <load_address>0x4b1</load_address>
         <run_address>0x4b1</run_address>
         <size>0x2f</size>
         <input_file_ref idref="fl-3"/>
      </object_component>
      <object_component id="oc-1ed">
         <name>.debug_line</name>
         <load_address>0x4e0</load_address>
         <run_address>0x4e0</run_address>
         <size>0x2f</size>
         <input_file_ref idref="fl-3"/>
      </object_component>
      <object_component id="oc-1df">
         <name>.debug_line</name>
         <load_address>0x50f</load_address>
         <run_address>0x50f</run_address>
         <size>0x2f</size>
         <input_file_ref idref="fl-3"/>
      </object_component>
      <object_component id="oc-1e1">
         <name>.debug_line</name>
         <load_address>0x53e</load_address>
         <run_address>0x53e</run_address>
         <size>0x2f</size>
         <input_file_ref idref="fl-3"/>
      </object_component>
      <object_component id="oc-1e5">
         <name>.debug_line</name>
         <load_address>0x56d</load_address>
         <run_address>0x56d</run_address>
         <size>0x2f</size>
         <input_file_ref idref="fl-3"/>
      </object_component>
      <object_component id="oc-1e7">
         <name>.debug_line</name>
         <load_address>0x59c</load_address>
         <run_address>0x59c</run_address>
         <size>0x2f</size>
         <input_file_ref idref="fl-3"/>
      </object_component>
      <object_component id="oc-1e9">
         <name>.debug_line</name>
         <load_address>0x5cb</load_address>
         <run_address>0x5cb</run_address>
         <size>0x2f</size>
         <input_file_ref idref="fl-3"/>
      </object_component>
      <object_component id="oc-1eb">
         <name>.debug_line</name>
         <load_address>0x5fa</load_address>
         <run_address>0x5fa</run_address>
         <size>0x2f</size>
         <input_file_ref idref="fl-3"/>
      </object_component>
      <object_component id="oc-1f6">
         <name>.debug_line</name>
         <load_address>0x629</load_address>
         <run_address>0x629</run_address>
         <size>0x2f</size>
         <input_file_ref idref="fl-3"/>
      </object_component>
      <object_component id="oc-12b">
         <name>.debug_line</name>
         <load_address>0x658</load_address>
         <run_address>0x658</run_address>
         <size>0x925</size>
         <input_file_ref idref="fl-3"/>
      </object_component>
      <object_component id="oc-1f3">
         <name>.debug_line</name>
         <load_address>0xf7d</load_address>
         <run_address>0xf7d</run_address>
         <size>0x64</size>
         <input_file_ref idref="fl-3"/>
      </object_component>
      <object_component id="oc-164">
         <name>.debug_line</name>
         <load_address>0xfe1</load_address>
         <run_address>0xfe1</run_address>
         <size>0x7b</size>
         <input_file_ref idref="fl-4"/>
      </object_component>
      <object_component id="oc-d2">
         <name>.debug_line</name>
         <load_address>0x105c</load_address>
         <run_address>0x105c</run_address>
         <size>0x9e</size>
         <input_file_ref idref="fl-4"/>
      </object_component>
      <object_component id="oc-124">
         <name>.debug_line</name>
         <load_address>0x10fa</load_address>
         <run_address>0x10fa</run_address>
         <size>0x20</size>
         <input_file_ref idref="fl-4"/>
      </object_component>
      <object_component id="oc-131">
         <name>.debug_line</name>
         <load_address>0x111a</load_address>
         <run_address>0x111a</run_address>
         <size>0x5c</size>
         <input_file_ref idref="fl-5"/>
      </object_component>
      <object_component id="oc-a5">
         <name>.debug_line</name>
         <load_address>0x1176</load_address>
         <run_address>0x1176</run_address>
         <size>0x48</size>
         <input_file_ref idref="fl-6"/>
      </object_component>
      <object_component id="oc-bb">
         <name>.debug_line</name>
         <load_address>0x11be</load_address>
         <run_address>0x11be</run_address>
         <size>0x40</size>
         <input_file_ref idref="fl-7"/>
      </object_component>
      <object_component id="oc-78">
         <name>.debug_line</name>
         <load_address>0x11fe</load_address>
         <run_address>0x11fe</run_address>
         <size>0x40</size>
         <input_file_ref idref="fl-7"/>
      </object_component>
      <object_component id="oc-74">
         <name>.debug_line</name>
         <load_address>0x123e</load_address>
         <run_address>0x123e</run_address>
         <size>0xa1</size>
         <input_file_ref idref="fl-7"/>
      </object_component>
      <object_component id="oc-14e">
         <name>.debug_line</name>
         <load_address>0x12df</load_address>
         <run_address>0x12df</run_address>
         <size>0x3b</size>
         <input_file_ref idref="fl-8"/>
      </object_component>
      <object_component id="oc-b6">
         <name>.debug_line</name>
         <load_address>0x131a</load_address>
         <run_address>0x131a</run_address>
         <size>0x146</size>
         <input_file_ref idref="fl-8"/>
      </object_component>
      <object_component id="oc-1ba">
         <name>.debug_line</name>
         <load_address>0x1460</load_address>
         <run_address>0x1460</run_address>
         <size>0x47</size>
         <input_file_ref idref="fl-f"/>
      </object_component>
      <object_component id="oc-1d4">
         <name>.debug_line</name>
         <load_address>0x14a7</load_address>
         <run_address>0x14a7</run_address>
         <size>0x5b</size>
         <input_file_ref idref="fl-f"/>
      </object_component>
      <object_component id="oc-15f">
         <name>.debug_line</name>
         <load_address>0x1502</load_address>
         <run_address>0x1502</run_address>
         <size>0x73</size>
         <input_file_ref idref="fl-f"/>
      </object_component>
      <object_component id="oc-119">
         <name>.debug_line</name>
         <load_address>0x1575</load_address>
         <run_address>0x1575</run_address>
         <size>0x3d</size>
         <input_file_ref idref="fl-f"/>
      </object_component>
      <object_component id="oc-113">
         <name>.debug_line</name>
         <load_address>0x15b2</load_address>
         <run_address>0x15b2</run_address>
         <size>0x3e</size>
         <input_file_ref idref="fl-f"/>
      </object_component>
      <object_component id="oc-1a9">
         <name>.debug_line</name>
         <load_address>0x15f0</load_address>
         <run_address>0x15f0</run_address>
         <size>0x59</size>
         <input_file_ref idref="fl-f"/>
      </object_component>
      <object_component id="oc-1fd">
         <name>.debug_line</name>
         <load_address>0x1649</load_address>
         <run_address>0x1649</run_address>
         <size>0x5e</size>
         <input_file_ref idref="fl-f"/>
      </object_component>
      <object_component id="oc-1af">
         <name>.debug_line</name>
         <load_address>0x16a7</load_address>
         <run_address>0x16a7</run_address>
         <size>0x8c</size>
         <input_file_ref idref="fl-f"/>
      </object_component>
      <object_component id="oc-1b5">
         <name>.debug_line</name>
         <load_address>0x1733</load_address>
         <run_address>0x1733</run_address>
         <size>0x3f</size>
         <input_file_ref idref="fl-f"/>
      </object_component>
      <object_component id="oc-152">
         <name>.debug_line</name>
         <load_address>0x1772</load_address>
         <run_address>0x1772</run_address>
         <size>0x7b</size>
         <input_file_ref idref="fl-f"/>
      </object_component>
      <object_component id="oc-107">
         <name>.debug_line</name>
         <load_address>0x17ed</load_address>
         <run_address>0x17ed</run_address>
         <size>0x41</size>
         <input_file_ref idref="fl-f"/>
      </object_component>
      <object_component id="oc-10d">
         <name>.debug_line</name>
         <load_address>0x182e</load_address>
         <run_address>0x182e</run_address>
         <size>0x41</size>
         <input_file_ref idref="fl-f"/>
      </object_component>
      <object_component id="oc-1c3">
         <name>.debug_line</name>
         <load_address>0x186f</load_address>
         <run_address>0x186f</run_address>
         <size>0x5e</size>
         <input_file_ref idref="fl-f"/>
      </object_component>
      <object_component id="oc-210">
         <name>.debug_line</name>
         <load_address>0x18cd</load_address>
         <run_address>0x18cd</run_address>
         <size>0x20</size>
         <input_file_ref idref="fl-11"/>
      </object_component>
      <object_component id="oc-201">
         <name>.debug_line</name>
         <load_address>0x18ed</load_address>
         <run_address>0x18ed</run_address>
         <size>0x58</size>
         <input_file_ref idref="fl-11"/>
      </object_component>
      <object_component id="oc-1c6">
         <name>.debug_line</name>
         <load_address>0x1945</load_address>
         <run_address>0x1945</run_address>
         <size>0x41</size>
         <input_file_ref idref="fl-11"/>
      </object_component>
      <object_component id="oc-1d8">
         <name>.debug_line</name>
         <load_address>0x1986</load_address>
         <run_address>0x1986</run_address>
         <size>0x41</size>
         <input_file_ref idref="fl-11"/>
      </object_component>
      <object_component id="oc-1cc">
         <name>.debug_line</name>
         <load_address>0x19c7</load_address>
         <run_address>0x19c7</run_address>
         <size>0x41</size>
         <input_file_ref idref="fl-11"/>
      </object_component>
      <object_component id="oc-24">
         <name>.debug_line</name>
         <load_address>0x1a08</load_address>
         <run_address>0x1a08</run_address>
         <size>0x53</size>
         <input_file_ref idref="fl-c9"/>
      </object_component>
      <object_component id="oc-bd">
         <name>.debug_line</name>
         <load_address>0x1a5b</load_address>
         <run_address>0x1a5b</run_address>
         <size>0x20</size>
         <input_file_ref idref="fl-ca"/>
      </object_component>
      <object_component id="oc-14">
         <name>.debug_line</name>
         <load_address>0x1a7b</load_address>
         <run_address>0x1a7b</run_address>
         <size>0xa9</size>
         <input_file_ref idref="fl-ca"/>
      </object_component>
      <object_component id="oc-30">
         <name>.debug_line</name>
         <load_address>0x1b24</load_address>
         <run_address>0x1b24</run_address>
         <size>0x3a</size>
         <input_file_ref idref="fl-ca"/>
      </object_component>
      <object_component id="oc-7d">
         <name>.debug_line</name>
         <load_address>0x1b5e</load_address>
         <run_address>0x1b5e</run_address>
         <size>0x8a</size>
         <input_file_ref idref="fl-ca"/>
      </object_component>
      <object_component id="oc-87">
         <name>.debug_line</name>
         <load_address>0x1be8</load_address>
         <run_address>0x1be8</run_address>
         <size>0x8a</size>
         <input_file_ref idref="fl-cb"/>
      </object_component>
      <object_component id="oc-17">
         <name>.debug_line</name>
         <load_address>0x1c72</load_address>
         <run_address>0x1c72</run_address>
         <size>0x55</size>
         <input_file_ref idref="fl-cb"/>
      </object_component>
      <object_component id="oc-40">
         <name>.debug_line</name>
         <load_address>0x1cc7</load_address>
         <run_address>0x1cc7</run_address>
         <size>0x3a</size>
         <input_file_ref idref="fl-cb"/>
      </object_component>
      <object_component id="oc-84">
         <name>.debug_line</name>
         <load_address>0x1d01</load_address>
         <run_address>0x1d01</run_address>
         <size>0x8a</size>
         <input_file_ref idref="fl-cb"/>
      </object_component>
      <object_component id="oc-8f">
         <name>.debug_line</name>
         <load_address>0x1d8b</load_address>
         <run_address>0x1d8b</run_address>
         <size>0x8a</size>
         <input_file_ref idref="fl-cc"/>
      </object_component>
      <object_component id="oc-1d">
         <name>.debug_line</name>
         <load_address>0x1e15</load_address>
         <run_address>0x1e15</run_address>
         <size>0x4f</size>
         <input_file_ref idref="fl-cc"/>
      </object_component>
      <object_component id="oc-4c">
         <name>.debug_line</name>
         <load_address>0x1e64</load_address>
         <run_address>0x1e64</run_address>
         <size>0x34</size>
         <input_file_ref idref="fl-cc"/>
      </object_component>
      <object_component id="oc-8c">
         <name>.debug_line</name>
         <load_address>0x1e98</load_address>
         <run_address>0x1e98</run_address>
         <size>0x8a</size>
         <input_file_ref idref="fl-cc"/>
      </object_component>
      <object_component id="oc-ee">
         <name>.debug_line</name>
         <load_address>0x1f22</load_address>
         <run_address>0x1f22</run_address>
         <size>0xf2</size>
         <input_file_ref idref="fl-cd"/>
      </object_component>
      <object_component id="oc-e2">
         <name>.debug_line</name>
         <load_address>0x2014</load_address>
         <run_address>0x2014</run_address>
         <size>0x2a</size>
         <input_file_ref idref="fl-cd"/>
      </object_component>
      <object_component id="oc-6b">
         <name>.debug_line</name>
         <load_address>0x203e</load_address>
         <run_address>0x203e</run_address>
         <size>0x86</size>
         <input_file_ref idref="fl-cd"/>
      </object_component>
      <object_component id="oc-3b">
         <name>.debug_line</name>
         <load_address>0x20c4</load_address>
         <run_address>0x20c4</run_address>
         <size>0x88</size>
         <input_file_ref idref="fl-ce"/>
      </object_component>
      <object_component id="oc-45">
         <name>.debug_line</name>
         <load_address>0x214c</load_address>
         <run_address>0x214c</run_address>
         <size>0x79</size>
         <input_file_ref idref="fl-cf"/>
      </object_component>
      <object_component id="oc-53">
         <name>.debug_line</name>
         <load_address>0x21c5</load_address>
         <run_address>0x21c5</run_address>
         <size>0x3d</size>
         <input_file_ref idref="fl-d0"/>
      </object_component>
      <object_component id="oc-59">
         <name>.debug_line</name>
         <load_address>0x2202</load_address>
         <run_address>0x2202</run_address>
         <size>0x40</size>
         <input_file_ref idref="fl-d1"/>
      </object_component>
      <object_component id="oc-b2">
         <name>.debug_line</name>
         <load_address>0x2242</load_address>
         <run_address>0x2242</run_address>
         <size>0x33</size>
         <input_file_ref idref="fl-d2"/>
      </object_component>
      <object_component id="oc-14c">
         <name>.debug_line</name>
         <load_address>0x2275</load_address>
         <run_address>0x2275</run_address>
         <size>0x20</size>
         <input_file_ref idref="fl-d3"/>
      </object_component>
      <object_component id="oc-ea">
         <name>.debug_line</name>
         <load_address>0x2295</load_address>
         <run_address>0x2295</run_address>
         <size>0x2b</size>
         <input_file_ref idref="fl-d3"/>
      </object_component>
      <object_component id="oc-e8">
         <name>.debug_line</name>
         <load_address>0x22c0</load_address>
         <run_address>0x22c0</run_address>
         <size>0x68</size>
         <input_file_ref idref="fl-d3"/>
      </object_component>
      <object_component id="oc-db">
         <name>.debug_line</name>
         <load_address>0x2328</load_address>
         <run_address>0x2328</run_address>
         <size>0x2b</size>
         <input_file_ref idref="fl-d4"/>
      </object_component>
      <object_component id="oc-66">
         <name>.debug_line</name>
         <load_address>0x2353</load_address>
         <run_address>0x2353</run_address>
         <size>0x4a</size>
         <input_file_ref idref="fl-d4"/>
      </object_component>
      <object_component id="oc-df">
         <name>.debug_line</name>
         <load_address>0x239d</load_address>
         <run_address>0x239d</run_address>
         <size>0x2b</size>
         <input_file_ref idref="fl-d4"/>
      </object_component>
      <object_component id="oc-c2">
         <name>.debug_line</name>
         <load_address>0x23c8</load_address>
         <run_address>0x23c8</run_address>
         <size>0xa9</size>
         <input_file_ref idref="fl-d5"/>
      </object_component>
      <object_component id="oc-5d">
         <name>.debug_line</name>
         <load_address>0x2471</load_address>
         <run_address>0x2471</run_address>
         <size>0x8b</size>
         <input_file_ref idref="fl-d5"/>
      </object_component>
      <object_component id="oc-c6">
         <name>.debug_line</name>
         <load_address>0x24fc</load_address>
         <run_address>0x24fc</run_address>
         <size>0x2e</size>
         <input_file_ref idref="fl-d5"/>
      </object_component>
      <object_component id="oc-102">
         <name>.debug_line</name>
         <load_address>0x252a</load_address>
         <run_address>0x252a</run_address>
         <size>0x8a</size>
         <input_file_ref idref="fl-d5"/>
      </object_component>
      <object_component id="oc-cb">
         <name>.debug_line</name>
         <load_address>0x25b4</load_address>
         <run_address>0x25b4</run_address>
         <size>0x8b</size>
         <input_file_ref idref="fl-d5"/>
      </object_component>
      <object_component id="oc-f9">
         <name>.debug_line</name>
         <load_address>0x263f</load_address>
         <run_address>0x263f</run_address>
         <size>0x98</size>
         <input_file_ref idref="fl-d6"/>
      </object_component>
      <object_component id="oc-94">
         <name>.debug_line</name>
         <load_address>0x26d7</load_address>
         <run_address>0x26d7</run_address>
         <size>0x68</size>
         <input_file_ref idref="fl-d6"/>
      </object_component>
      <object_component id="oc-fd">
         <name>.debug_line</name>
         <load_address>0x273f</load_address>
         <run_address>0x273f</run_address>
         <size>0x2e</size>
         <input_file_ref idref="fl-d6"/>
      </object_component>
      <object_component id="oc-99">
         <name>.debug_line</name>
         <load_address>0x276d</load_address>
         <run_address>0x276d</run_address>
         <size>0x3c</size>
         <input_file_ref idref="fl-d7"/>
      </object_component>
      <object_component id="oc-d8">
         <name>.debug_frame</name>
         <load_address>0x0</load_address>
         <run_address>0x0</run_address>
         <size>0xc4</size>
         <input_file_ref idref="fl-2"/>
      </object_component>
      <object_component id="oc-12a">
         <name>.debug_frame</name>
         <load_address>0xc4</load_address>
         <run_address>0xc4</run_address>
         <size>0x544</size>
         <input_file_ref idref="fl-3"/>
      </object_component>
      <object_component id="oc-d1">
         <name>.debug_frame</name>
         <load_address>0x608</load_address>
         <run_address>0x608</run_address>
         <size>0x98</size>
         <input_file_ref idref="fl-4"/>
      </object_component>
      <object_component id="oc-12d">
         <name>.debug_frame</name>
         <load_address>0x6a0</load_address>
         <run_address>0x6a0</run_address>
         <size>0x70</size>
         <input_file_ref idref="fl-5"/>
      </object_component>
      <object_component id="oc-a4">
         <name>.debug_frame</name>
         <load_address>0x710</load_address>
         <run_address>0x710</run_address>
         <size>0x58</size>
         <input_file_ref idref="fl-6"/>
      </object_component>
      <object_component id="oc-73">
         <name>.debug_frame</name>
         <load_address>0x768</load_address>
         <run_address>0x768</run_address>
         <size>0x94</size>
         <input_file_ref idref="fl-7"/>
      </object_component>
      <object_component id="oc-b5">
         <name>.debug_frame</name>
         <load_address>0x7fc</load_address>
         <run_address>0x7fc</run_address>
         <size>0x70</size>
         <input_file_ref idref="fl-8"/>
      </object_component>
      <object_component id="oc-1d2">
         <name>.debug_frame</name>
         <load_address>0xc84</load_address>
         <run_address>0xc84</run_address>
         <size>0x83</size>
         <input_file_ref idref="fl-f"/>
      </object_component>
      <object_component id="oc-15d">
         <name>.debug_frame</name>
         <load_address>0xd07</load_address>
         <run_address>0xd07</run_address>
         <size>0x92</size>
         <input_file_ref idref="fl-f"/>
      </object_component>
      <object_component id="oc-117">
         <name>.debug_frame</name>
         <load_address>0xd99</load_address>
         <run_address>0xd99</run_address>
         <size>0x7f</size>
         <input_file_ref idref="fl-f"/>
      </object_component>
      <object_component id="oc-111">
         <name>.debug_frame</name>
         <load_address>0xe18</load_address>
         <run_address>0xe18</run_address>
         <size>0x7f</size>
         <input_file_ref idref="fl-f"/>
      </object_component>
      <object_component id="oc-1a7">
         <name>.debug_frame</name>
         <load_address>0xe97</load_address>
         <run_address>0xe97</run_address>
         <size>0x8d</size>
         <input_file_ref idref="fl-f"/>
      </object_component>
      <object_component id="oc-1fb">
         <name>.debug_frame</name>
         <load_address>0xf24</load_address>
         <run_address>0xf24</run_address>
         <size>0x8b</size>
         <input_file_ref idref="fl-f"/>
      </object_component>
      <object_component id="oc-1ad">
         <name>.debug_frame</name>
         <load_address>0xfaf</load_address>
         <run_address>0xfaf</run_address>
         <size>0x93</size>
         <input_file_ref idref="fl-f"/>
      </object_component>
      <object_component id="oc-1b3">
         <name>.debug_frame</name>
         <load_address>0x1042</load_address>
         <run_address>0x1042</run_address>
         <size>0x7f</size>
         <input_file_ref idref="fl-f"/>
      </object_component>
      <object_component id="oc-150">
         <name>.debug_frame</name>
         <load_address>0x10c1</load_address>
         <run_address>0x10c1</run_address>
         <size>0x8a</size>
         <input_file_ref idref="fl-f"/>
      </object_component>
      <object_component id="oc-105">
         <name>.debug_frame</name>
         <load_address>0x114b</load_address>
         <run_address>0x114b</run_address>
         <size>0x7f</size>
         <input_file_ref idref="fl-f"/>
      </object_component>
      <object_component id="oc-10b">
         <name>.debug_frame</name>
         <load_address>0x11ca</load_address>
         <run_address>0x11ca</run_address>
         <size>0x7f</size>
         <input_file_ref idref="fl-f"/>
      </object_component>
      <object_component id="oc-203">
         <name>.debug_frame</name>
         <load_address>0x1249</load_address>
         <run_address>0x1249</run_address>
         <size>0x8a</size>
         <input_file_ref idref="fl-11"/>
      </object_component>
      <object_component id="oc-1c8">
         <name>.debug_frame</name>
         <load_address>0x12d3</load_address>
         <run_address>0x12d3</run_address>
         <size>0x7f</size>
         <input_file_ref idref="fl-11"/>
      </object_component>
      <object_component id="oc-1da">
         <name>.debug_frame</name>
         <load_address>0x1352</load_address>
         <run_address>0x1352</run_address>
         <size>0x7f</size>
         <input_file_ref idref="fl-11"/>
      </object_component>
      <object_component id="oc-1ce">
         <name>.debug_frame</name>
         <load_address>0x13d1</load_address>
         <run_address>0x13d1</run_address>
         <size>0x7f</size>
         <input_file_ref idref="fl-11"/>
      </object_component>
      <object_component id="oc-15">
         <name>.debug_frame</name>
         <load_address>0x86c</load_address>
         <run_address>0x86c</run_address>
         <size>0x60</size>
         <input_file_ref idref="fl-ca"/>
      </object_component>
      <object_component id="oc-1b">
         <name>.debug_frame</name>
         <load_address>0x8cc</load_address>
         <run_address>0x8cc</run_address>
         <size>0x54</size>
         <input_file_ref idref="fl-cb"/>
      </object_component>
      <object_component id="oc-21">
         <name>.debug_frame</name>
         <load_address>0x920</load_address>
         <run_address>0x920</run_address>
         <size>0x54</size>
         <input_file_ref idref="fl-cc"/>
      </object_component>
      <object_component id="oc-6c">
         <name>.debug_frame</name>
         <load_address>0x974</load_address>
         <run_address>0x974</run_address>
         <size>0x88</size>
         <input_file_ref idref="fl-cd"/>
      </object_component>
      <object_component id="oc-54">
         <name>.debug_frame</name>
         <load_address>0x9fc</load_address>
         <run_address>0x9fc</run_address>
         <size>0x54</size>
         <input_file_ref idref="fl-d0"/>
      </object_component>
      <object_component id="oc-5a">
         <name>.debug_frame</name>
         <load_address>0xa50</load_address>
         <run_address>0xa50</run_address>
         <size>0x54</size>
         <input_file_ref idref="fl-d1"/>
      </object_component>
      <object_component id="oc-e7">
         <name>.debug_frame</name>
         <load_address>0xaa4</load_address>
         <run_address>0xaa4</run_address>
         <size>0x7c</size>
         <input_file_ref idref="fl-d3"/>
      </object_component>
      <object_component id="oc-65">
         <name>.debug_frame</name>
         <load_address>0xb20</load_address>
         <run_address>0xb20</run_address>
         <size>0x54</size>
         <input_file_ref idref="fl-d4"/>
      </object_component>
      <object_component id="oc-5c">
         <name>.debug_frame</name>
         <load_address>0xb74</load_address>
         <run_address>0xb74</run_address>
         <size>0x5c</size>
         <input_file_ref idref="fl-d5"/>
      </object_component>
      <object_component id="oc-93">
         <name>.debug_frame</name>
         <load_address>0xbd0</load_address>
         <run_address>0xbd0</run_address>
         <size>0x60</size>
         <input_file_ref idref="fl-d6"/>
      </object_component>
      <object_component id="oc-9a">
         <name>.debug_frame</name>
         <load_address>0xc30</load_address>
         <run_address>0xc30</run_address>
         <size>0x54</size>
         <input_file_ref idref="fl-d7"/>
      </object_component>
      <object_component id="oc-1f7">
         <name>.debug_abbrev</name>
         <load_address>0x0</load_address>
         <run_address>0x0</run_address>
         <size>0xd9</size>
         <input_file_ref idref="fl-2"/>
      </object_component>
      <object_component id="oc-19b">
         <name>.debug_abbrev</name>
         <load_address>0xd9</load_address>
         <run_address>0xd9</run_address>
         <size>0x29</size>
         <input_file_ref idref="fl-2"/>
      </object_component>
      <object_component id="oc-19e">
         <name>.debug_abbrev</name>
         <load_address>0x102</load_address>
         <run_address>0x102</run_address>
         <size>0x29</size>
         <input_file_ref idref="fl-2"/>
      </object_component>
      <object_component id="oc-1a0">
         <name>.debug_abbrev</name>
[...]
      </symbol>
      <symbol id="sm-a">
         <name>__c_args__</name>
         <value>0xffffffff</value>
      </symbol>
      <symbol id="sm-b">
         <name>__TI_pprof_out_hndl</name>
         <value>0xffffffff</value>
      </symbol>
      <symbol id="sm-c">
         <name>__TI_prof_data_start</name>
         <value>0xffffffff</value>
      </symbol>
      <symbol id="sm-d">
         <name>__TI_prof_data_size</name>
         <value>0xffffffff</value>
      </symbol>
      <symbol id="sm-a7">
         <name>partlysunny</name>
         <value>0x5140</value>
         <object_component_ref idref="oc-13b"/>
      </symbol>
      <symbol id="sm-a8">
         <name>num_to_menu_item</name>
         <value>0xe545</value>
         <object_component_ref idref="oc-d3"/>
      </symbol>
      <symbol id="sm-a9">
         <name>highlight_text_color</name>
         <value>0x20000024</value>
         <object_component_ref idref="oc-132"/>
      </symbol>
      <symbol id="sm-aa">
         <name>twilight</name>
         <value>0xa140</value>
         <object_component_ref idref="oc-141"/>
      </symbol>
      <symbol id="sm-ab">
         <name>print_current_status_pic</name>
         <value>0xe5f3</value>
         <object_component_ref idref="oc-d3"/>
      </symbol>
      <symbol id="sm-ac">
         <name>LCD_Rotation</name>
         <value>0x20000028</value>
         <object_component_ref idref="oc-132"/>
      </symbol>
      <symbol id="sm-ad">
         <name>overcast</name>
         <value>0x2940</value>
         <object_component_ref idref="oc-138"/>
      </symbol>
      <symbol id="sm-ae">
         <name>menu_text_color</name>
         <value>0x20000022</value>
         <object_component_ref idref="oc-132"/>
      </symbol>
      <symbol id="sm-af">
         <name>LCD_init</name>
         <value>0xe593</value>
         <object_component_ref idref="oc-d3"/>
      </symbol>
      <symbol id="sm-b0">
         <name>sunny</name>
         <value>0x7940</value>
         <object_component_ref idref="oc-13e"/>
      </symbol>
      <symbol id="sm-b1">
         <name>create_data_display</name>
         <value>0xe725</value>
         <object_component_ref idref="oc-d3"/>
      </symbol>
      <symbol id="sm-b2">
         <name>grid_color</name>
         <value>0x20000020</value>
         <object_component_ref idref="oc-132"/>
      </symbol>
      <symbol id="sm-b3">
         <name>num_to_enum</name>
         <value>0xe5a5</value>
         <object_component_ref idref="oc-d3"/>
      </symbol>
      <symbol id="sm-b4">
         <name>dark</name>
         <value>0x140</value>
         <object_component_ref idref="oc-135"/>
      </symbol>
      <symbol id="sm-20b">
         <name>Message</name>
         <value>0x2000003c</value>
      </symbol>
      <symbol id="sm-20c">
         <name>Messageindex</name>
         <value>0x20000050</value>
      </symbol>
      <symbol id="sm-20d">
         <name>Ymax</name>
         <value>0x2000005c</value>
      </symbol>
      <symbol id="sm-20e">
         <name>Ymin</name>
         <value>0x20000060</value>
      </symbol>
      <symbol id="sm-20f">
         <name>X</name>
         <value>0x20000058</value>
      </symbol>
      <symbol id="sm-210">
         <name>Yrange</name>
         <value>0x20000064</value>
      </symbol>
      <symbol id="sm-211">
         <name>Output_On</name>
         <value>0xe4f5</value>
         <object_component_ref idref="oc-126"/>
      </symbol>
      <symbol id="sm-212">
         <name>ST7735_InitR</name>
         <value>0xd349</value>
         <object_component_ref idref="oc-126"/>
      </symbol>
      <symbol id="sm-213">
         <name>ST7735_InitB</name>
         <value>0xd329</value>
         <object_component_ref idref="oc-126"/>
      </symbol>
      <symbol id="sm-214">
         <name>Output_Clear</name>
         <value>0xe4e3</value>
         <object_component_ref idref="oc-126"/>
      </symbol>
      <symbol id="sm-215">
         <name>Delay1ms</name>
         <value>0xd19b</value>
         <object_component_ref idref="oc-126"/>
      </symbol>
      <symbol id="sm-216">
         <name>ST7735_PlotBar</name>
         <value>0xe2c5</value>
         <object_component_ref idref="oc-126"/>
      </symbol>
      <symbol id="sm-217">
         <name>ST7735_Color565</name>
         <value>0xd77d</value>
         <object_component_ref idref="oc-126"/>
      </symbol>
      <symbol id="sm-218">
         <name>ST7735_DrawFastVLine</name>
         <value>0xd4b7</value>
         <object_component_ref idref="oc-126"/>
      </symbol>
      <symbol id="sm-219">
         <name>ST7735_DrawChar</name>
         <value>0xdb55</value>
         <object_component_ref idref="oc-126"/>
      </symbol>
      <symbol id="sm-21a">
         <name>ST7735_PlotPoints</name>
         <value>0xe1ef</value>
         <object_component_ref idref="oc-126"/>
      </symbol>
      <symbol id="sm-21b">
         <name>Output_Init</name>
         <value>0xe4d3</value>
         <object_component_ref idref="oc-126"/>
      </symbol>
      <symbol id="sm-21c">
         <name>ST7735_PlotNext</name>
         <value>0xe365</value>
         <object_component_ref idref="oc-126"/>
      </symbol>
      <symbol id="sm-21d">
         <name>Output_Off</name>
         <value>0xe4ed</value>
         <object_component_ref idref="oc-126"/>
      </symbol>
      <symbol id="sm-21e">
         <name>ST7735_OutChar</name>
         <value>0xe3b9</value>
         <object_component_ref idref="oc-126"/>
      </symbol>
      <symbol id="sm-21f">
         <name>ST7735_SetTextColor</name>
         <value>0xe493</value>
         <object_component_ref idref="oc-126"/>
      </symbol>
      <symbol id="sm-220">
         <name>ST7735_DrawCharS</name>
         <value>0xd9df</value>
         <object_component_ref idref="oc-126"/>
      </symbol>
      <symbol id="sm-221">
         <name>Output_Color</name>
         <value>0xe4fd</value>
         <object_component_ref idref="oc-126"/>
      </symbol>
      <symbol id="sm-222">
         <name>ST7735_FillScreen</name>
         <value>0xd62d</value>
         <object_component_ref idref="oc-126"/>
      </symbol>
      <symbol id="sm-223">
         <name>ferror</name>
         <value>0xe4c5</value>
         <object_component_ref idref="oc-126"/>
      </symbol>
      <symbol id="sm-224">
         <name>ST7735_PlotdBfs</name>
         <value>0xe31b</value>
         <object_component_ref idref="oc-126"/>
      </symbol>
      <symbol id="sm-225">
         <name>ST7735_SetCursor</name>
         <value>0xde0f</value>
         <object_component_ref idref="oc-126"/>
      </symbol>
      <symbol id="sm-226">
         <name>StTextColor</name>
         <value>0x20000008</value>
         <object_component_ref idref="oc-175"/>
      </symbol>
      <symbol id="sm-227">
         <name>ST7735_OutUDec</name>
         <value>0xde3d</value>
         <object_component_ref idref="oc-126"/>
      </symbol>
      <symbol id="sm-228">
         <name>fillmessage</name>
         <value>0xddcd</value>
         <object_component_ref idref="oc-126"/>
      </symbol>
      <symbol id="sm-229">
         <name>ST7735_DrawPixel</name>
         <value>0xd45d</value>
         <object_component_ref idref="oc-126"/>
      </symbol>
      <symbol id="sm-22a">
         <name>parrotdelay</name>
         <value>0xd18d</value>
         <object_component_ref idref="oc-126"/>
      </symbol>
      <symbol id="sm-22b">
         <name>StY</name>
         <value>0x20000004</value>
         <object_component_ref idref="oc-175"/>
      </symbol>
      <symbol id="sm-22c">
         <name>StX</name>
         <value>0x20000000</value>
         <object_component_ref idref="oc-175"/>
      </symbol>
      <symbol id="sm-22d">
         <name>lastj</name>
         <value>0x20000010</value>
         <object_component_ref idref="oc-175"/>
      </symbol>
      <symbol id="sm-22e">
         <name>ST7735_PlotClear</name>
         <value>0xdf93</value>
         <object_component_ref idref="oc-126"/>
      </symbol>
      <symbol id="sm-22f">
         <name>ST7735_PlotNextErase</name>
         <value>0xe37f</value>
         <object_component_ref idref="oc-126"/>
      </symbol>
      <symbol id="sm-230">
         <name>ST7735_DrawBitmap</name>
         <value>0xd7e1</value>
         <object_component_ref idref="oc-126"/>
      </symbol>
      <symbol id="sm-231">
         <name>ST7735_DrawString2</name>
         <value>0xdd4d</value>
         <object_component_ref idref="oc-126"/>
      </symbol>
      <symbol id="sm-232">
         <name>dBfs</name>
         <value>0xce3b</value>
         <object_component_ref idref="oc-18f"/>
      </symbol>
      <symbol id="sm-233">
         <name>ST7735_SetRotation</name>
         <value>0xdeb1</value>
         <object_component_ref idref="oc-126"/>
      </symbol>
      <symbol id="sm-234">
         <name>ST7735_SwapColor</name>
         <value>0xd7b1</value>
         <object_component_ref idref="oc-126"/>
      </symbol>
      <symbol id="sm-235">
         <name>ST7735_PlotLine</name>
         <value>0xe0b5</value>
         <object_component_ref idref="oc-126"/>
      </symbol>
      <symbol id="sm-236">
         <name>ST7735_DrawString</name>
         <value>0xdcc7</value>
         <object_component_ref idref="oc-126"/>
      </symbol>
      <symbol id="sm-237">
         <name>ST7735_FillRect</name>
         <value>0xd671</value>
         <object_component_ref idref="oc-126"/>
      </symbol>
      <symbol id="sm-238">
         <name>ST7735_PlotPoint</name>
         <value>0xdfef</value>
         <object_component_ref idref="oc-126"/>
      </symbol>
      <symbol id="sm-239">
         <name>fputc</name>
         <value>0xe4a7</value>
         <object_component_ref idref="oc-126"/>
      </symbol>
      <symbol id="sm-23a">
         <name>fgetc</name>
         <value>0xe4b9</value>
         <object_component_ref idref="oc-126"/>
      </symbol>
      <symbol id="sm-23b">
         <name>ST7735_InvertDisplay</name>
         <value>0xdf7b</value>
         <object_component_ref idref="oc-126"/>
      </symbol>
      <symbol id="sm-23c">
         <name>ST7735_DrawFastHLine</name>
         <value>0xd575</value>
         <object_component_ref idref="oc-126"/>
      </symbol>
      <symbol id="sm-23d">
         <name>ST7735_OutString</name>
         <value>0xe475</value>
         <object_component_ref idref="oc-126"/>
      </symbol>
      <symbol id="sm-25b">
         <name>MCLKfreq</name>
         <value>0x2000004c</value>
      </symbol>
      <symbol id="sm-25c">
         <name>SMCLKfreq</name>
         <value>0x20000054</value>
      </symbol>
      <symbol id="sm-25d">
         <name>clockInit48MHzXTL</name>
         <value>0xed1b</value>
         <object_component_ref idref="oc-cd"/>
      </symbol>
      <symbol id="sm-25e">
         <name>getSMCLKfreq</name>
         <value>0xecdb</value>
         <object_component_ref idref="oc-cd"/>
      </symbol>
      <symbol id="sm-25f">
         <name>clockStartUp</name>
         <value>0xece1</value>
         <object_component_ref idref="oc-cd"/>
      </symbol>
      <symbol id="sm-260">
         <name>getMCLKfreq</name>
         <value>0xecd5</value>
         <object_component_ref idref="oc-cd"/>
      </symbol>
      <symbol id="sm-26b">
         <name>OneMsDelay</name>
         <value>0xf335</value>
         <object_component_ref idref="oc-12c"/>
      </symbol>
      <symbol id="sm-26c">
         <name>TenMsDelay</name>
         <value>0xf33f</value>
         <object_component_ref idref="oc-12c"/>
      </symbol>
      <symbol id="sm-279">
         <name>main</name>
         <value>0xf351</value>
         <object_component_ref idref="oc-a0"/>
      </symbol>
      <symbol id="sm-296">
         <name>interruptVectors</name>
         <value>0x0</value>
         <object_component_ref idref="oc-28"/>
      </symbol>
      <symbol id="sm-2dd">
         <name>SystemInit</name>
         <value>0xeb1d</value>
         <object_component_ref idref="oc-b3"/>
      </symbol>
      <symbol id="sm-2de">
         <name>SystemCoreClockUpdate</name>
         <value>0xe8a9</value>
         <object_component_ref idref="oc-b3"/>
      </symbol>
      <symbol id="sm-2df">
         <name>SystemCoreClock</name>
         <value>0x20000038</value>
         <object_component_ref idref="oc-ef"/>
      </symbol>
      <symbol id="sm-398">
         <name>CS_getMCLK</name>
         <value>0xf36d</value>
         <object_component_ref idref="oc-10a"/>
      </symbol>
      <symbol id="sm-399">
         <name>CS_clearInterruptFlag</name>
         <value>0xf311</value>
         <object_component_ref idref="oc-1b2"/>
      </symbol>
      <symbol id="sm-39a">
         <name>CS_startHFXT</name>
         <value>0xf439</value>
         <object_component_ref idref="oc-116"/>
      </symbol>
      <symbol id="sm-39b">
         <name>CS_getDCOFrequency</name>
         <value>0xebd1</value>
         <object_component_ref idref="oc-1ac"/>
      </symbol>
      <symbol id="sm-39c">
         <name>CS_setExternalClockSourceFrequency</name>
         <value>0xf3b5</value>
         <object_component_ref idref="oc-110"/>
      </symbol>
      <symbol id="sm-39d">
         <name>CS_getSMCLK</name>
         <value>0xf385</value>
         <object_component_ref idref="oc-104"/>
      </symbol>
      <symbol id="sm-39e">
         <name>CS_startHFXTWithTimeout</name>
         <value>0xeda1</value>
         <object_component_ref idref="oc-15c"/>
      </symbol>
      <symbol id="sm-3d2">
         <name>SysCtl_getNMISourceStatus</name>
         <value>0xf421</value>
         <object_component_ref idref="oc-1c5"/>
      </symbol>
      <symbol id="sm-3d3">
         <name>SysCtl_enableNMISource</name>
         <value>0xf401</value>
         <object_component_ref idref="oc-1d7"/>
      </symbol>
      <symbol id="sm-3d4">
         <name>SysCtl_disableNMISource</name>
         <value>0xf3f1</value>
         <object_component_ref idref="oc-1cb"/>
      </symbol>
      <symbol id="sm-3d5">
         <name>SysCtl_getTLVInfo</name>
         <value>0xf1e1</value>
         <object_component_ref idref="oc-200"/>
      </symbol>
      <symbol id="sm-3e8">
         <name>_c_int00</name>
         <value>0xf139</value>
         <object_component_ref idref="oc-22"/>
      </symbol>
      <symbol id="sm-3e9">
         <name>__stack</name>
         <value>0x2000fe00</value>
         <object_component_ref idref="oc-2b"/>
      </symbol>
      <symbol id="sm-407">
         <name>__TI_decompress_lzss</name>
         <value>0xf0d1</value>
         <object_component_ref idref="oc-10"/>
      </symbol>
      <symbol id="sm-41e">
         <name>__TI_decompress_none</name>
         <value>0xf411</value>
         <object_component_ref idref="oc-16"/>
      </symbol>
      <symbol id="sm-435">
         <name>__TI_zero_init</name>
         <value>0xf42d</value>
         <object_component_ref idref="oc-1c"/>
      </symbol>
      <symbol id="sm-456">
         <name>C$$EXIT</name>
         <value>0xf18d</value>
         <object_component_ref idref="oc-67"/>
      </symbol>
      <symbol id="sm-457">
         <name>abort</name>
         <value>0xf191</value>
         <object_component_ref idref="oc-67"/>
      </symbol>
      <symbol id="sm-458">
         <name>exit</name>
         <value>0xf199</value>
         <object_component_ref idref="oc-67"/>
      </symbol>
      <symbol id="sm-459">
         <name>__TI_dtors_ptr</name>
         <value>0x20000018</value>
         <object_component_ref idref="oc-a8"/>
      </symbol>
      <symbol id="sm-45a">
         <name>__TI_cleanup_ptr</name>
         <value>0x20000014</value>
         <object_component_ref idref="oc-a8"/>
      </symbol>
      <symbol id="sm-45b">
         <name>__TI_enable_exit_profile_output</name>
         <value>0x2000001c</value>
         <object_component_ref idref="oc-a8"/>
      </symbol>
      <symbol id="sm-476">
         <name>memcpy</name>
         <value>0xeed9</value>
         <object_component_ref idref="oc-37"/>
      </symbol>
      <symbol id="sm-477">
         <name>__aeabi_memcpy</name>
         <value>0xeed9</value>
         <object_component_ref idref="oc-37"/>
      </symbol>
      <symbol id="sm-478">
         <name>__aeabi_memcpy8</name>
         <value>0xeed9</value>
         <object_component_ref idref="oc-37"/>
      </symbol>
      <symbol id="sm-479">
         <name>__aeabi_memcpy4</name>
         <value>0xeed9</value>
         <object_component_ref idref="oc-37"/>
      </symbol>
      <symbol id="sm-488">
         <name>__aeabi_memset</name>
         <value>0xef77</value>
         <object_component_ref idref="oc-43"/>
      </symbol>
      <symbol id="sm-489">
         <name>memset</name>
         <value>0xef7d</value>
         <object_component_ref idref="oc-43"/>
      </symbol>
      <symbol id="sm-48a">
         <name>__aeabi_memset8</name>
         <value>0xef77</value>
         <object_component_ref idref="oc-43"/>
      </symbol>
      <symbol id="sm-48b">
         <name>__aeabi_memset4</name>
         <value>0xef77</value>
         <object_component_ref idref="oc-43"/>
      </symbol>
      <symbol id="sm-48c">
         <name>__aeabi_memclr8</name>
         <value>0xef75</value>
         <object_component_ref idref="oc-43"/>
      </symbol>
      <symbol id="sm-48d">
         <name>__aeabi_memclr4</name>
         <value>0xef75</value>
         <object_component_ref idref="oc-43"/>
      </symbol>
      <symbol id="sm-48e">
         <name>__aeabi_memclr</name>
         <value>0xef75</value>
         <object_component_ref idref="oc-43"/>
      </symbol>
      <symbol id="sm-498">
         <name>__mpu_init</name>
         <value>0xefef</value>
         <object_component_ref idref="oc-4f"/>
      </symbol>
      <symbol id="sm-4a2">
         <name>_system_pre_init</name>
         <value>0xf43f</value>
         <object_component_ref idref="oc-55"/>
      </symbol>
      <symbol id="sm-4aa">
         <name>main_func_sp</name>
         <value>0x20000034</value>
         <object_component_ref idref="oc-6d"/>
      </symbol>
      <symbol id="sm-4c3">
         <name>_nop</name>
         <value>0xf3d7</value>
         <object_component_ref idref="oc-e3"/>
      </symbol>
      <symbol id="sm-4c4">
         <name>_lock</name>
         <value>0x2000002c</value>
         <object_component_ref idref="oc-ab"/>
      </symbol>
      <symbol id="sm-4c5">
         <name>_unlock</name>
         <value>0x20000030</value>
         <object_component_ref idref="oc-ab"/>
      </symbol>
      <symbol id="sm-4c6">
         <name>_register_lock</name>
         <value>0xf3cf</value>
         <object_component_ref idref="oc-e3"/>
      </symbol>
      <symbol id="sm-4c7">
         <name>_register_unlock</name>
         <value>0xf3c9</value>
         <object_component_ref idref="oc-e3"/>
      </symbol>
      <symbol id="sm-4db">
         <name>_args_main</name>
         <value>0xf39d</value>
         <object_component_ref idref="oc-61"/>
      </symbol>
      <symbol id="sm-505">
         <name>__TI_auto_init</name>
         <value>0xf061</value>
         <object_component_ref idref="oc-5b"/>
      </symbol>
      <symbol id="sm-51f">
         <name>copy_in</name>
         <value>0xf27d</value>
         <object_component_ref idref="oc-92"/>
      </symbol>
      <symbol id="sm-529">
         <name>_system_post_cinit</name>
         <value>0xf3ef</value>
         <object_component_ref idref="oc-98"/>
      </symbol>
      <symbol id="sm-52a">
         <name>__TI_static_base__</name>
         <value>0x0</value>
      </symbol>
      <symbol id="sm-52d">
         <name>SHT$$INIT_ARRAY$$Limit</name>
         <value>0x0</value>
      </symbol>
      <symbol id="sm-52e">
         <name>SHT$$INIT_ARRAY$$Base</name>
         <value>0x0</value>
      </symbol>
   </symbol_table>
   <title>Link successful</title>
</link_info>
