******************************************************************************
                  TI ARM Linker PC v16.9.6                     
******************************************************************************
>> Linked Sat Feb 10 19:18:00 2018

OUTPUT FILE NAME:   <EGR436_Project1.out>
ENTRY POINT SYMBOL: "_c_int00"  address: 000009d1


MEMORY CONFIGURATION

         name            origin    length      used     unused   attr    fill
----------------------  --------  ---------  --------  --------  ----  --------
  MAIN                  00000000   00040000  00000cf6  0003f30a  R  X
  INFO                  00200000   00004000  00000000  00004000  R  X
  SRAM_CODE             01000000   00010000  00000000  00010000  RW X
  SRAM_DATA             20000000   00010000  0000022c  0000fdd4  RW  


SEGMENT ALLOCATION MAP

run origin  load origin   length   init length attrs members
----------  ----------- ---------- ----------- ----- -------
00000000    00000000    00000cf8   00000cf8    r-x
  00000000    00000000    00000140   00000140    r-- .intvecs
  00000140    00000140    00000b76   00000b76    r-x .text
  00000cb8    00000cb8    00000040   00000040    r-- .cinit
20000000    20000000    0000002c   00000000    rw-
  20000000    20000000    0000001c   00000000    rw- .data
  2000001c    2000001c    00000010   00000000    rw- .bss
2000fe00    2000fe00    00000200   00000000    rw-
  2000fe00    2000fe00    00000200   00000000    rw- .stack


SECTION ALLOCATION MAP

 output                                  attributes/
section   page    origin      length       input sections
--------  ----  ----------  ----------   ----------------
.intvecs   0    00000000    00000140     
                  00000000    00000140     startup_msp432p401r_ccs.obj (.intvecs:retain)

.text      0    00000140    00000b76     
                  00000140    00000328     system_msp432p401r.obj (.text)
                  00000468    00000104     msp432p4xx_driverlib.lib : cs.o (.text:CS_getDCOFrequency)
                  0000056c    000000cc     clockConfig.obj (.text)
                  00000638    0000009c     msp432p4xx_driverlib.lib : cs.o (.text:CS_startHFXTWithTimeout)
                  000006d4    0000009c                              : cs.o (.text:_CSComputeCLKFrequency)
                  00000770    0000009c     rtsv7M4_T_le_v4SPD16_eabi.lib : memcpy_t2.obj (.text)
                  0000080c    0000007a                                   : memset_t2.obj (.text)
                  00000886    00000002                                   : mpu_init.obj (.text)
                  00000888    00000070     msp432p4xx_driverlib.lib : cs.o (.text:_CSGetHFXTFrequency)
                  000008f8    00000070     rtsv7M4_T_le_v4SPD16_eabi.lib : autoinit.obj (.text)
                  00000968    00000068                                   : copy_decompress_lzss.obj (.text:decompress:lzss)
                  000009d0    00000054                                   : boot.obj (.text)
                  00000a24    00000054                                   : exit.obj (.text)
                  00000a78    00000050     msp432p4xx_driverlib.lib : sysctl.o (.text:SysCtl_getTLVInfo)
                  00000ac8    0000004c                              : cs.o (.text:_CSGetDOCFrequency)
                  00000b14    0000004c     rtsv7M4_T_le_v4SPD16_eabi.lib : cpy_tbl.obj (.text)
                  00000b60    00000048     msp432p4xx_driverlib.lib : cs.o (.text:_CSGetDividerValue)
                  00000ba8    00000024                              : cs.o (.text:CS_clearInterruptFlag)
                  00000bcc    00000018                              : cs.o (.text:CS_getMCLK)
                  00000be4    00000018                              : cs.o (.text:CS_getSMCLK)
                  00000bfc    00000018     rtsv7M4_T_le_v4SPD16_eabi.lib : args_main.obj (.text)
                  00000c14    00000014     msp432p4xx_driverlib.lib : cs.o (.text:CS_setExternalClockSourceFrequency)
                  00000c28    00000014     main.obj (.text)
                  00000c3c    00000014     rtsv7M4_T_le_v4SPD16_eabi.lib : _lock.obj (.text)
                  00000c50    00000012     startup_msp432p401r_ccs.obj (.text)
                  00000c62    00000002     rtsv7M4_T_le_v4SPD16_eabi.lib : startup.obj (.text)
                  00000c64    00000010     msp432p4xx_driverlib.lib : sysctl.o (.text:SysCtl_disableNMISource)
                  00000c74    00000010                              : sysctl.o (.text:SysCtl_enableNMISource)
                  00000c84    0000000e     rtsv7M4_T_le_v4SPD16_eabi.lib : copy_decompress_none.obj (.text:decompress:none)
                  00000c92    00000002     --HOLE-- [fill = 0]
                  00000c94    0000000c     msp432p4xx_driverlib.lib : sysctl.o (.text:SysCtl_getNMISourceStatus)
                  00000ca0    0000000c     rtsv7M4_T_le_v4SPD16_eabi.lib : copy_zero_init.obj (.text:decompress:ZI)
                  00000cac    00000006     msp432p4xx_driverlib.lib : cs.o (.text:CS_startHFXT)
                  00000cb2    00000004     rtsv7M4_T_le_v4SPD16_eabi.lib : pre_init.obj (.text)

.cinit     0    00000cb8    00000040     
                  00000cb8    00000015     (.cinit..data.load) [load image, compression = lzss]
                  00000ccd    00000003     --HOLE-- [fill = 0]
                  00000cd0    0000000c     (__TI_handler_table)
                  00000cdc    00000004     --HOLE-- [fill = 0]
                  00000ce0    00000008     (.cinit..bss.load) [load image, compression = zero_init]
                  00000ce8    00000010     (__TI_cinit_table)

.init_array 
*          0    00000000    00000000     UNINITIALIZED

.data      0    20000000    0000001c     UNINITIALIZED
                  20000000    0000000c     rtsv7M4_T_le_v4SPD16_eabi.lib : exit.obj (.data:$O1$$)
                  2000000c    00000008                                   : _lock.obj (.data:$O1$$)
                  20000014    00000004                                   : stkdepth_vars.obj (.data)
                  20000018    00000004     system_msp432p401r.obj (.data)

.bss       0    2000001c    00000010     UNINITIALIZED
                  2000001c    00000004     (.common:MCLKfreq)
                  20000020    00000004     (.common:SMCLKfreq)
                  20000024    00000004     (.common:hfxtFreq)
                  20000028    00000004     (.common:lfxtFreq)

.stack     0    2000fe00    00000200     UNINITIALIZED
                  2000fe00    00000200     --HOLE--

MODULE SUMMARY

       Module                        code   ro data   rw data
       ------                        ----   -------   -------
    .\
       system_msp432p401r.obj        808    0         4      
       startup_msp432p401r_ccs.obj   18     320       0      
       clockConfig.obj               204    0         8      
       main.obj                      20     0         0      
    +--+-----------------------------+------+---------+---------+
       Total:                        1050   320       12     
                                                             
    C:/ti/msp/MSP432Ware_3_50_00_02/driverlib/driverlib/MSP432P4xx/ccs/msp432p4xx_driverlib.lib
       cs.o                          942    0         8      
       sysctl.o                      124    0         0      
    +--+-----------------------------+------+---------+---------+
       Total:                        1066   0         8      
                                                             
    C:\ti\ccsv7\tools\compiler\ti-cgt-arm_16.9.6.LTS\lib\rtsv7M4_T_le_v4SPD16_eabi.lib
       memcpy_t2.obj                 156    0         0      
       memset_t2.obj                 122    0         0      
       autoinit.obj                  112    0         0      
       copy_decompress_lzss.obj      104    0         0      
       exit.obj                      84     0         12     
       boot.obj                      84     0         0      
       cpy_tbl.obj                   76     0         0      
       _lock.obj                     20     0         8      
       args_main.obj                 24     0         0      
       copy_decompress_none.obj      14     0         0      
       copy_zero_init.obj            12     0         0      
       pre_init.obj                  4      0         0      
       stkdepth_vars.obj             0      0         4      
       mpu_init.obj                  2      0         0      
       startup.obj                   2      0         0      
    +--+-----------------------------+------+---------+---------+
       Total:                        816    0         24     
                                                             
       Stack:                        0      0         512    
       Linker Generated:             0      57        0      
    +--+-----------------------------+------+---------+---------+
       Grand Total:                  2932   377       556    


LINKER GENERATED COPY TABLES

__TI_cinit_table @ 00000ce8 records: 2, size/record: 8, table size: 16
	.data: load addr=00000cb8, load size=00000015 bytes, run addr=20000000, run size=0000001c bytes, compression=lzss
	.bss: load addr=00000ce0, load size=00000008 bytes, run addr=2000001c, run size=00000010 bytes, compression=zero_init


LINKER GENERATED HANDLER TABLE

__TI_handler_table @ 00000cd0 records: 3, size/record: 4, table size: 12
	index: 0, handler: __TI_decompress_lzss
	index: 1, handler: __TI_decompress_none
	index: 2, handler: __TI_zero_init


GLOBAL SYMBOLS: SORTED ALPHABETICALLY BY Name 

address   name                              
-------   ----                              
00000a25  C$$EXIT                           
00000ba9  CS_clearInterruptFlag             
00000469  CS_getDCOFrequency                
00000bcd  CS_getMCLK                        
00000be5  CS_getSMCLK                       
00000c15  CS_setExternalClockSourceFrequency
00000cad  CS_startHFXT                      
00000639  CS_startHFXTWithTimeout           
2000001c  MCLKfreq                          
UNDEFED   SHT$$INIT_ARRAY$$Base             
UNDEFED   SHT$$INIT_ARRAY$$Limit            
20000020  SMCLKfreq                         
00000c65  SysCtl_disableNMISource           
00000c75  SysCtl_enableNMISource            
00000c95  SysCtl_getNMISourceStatus         
00000a79  SysCtl_getTLVInfo                 
20000018  SystemCoreClock                   
00000141  SystemCoreClockUpdate             
000003b5  SystemInit                        
4000480c  WDTCTL_SYM                        
20010000  __STACK_END                       
00000200  __STACK_SIZE                      
00000ce8  __TI_CINIT_Base                   
00000cf8  __TI_CINIT_Limit                  
00000cd0  __TI_Handler_Table_Base           
00000cdc  __TI_Handler_Table_Limit          
000008f9  __TI_auto_init                    
20000000  __TI_cleanup_ptr                  
00000969  __TI_decompress_lzss              
00000c85  __TI_decompress_none              
20000004  __TI_dtors_ptr                    
20000008  __TI_enable_exit_profile_output   
ffffffff  __TI_pprof_out_hndl               
ffffffff  __TI_prof_data_size               
ffffffff  __TI_prof_data_start              
00000000  __TI_static_base__                
00000ca1  __TI_zero_init                    
0000080d  __aeabi_memclr                    
0000080d  __aeabi_memclr4                   
0000080d  __aeabi_memclr8                   
00000771  __aeabi_memcpy                    
00000771  __aeabi_memcpy4                   
00000771  __aeabi_memcpy8                   
0000080f  __aeabi_memset                    
0000080f  __aeabi_memset4                   
0000080f  __aeabi_memset8                   
ffffffff  __binit__                         
ffffffff  __c_args__                        
00000887  __mpu_init                        
2000fe00  __stack                           
00000bfd  _args_main                        
000009d1  _c_int00                          
2000000c  _lock                             
00000c4b  _nop                              
00000c43  _register_lock                    
00000c3d  _register_unlock                  
00000c63  _system_post_cinit                
00000cb3  _system_pre_init                  
20000010  _unlock                           
00000a29  abort                             
ffffffff  binit                             
000005b3  clockInit48MHzXTL                 
00000579  clockStartUp                      
00000b15  copy_in                           
00000a31  exit                              
0000056d  getMCLKfreq                       
00000573  getSMCLKfreq                      
00000000  interruptVectors                  
00000c29  main                              
20000014  main_func_sp                      
00000771  memcpy                            
00000815  memset                            


GLOBAL SYMBOLS: SORTED BY Symbol Address 

address   name                              
-------   ----                              
00000000  __TI_static_base__                
00000000  interruptVectors                  
00000141  SystemCoreClockUpdate             
00000200  __STACK_SIZE                      
000003b5  SystemInit                        
00000469  CS_getDCOFrequency                
0000056d  getMCLKfreq                       
00000573  getSMCLKfreq                      
00000579  clockStartUp                      
000005b3  clockInit48MHzXTL                 
00000639  CS_startHFXTWithTimeout           
00000771  __aeabi_memcpy                    
00000771  __aeabi_memcpy4                   
00000771  __aeabi_memcpy8                   
00000771  memcpy                            
0000080d  __aeabi_memclr                    
0000080d  __aeabi_memclr4                   
0000080d  __aeabi_memclr8                   
0000080f  __aeabi_memset                    
0000080f  __aeabi_memset4                   
0000080f  __aeabi_memset8                   
00000815  memset                            
00000887  __mpu_init                        
000008f9  __TI_auto_init                    
00000969  __TI_decompress_lzss              
000009d1  _c_int00                          
00000a25  C$$EXIT                           
00000a29  abort                             
00000a31  exit                              
00000a79  SysCtl_getTLVInfo                 
00000b15  copy_in                           
00000ba9  CS_clearInterruptFlag             
00000bcd  CS_getMCLK                        
00000be5  CS_getSMCLK                       
00000bfd  _args_main                        
00000c15  CS_setExternalClockSourceFrequency
00000c29  main                              
00000c3d  _register_unlock                  
00000c43  _register_lock                    
00000c4b  _nop                              
00000c63  _system_post_cinit                
00000c65  SysCtl_disableNMISource           
00000c75  SysCtl_enableNMISource            
00000c85  __TI_decompress_none              
00000c95  SysCtl_getNMISourceStatus         
00000ca1  __TI_zero_init                    
00000cad  CS_startHFXT                      
00000cb3  _system_pre_init                  
00000cd0  __TI_Handler_Table_Base           
00000cdc  __TI_Handler_Table_Limit          
00000ce8  __TI_CINIT_Base                   
00000cf8  __TI_CINIT_Limit                  
20000000  __TI_cleanup_ptr                  
20000004  __TI_dtors_ptr                    
20000008  __TI_enable_exit_profile_output   
2000000c  _lock                             
20000010  _unlock                           
20000014  main_func_sp                      
20000018  SystemCoreClock                   
2000001c  MCLKfreq                          
20000020  SMCLKfreq                         
2000fe00  __stack                           
20010000  __STACK_END                       
4000480c  WDTCTL_SYM                        
ffffffff  __TI_pprof_out_hndl               
ffffffff  __TI_prof_data_size               
ffffffff  __TI_prof_data_start              
ffffffff  __binit__                         
ffffffff  __c_args__                        
ffffffff  binit                             
UNDEFED   SHT$$INIT_ARRAY$$Base             
UNDEFED   SHT$$INIT_ARRAY$$Limit            

[72 symbols]
