<?xml version="1.0"?>
<link_info>
   <banner>TI ARM Linker PC v16.9.6.LTS</banner>
   <copyright>Copyright (c) 1996-2017 Texas Instruments Incorporated</copyright>
   <link_time>0x5a8d7391</link_time>
   <link_errors>0x0</link_errors>
   <output_file>EGR436_Project1.out</output_file>
   <entry_point>
      <name>_c_int00</name>
      <address>0x5019</address>
   </entry_point>
   <input_file_list>
      <input_file id="fl-2">
         <path>.\</path>
         <kind>object</kind>
         <file>BOSCH_Sensor.obj</file>
         <name>BOSCH_Sensor.obj</name>
      </input_file>
      <input_file id="fl-3">
         <path>.\</path>
         <kind>object</kind>
         <file>I2C_Interface.obj</file>
         <name>I2C_Interface.obj</name>
      </input_file>
      <input_file id="fl-4">
         <path>.\</path>
         <kind>object</kind>
         <file>LCD.obj</file>
         <name>LCD.obj</name>
      </input_file>
      <input_file id="fl-5">
         <path>.\</path>
         <kind>object</kind>
         <file>ST7735.obj</file>
         <name>ST7735.obj</name>
      </input_file>
      <input_file id="fl-6">
         <path>.\</path>
         <kind>object</kind>
         <file>bme280.obj</file>
         <name>bme280.obj</name>
      </input_file>
      <input_file id="fl-7">
         <path>.\</path>
         <kind>object</kind>
         <file>clockConfig.obj</file>
         <name>clockConfig.obj</name>
      </input_file>
      <input_file id="fl-8">
         <path>.\</path>
         <kind>object</kind>
         <file>delays.obj</file>
         <name>delays.obj</name>
      </input_file>
      <input_file id="fl-9">
         <path>.\</path>
         <kind>object</kind>
         <file>main.obj</file>
         <name>main.obj</name>
      </input_file>
      <input_file id="fl-a">
         <path>.\</path>
         <kind>object</kind>
         <file>startup_msp432p401r_ccs.obj</file>
         <name>startup_msp432p401r_ccs.obj</name>
      </input_file>
      <input_file id="fl-b">
         <path>.\</path>
         <kind>object</kind>
         <file>sysTick.obj</file>
         <name>sysTick.obj</name>
      </input_file>
      <input_file id="fl-c">
         <path>.\</path>
         <kind>object</kind>
         <file>system_msp432p401r.obj</file>
         <name>system_msp432p401r.obj</name>
      </input_file>
      <input_file id="fl-d">
         <path>.\</path>
         <kind>object</kind>
         <file>timerAInterface.obj</file>
         <name>timerAInterface.obj</name>
      </input_file>
      <input_file id="fl-12">
         <kind>object</kind>
         <file>&lt;internal&gt;</file>
         <name>&lt;internal&gt;</name>
      </input_file>
      <input_file id="fl-13">
         <path>C:\ti\msp\MSP432Ware_3_50_00_02\driverlib\driverlib\MSP432P4xx\ccs\</path>
         <kind>archive</kind>
         <file>msp432p4xx_driverlib.lib</file>
         <name>cs.o</name>
      </input_file>
      <input_file id="fl-14">
         <path>C:\ti\msp\MSP432Ware_3_50_00_02\driverlib\driverlib\MSP432P4xx\ccs\</path>
         <kind>archive</kind>
         <file>msp432p4xx_driverlib.lib</file>
         <name>interrupt.o</name>
      </input_file>
      <input_file id="fl-15">
         <path>C:\ti\msp\MSP432Ware_3_50_00_02\driverlib\driverlib\MSP432P4xx\ccs\</path>
         <kind>archive</kind>
         <file>msp432p4xx_driverlib.lib</file>
         <name>sysctl.o</name>
      </input_file>
      <input_file id="fl-16">
         <path>C:\ti\msp\MSP432Ware_3_50_00_02\driverlib\driverlib\MSP432P4xx\ccs\</path>
         <kind>archive</kind>
         <file>msp432p4xx_driverlib.lib</file>
         <name>timer_a.o</name>
      </input_file>
      <input_file id="fl-17">
         <path>C:\ti\msp\MSP432Ware_3_50_00_02\driverlib\driverlib\MSP432P4xx\ccs\</path>
         <kind>archive</kind>
         <file>msp432p4xx_driverlib.lib</file>
         <name>cpu.o</name>
      </input_file>
      <input_file id="fl-cd">
         <path>C:\ti\ccsv7\tools\compiler\ti-cgt-arm_16.9.6.LTS\lib\</path>
         <kind>archive</kind>
         <file>rtsv7M4_T_le_v4SPD16_eabi.lib</file>
         <name>boot.obj</name>
      </input_file>
      <input_file id="fl-ce">
         <path>C:\ti\ccsv7\tools\compiler\ti-cgt-arm_16.9.6.LTS\lib\</path>
         <kind>archive</kind>
         <file>rtsv7M4_T_le_v4SPD16_eabi.lib</file>
         <name>copy_decompress_lzss.obj</name>
      </input_file>
      <input_file id="fl-cf">
         <path>C:\ti\ccsv7\tools\compiler\ti-cgt-arm_16.9.6.LTS\lib\</path>
         <kind>archive</kind>
         <file>rtsv7M4_T_le_v4SPD16_eabi.lib</file>
         <name>copy_decompress_none.obj</name>
      </input_file>
      <input_file id="fl-d0">
         <path>C:\ti\ccsv7\tools\compiler\ti-cgt-arm_16.9.6.LTS\lib\</path>
         <kind>archive</kind>
         <file>rtsv7M4_T_le_v4SPD16_eabi.lib</file>
         <name>copy_zero_init.obj</name>
      </input_file>
      <input_file id="fl-d1">
         <path>C:\ti\ccsv7\tools\compiler\ti-cgt-arm_16.9.6.LTS\lib\</path>
         <kind>archive</kind>
         <file>rtsv7M4_T_le_v4SPD16_eabi.lib</file>
         <name>exit.obj</name>
      </input_file>
      <input_file id="fl-d2">
         <path>C:\ti\ccsv7\tools\compiler\ti-cgt-arm_16.9.6.LTS\lib\</path>
         <kind>archive</kind>
         <file>rtsv7M4_T_le_v4SPD16_eabi.lib</file>
         <name>fd_add_t2.obj</name>
      </input_file>
      <input_file id="fl-d3">
         <path>C:\ti\ccsv7\tools\compiler\ti-cgt-arm_16.9.6.LTS\lib\</path>
         <kind>archive</kind>
         <file>rtsv7M4_T_le_v4SPD16_eabi.lib</file>
         <name>fd_cmp_t2.obj</name>
      </input_file>
      <input_file id="fl-d4">
         <path>C:\ti\ccsv7\tools\compiler\ti-cgt-arm_16.9.6.LTS\lib\</path>
         <kind>archive</kind>
         <file>rtsv7M4_T_le_v4SPD16_eabi.lib</file>
         <name>fd_div_t2.obj</name>
      </input_file>
      <input_file id="fl-d5">
         <path>C:\ti\ccsv7\tools\compiler\ti-cgt-arm_16.9.6.LTS\lib\</path>
         <kind>archive</kind>
         <file>rtsv7M4_T_le_v4SPD16_eabi.lib</file>
         <name>fd_mul_t2.obj</name>
      </input_file>
      <input_file id="fl-d6">
         <path>C:\ti\ccsv7\tools\compiler\ti-cgt-arm_16.9.6.LTS\lib\</path>
         <kind>archive</kind>
         <file>rtsv7M4_T_le_v4SPD16_eabi.lib</file>
         <name>fd_toi_t2.obj</name>
      </input_file>
      <input_file id="fl-d7">
         <path>C:\ti\ccsv7\tools\compiler\ti-cgt-arm_16.9.6.LTS\lib\</path>
         <kind>archive</kind>
         <file>rtsv7M4_T_le_v4SPD16_eabi.lib</file>
         <name>fs_tod_t2.obj</name>
      </input_file>
      <input_file id="fl-d8">
         <path>C:\ti\ccsv7\tools\compiler\ti-cgt-arm_16.9.6.LTS\lib\</path>
         <kind>archive</kind>
         <file>rtsv7M4_T_le_v4SPD16_eabi.lib</file>
         <name>i_tofd_t2.obj</name>
      </input_file>
      <input_file id="fl-d9">
         <path>C:\ti\ccsv7\tools\compiler\ti-cgt-arm_16.9.6.LTS\lib\</path>
         <kind>archive</kind>
         <file>rtsv7M4_T_le_v4SPD16_eabi.lib</file>
         <name>memcpy_t2.obj</name>
      </input_file>
      <input_file id="fl-da">
         <path>C:\ti\ccsv7\tools\compiler\ti-cgt-arm_16.9.6.LTS\lib\</path>
         <kind>archive</kind>
         <file>rtsv7M4_T_le_v4SPD16_eabi.lib</file>
         <name>memset_t2.obj</name>
      </input_file>
      <input_file id="fl-db">
         <path>C:\ti\ccsv7\tools\compiler\ti-cgt-arm_16.9.6.LTS\lib\</path>
         <kind>archive</kind>
         <file>rtsv7M4_T_le_v4SPD16_eabi.lib</file>
         <name>mpu_init.obj</name>
      </input_file>
      <input_file id="fl-dc">
         <path>C:\ti\ccsv7\tools\compiler\ti-cgt-arm_16.9.6.LTS\lib\</path>
         <kind>archive</kind>
         <file>rtsv7M4_T_le_v4SPD16_eabi.lib</file>
         <name>pre_init.obj</name>
      </input_file>
      <input_file id="fl-dd">
         <path>C:\ti\ccsv7\tools\compiler\ti-cgt-arm_16.9.6.LTS\lib\</path>
         <kind>archive</kind>
         <file>rtsv7M4_T_le_v4SPD16_eabi.lib</file>
         <name>sprintf.obj</name>
      </input_file>
      <input_file id="fl-de">
         <path>C:\ti\ccsv7\tools\compiler\ti-cgt-arm_16.9.6.LTS\lib\</path>
         <kind>archive</kind>
         <file>rtsv7M4_T_le_v4SPD16_eabi.lib</file>
         <name>stkdepth_vars.obj</name>
      </input_file>
      <input_file id="fl-df">
         <path>C:\ti\ccsv7\tools\compiler\ti-cgt-arm_16.9.6.LTS\lib\</path>
         <kind>archive</kind>
         <file>rtsv7M4_T_le_v4SPD16_eabi.lib</file>
         <name>u_tofd_t2.obj</name>
      </input_file>
      <input_file id="fl-e0">
         <path>C:\ti\ccsv7\tools\compiler\ti-cgt-arm_16.9.6.LTS\lib\</path>
         <kind>archive</kind>
         <file>rtsv7M4_T_le_v4SPD16_eabi.lib</file>
         <name>_lock.obj</name>
      </input_file>
      <input_file id="fl-e1">
         <path>C:\ti\ccsv7\tools\compiler\ti-cgt-arm_16.9.6.LTS\lib\</path>
         <kind>archive</kind>
         <file>rtsv7M4_T_le_v4SPD16_eabi.lib</file>
         <name>_printfi.obj</name>
      </input_file>
      <input_file id="fl-e2">
         <path>C:\ti\ccsv7\tools\compiler\ti-cgt-arm_16.9.6.LTS\lib\</path>
         <kind>archive</kind>
         <file>rtsv7M4_T_le_v4SPD16_eabi.lib</file>
         <name>args_main.obj</name>
      </input_file>
      <input_file id="fl-e3">
         <path>C:\ti\ccsv7\tools\compiler\ti-cgt-arm_16.9.6.LTS\lib\</path>
         <kind>archive</kind>
         <file>rtsv7M4_T_le_v4SPD16_eabi.lib</file>
         <name>atoi.obj</name>
      </input_file>
      <input_file id="fl-e4">
         <path>C:\ti\ccsv7\tools\compiler\ti-cgt-arm_16.9.6.LTS\lib\</path>
         <kind>archive</kind>
         <file>rtsv7M4_T_le_v4SPD16_eabi.lib</file>
         <name>autoinit.obj</name>
      </input_file>
      <input_file id="fl-e5">
         <path>C:\ti\ccsv7\tools\compiler\ti-cgt-arm_16.9.6.LTS\lib\</path>
         <kind>archive</kind>
         <file>rtsv7M4_T_le_v4SPD16_eabi.lib</file>
         <name>cpy_tbl.obj</name>
      </input_file>
      <input_file id="fl-e6">
         <path>C:\ti\ccsv7\tools\compiler\ti-cgt-arm_16.9.6.LTS\lib\</path>
         <kind>archive</kind>
         <file>rtsv7M4_T_le_v4SPD16_eabi.lib</file>
         <name>ctype.obj</name>
      </input_file>
      <input_file id="fl-e7">
         <path>C:\ti\ccsv7\tools\compiler\ti-cgt-arm_16.9.6.LTS\lib\</path>
         <kind>archive</kind>
         <file>rtsv7M4_T_le_v4SPD16_eabi.lib</file>
         <name>ltoa.obj</name>
      </input_file>
      <input_file id="fl-e8">
         <path>C:\ti\ccsv7\tools\compiler\ti-cgt-arm_16.9.6.LTS\lib\</path>
         <kind>archive</kind>
         <file>rtsv7M4_T_le_v4SPD16_eabi.lib</file>
         <name>memccpy.obj</name>
      </input_file>
      <input_file id="fl-e9">
         <path>C:\ti\ccsv7\tools\compiler\ti-cgt-arm_16.9.6.LTS\lib\</path>
         <kind>archive</kind>
         <file>rtsv7M4_T_le_v4SPD16_eabi.lib</file>
         <name>s_frexp.obj</name>
      </input_file>
      <input_file id="fl-ea">
         <path>C:\ti\ccsv7\tools\compiler\ti-cgt-arm_16.9.6.LTS\lib\</path>
         <kind>archive</kind>
         <file>rtsv7M4_T_le_v4SPD16_eabi.lib</file>
         <name>s_scalbn.obj</name>
      </input_file>
      <input_file id="fl-eb">
         <path>C:\ti\ccsv7\tools\compiler\ti-cgt-arm_16.9.6.LTS\lib\</path>
         <kind>archive</kind>
         <file>rtsv7M4_T_le_v4SPD16_eabi.lib</file>
         <name>startup.obj</name>
      </input_file>
      <input_file id="fl-ec">
         <path>C:\ti\ccsv7\tools\compiler\ti-cgt-arm_16.9.6.LTS\lib\</path>
         <kind>archive</kind>
         <file>rtsv7M4_T_le_v4SPD16_eabi.lib</file>
         <name>strchr.obj</name>
      </input_file>
      <input_file id="fl-ed">
         <path>C:\ti\ccsv7\tools\compiler\ti-cgt-arm_16.9.6.LTS\lib\</path>
         <kind>archive</kind>
         <file>rtsv7M4_T_le_v4SPD16_eabi.lib</file>
         <name>strlen.obj</name>
      </input_file>
      <input_file id="fl-ee">
         <path>C:\ti\ccsv7\tools\compiler\ti-cgt-arm_16.9.6.LTS\lib\</path>
         <kind>archive</kind>
         <file>rtsv7M4_T_le_v4SPD16_eabi.lib</file>
         <name>ull_div_t2.obj</name>
      </input_file>
      <input_file id="fl-ef">
         <path>C:\ti\ccsv7\tools\compiler\ti-cgt-arm_16.9.6.LTS\lib\</path>
         <kind>archive</kind>
         <file>rtsv7M4_T_le_v4SPD16_eabi.lib</file>
         <name>errno.obj</name>
      </input_file>
      <input_file id="fl-f0">
         <path>C:\ti\ccsv7\tools\compiler\ti-cgt-arm_16.9.6.LTS\lib\</path>
         <kind>archive</kind>
         <file>rtsv7M4_T_le_v4SPD16_eabi.lib</file>
         <name>s_copysign.obj</name>
      </input_file>
   </input_file_list>
   <object_component_list>
      <object_component id="oc-28">
         <name>.intvecs:retain</name>
         <load_address>0x0</load_address>
         <run_address>0x0</run_address>
         <size>0x140</size>
         <input_file_ref idref="fl-a"/>
      </object_component>
      <object_component id="oc-154">
         <name>.text</name>
         <load_address>0x140</load_address>
         <run_address>0x140</run_address>
         <size>0x1420</size>
         <input_file_ref idref="fl-5"/>
      </object_component>
      <object_component id="oc-209">
         <name>.text</name>
         <load_address>0x1560</load_address>
         <run_address>0x1560</run_address>
         <size>0x113e</size>
         <input_file_ref idref="fl-e1"/>
      </object_component>
      <object_component id="oc-4f">
         <name>.text</name>
         <load_address>0x269e</load_address>
         <run_address>0x269e</run_address>
         <size>0x2</size>
         <input_file_ref idref="fl-db"/>
      </object_component>
      <object_component id="oc-143">
         <name>.text</name>
         <load_address>0x26a0</load_address>
         <run_address>0x26a0</run_address>
         <size>0x1110</size>
         <input_file_ref idref="fl-6"/>
      </object_component>
      <object_component id="oc-e5">
         <name>.text</name>
         <load_address>0x37b0</load_address>
         <run_address>0x37b0</run_address>
         <size>0x368</size>
         <input_file_ref idref="fl-4"/>
      </object_component>
      <object_component id="oc-b3">
         <name>.text</name>
         <load_address>0x3b18</load_address>
         <run_address>0x3b18</run_address>
         <size>0x328</size>
         <input_file_ref idref="fl-c"/>
      </object_component>
      <object_component id="oc-28e">
         <name>.text</name>
         <load_address>0x3e40</load_address>
         <run_address>0x3e40</run_address>
         <size>0x1f4</size>
         <input_file_ref idref="fl-ee"/>
      </object_component>
      <object_component id="oc-d3">
         <name>.text</name>
         <load_address>0x4034</load_address>
         <run_address>0x4034</run_address>
         <size>0x1bc</size>
         <input_file_ref idref="fl-3"/>
      </object_component>
      <object_component id="oc-1b6">
         <name>.text</name>
         <load_address>0x41f0</load_address>
         <run_address>0x41f0</run_address>
         <size>0x1b6</size>
         <input_file_ref idref="fl-d2"/>
      </object_component>
      <object_component id="oc-98">
         <name>.text</name>
         <load_address>0x43a6</load_address>
         <run_address>0x43a6</run_address>
         <size>0x2</size>
         <input_file_ref idref="fl-eb"/>
      </object_component>
      <object_component id="oc-df">
         <name>.text</name>
         <load_address>0x43a8</load_address>
         <run_address>0x43a8</run_address>
         <size>0x168</size>
         <input_file_ref idref="fl-2"/>
      </object_component>
      <object_component id="oc-1b1">
         <name>.text</name>
         <load_address>0x4510</load_address>
         <run_address>0x4510</run_address>
         <size>0x136</size>
         <input_file_ref idref="fl-d4"/>
      </object_component>
      <object_component id="oc-237">
         <name>.text:CS_getDCOFrequency</name>
         <load_address>0x4648</load_address>
         <run_address>0x4648</run_address>
         <size>0x104</size>
         <input_file_ref idref="fl-13"/>
      </object_component>
      <object_component id="oc-1c0">
         <name>.text</name>
         <load_address>0x474c</load_address>
         <run_address>0x474c</run_address>
         <size>0xfc</size>
         <input_file_ref idref="fl-d5"/>
      </object_component>
      <object_component id="oc-2a5">
         <name>.text</name>
         <load_address>0x4848</load_address>
         <run_address>0x4848</run_address>
         <size>0xfc</size>
         <input_file_ref idref="fl-ea"/>
      </object_component>
      <object_component id="oc-cd">
         <name>.text</name>
         <load_address>0x4944</load_address>
         <run_address>0x4944</run_address>
         <size>0xcc</size>
         <input_file_ref idref="fl-7"/>
      </object_component>
      <object_component id="oc-a0">
         <name>.text</name>
         <load_address>0x4a10</load_address>
         <run_address>0x4a10</run_address>
         <size>0xa0</size>
         <input_file_ref idref="fl-9"/>
      </object_component>
      <object_component id="oc-19e">
         <name>.text:CS_startHFXTWithTimeout</name>
         <load_address>0x4ab0</load_address>
         <run_address>0x4ab0</run_address>
         <size>0x9c</size>
         <input_file_ref idref="fl-13"/>
      </object_component>
      <object_component id="oc-191">
         <name>.text:_CSComputeCLKFrequency</name>
         <load_address>0x4b4c</load_address>
         <run_address>0x4b4c</run_address>
         <size>0x9c</size>
         <input_file_ref idref="fl-13"/>
      </object_component>
      <object_component id="oc-37">
         <name>.text</name>
         <load_address>0x4be8</load_address>
         <run_address>0x4be8</run_address>
         <size>0x9c</size>
         <input_file_ref idref="fl-d9"/>
      </object_component>
      <object_component id="oc-1ca">
         <name>.text:__aeabi_cdcmple</name>
         <load_address>0x4c84</load_address>
         <run_address>0x4c84</run_address>
         <size>0x86</size>
         <input_file_ref idref="fl-d3"/>
      </object_component>
      <object_component id="oc-1cf">
         <name>.text:__aeabi_cdrcmple</name>
         <load_address>0x4d0a</load_address>
         <run_address>0x4d0a</run_address>
         <size>0x86</size>
         <input_file_ref idref="fl-d3"/>
      </object_component>
      <object_component id="oc-43">
         <name>.text</name>
         <load_address>0x4d90</load_address>
         <run_address>0x4d90</run_address>
         <size>0x7a</size>
         <input_file_ref idref="fl-da"/>
      </object_component>
      <object_component id="oc-25c">
         <name>.text:_CSGetHFXTFrequency</name>
         <load_address>0x4e0c</load_address>
         <run_address>0x4e0c</run_address>
         <size>0x70</size>
         <input_file_ref idref="fl-13"/>
      </object_component>
      <object_component id="oc-5b">
         <name>.text</name>
         <load_address>0x4e7c</load_address>
         <run_address>0x4e7c</run_address>
         <size>0x70</size>
         <input_file_ref idref="fl-e4"/>
      </object_component>
      <object_component id="oc-10">
         <name>.text:decompress:lzss</name>
         <load_address>0x4eec</load_address>
         <run_address>0x4eec</run_address>
         <size>0x68</size>
         <input_file_ref idref="fl-ce"/>
      </object_component>
      <object_component id="oc-29f">
         <name>.text</name>
         <load_address>0x4f54</load_address>
         <run_address>0x4f54</run_address>
         <size>0x64</size>
         <input_file_ref idref="fl-e9"/>
      </object_component>
      <object_component id="oc-15f">
         <name>.text</name>
         <load_address>0x4fb8</load_address>
         <run_address>0x4fb8</run_address>
         <size>0x60</size>
         <input_file_ref idref="fl-dd"/>
      </object_component>
      <object_component id="oc-22">
         <name>.text</name>
         <load_address>0x5018</load_address>
         <run_address>0x5018</run_address>
         <size>0x54</size>
         <input_file_ref idref="fl-cd"/>
      </object_component>
      <object_component id="oc-67">
         <name>.text</name>
         <load_address>0x506c</load_address>
         <run_address>0x506c</run_address>
         <size>0x54</size>
         <input_file_ref idref="fl-d1"/>
      </object_component>
      <object_component id="oc-299">
         <name>.text</name>
         <load_address>0x50c0</load_address>
         <run_address>0x50c0</run_address>
         <size>0x54</size>
         <input_file_ref idref="fl-e7"/>
      </object_component>
      <object_component id="oc-2e1">
         <name>.text:SysCtl_getTLVInfo</name>
         <load_address>0x5114</load_address>
         <run_address>0x5114</run_address>
         <size>0x50</size>
         <input_file_ref idref="fl-15"/>
      </object_component>
      <object_component id="oc-d9">
         <name>.text</name>
         <load_address>0x5164</load_address>
         <run_address>0x5164</run_address>
         <size>0x50</size>
         <input_file_ref idref="fl-b"/>
      </object_component>
      <object_component id="oc-2db">
         <name>.text:_CSGetDOCFrequency</name>
         <load_address>0x51b4</load_address>
         <run_address>0x51b4</run_address>
         <size>0x4c</size>
         <input_file_ref idref="fl-13"/>
      </object_component>
      <object_component id="oc-2b1">
         <name>.text</name>
         <load_address>0x5200</load_address>
         <run_address>0x5200</run_address>
         <size>0x4c</size>
         <input_file_ref idref="fl-e3"/>
      </object_component>
      <object_component id="oc-92">
         <name>.text</name>
         <load_address>0x524c</load_address>
         <run_address>0x524c</run_address>
         <size>0x4c</size>
         <input_file_ref idref="fl-e5"/>
      </object_component>
      <object_component id="oc-231">
         <name>.text:_CSGetDividerValue</name>
         <load_address>0x5298</load_address>
         <run_address>0x5298</run_address>
         <size>0x48</size>
         <input_file_ref idref="fl-13"/>
      </object_component>
      <object_component id="oc-1c5">
         <name>.text</name>
         <load_address>0x52e0</load_address>
         <run_address>0x52e0</run_address>
         <size>0x48</size>
         <input_file_ref idref="fl-d6"/>
      </object_component>
      <object_component id="oc-15a">
         <name>.text</name>
         <load_address>0x5328</load_address>
         <run_address>0x5328</run_address>
         <size>0x38</size>
         <input_file_ref idref="fl-d7"/>
      </object_component>
      <object_component id="oc-1bb">
         <name>.text</name>
         <load_address>0x5360</load_address>
         <run_address>0x5360</run_address>
         <size>0x2e</size>
         <input_file_ref idref="fl-d8"/>
      </object_component>
      <object_component id="oc-23d">
         <name>.text:CS_clearInterruptFlag</name>
         <load_address>0x5390</load_address>
         <run_address>0x5390</run_address>
         <size>0x24</size>
         <input_file_ref idref="fl-13"/>
      </object_component>
      <object_component id="oc-1ac">
         <name>.text</name>
         <load_address>0x53b4</load_address>
         <run_address>0x53b4</run_address>
         <size>0x20</size>
         <input_file_ref idref="fl-df"/>
      </object_component>
      <object_component id="oc-165">
         <name>.text</name>
         <load_address>0x53d4</load_address>
         <run_address>0x53d4</run_address>
         <size>0x1c</size>
         <input_file_ref idref="fl-8"/>
      </object_component>
      <object_component id="oc-2b7">
         <name>.text</name>
         <load_address>0x53f0</load_address>
         <run_address>0x53f0</run_address>
         <size>0x1c</size>
         <input_file_ref idref="fl-e8"/>
      </object_component>
      <object_component id="oc-129">
         <name>.text:CS_getMCLK</name>
         <load_address>0x540c</load_address>
         <run_address>0x540c</run_address>
         <size>0x18</size>
         <input_file_ref idref="fl-13"/>
      </object_component>
      <object_component id="oc-123">
         <name>.text:CS_getSMCLK</name>
         <load_address>0x5424</load_address>
         <run_address>0x5424</run_address>
         <size>0x18</size>
         <input_file_ref idref="fl-13"/>
      </object_component>
      <object_component id="oc-61">
         <name>.text</name>
         <load_address>0x543c</load_address>
         <run_address>0x543c</run_address>
         <size>0x18</size>
         <input_file_ref idref="fl-e2"/>
      </object_component>
      <object_component id="oc-2ab">
         <name>.text</name>
         <load_address>0x5454</load_address>
         <run_address>0x5454</run_address>
         <size>0x16</size>
         <input_file_ref idref="fl-ec"/>
      </object_component>
      <object_component id="oc-12f">
         <name>.text:CS_setExternalClockSourceFrequency</name>
         <load_address>0x546c</load_address>
         <run_address>0x546c</run_address>
         <size>0x14</size>
         <input_file_ref idref="fl-13"/>
      </object_component>
      <object_component id="oc-102">
         <name>.text</name>
         <load_address>0x5480</load_address>
         <run_address>0x5480</run_address>
         <size>0x14</size>
         <input_file_ref idref="fl-e0"/>
      </object_component>
      <object_component id="oc-2fa">
         <name>.text</name>
         <load_address>0x5494</load_address>
         <run_address>0x5494</run_address>
         <size>0x14</size>
         <input_file_ref idref="fl-f0"/>
      </object_component>
      <object_component id="oc-293">
         <name>.text</name>
         <load_address>0x54a8</load_address>
         <run_address>0x54a8</run_address>
         <size>0x14</size>
         <input_file_ref idref="fl-ed"/>
      </object_component>
      <object_component id="oc-71">
         <name>.text</name>
         <load_address>0x54bc</load_address>
         <run_address>0x54bc</run_address>
         <size>0x12</size>
         <input_file_ref idref="fl-a"/>
      </object_component>
      <object_component id="oc-256">
         <name>.text:SysCtl_disableNMISource</name>
         <load_address>0x54d0</load_address>
         <run_address>0x54d0</run_address>
         <size>0x10</size>
         <input_file_ref idref="fl-15"/>
      </object_component>
      <object_component id="oc-262">
         <name>.text:SysCtl_enableNMISource</name>
         <load_address>0x54e0</load_address>
         <run_address>0x54e0</run_address>
         <size>0x10</size>
         <input_file_ref idref="fl-15"/>
      </object_component>
      <object_component id="oc-16">
         <name>.text:decompress:none</name>
         <load_address>0x54f0</load_address>
         <run_address>0x54f0</run_address>
         <size>0xe</size>
         <input_file_ref idref="fl-cf"/>
      </object_component>
      <object_component id="oc-250">
         <name>.text:SysCtl_getNMISourceStatus</name>
         <load_address>0x5500</load_address>
         <run_address>0x5500</run_address>
         <size>0xc</size>
         <input_file_ref idref="fl-15"/>
      </object_component>
      <object_component id="oc-1c">
         <name>.text:decompress:ZI</name>
         <load_address>0x550c</load_address>
         <run_address>0x550c</run_address>
         <size>0xc</size>
         <input_file_ref idref="fl-d0"/>
      </object_component>
      <object_component id="oc-135">
         <name>.text:CS_startHFXT</name>
         <load_address>0x5518</load_address>
         <run_address>0x5518</run_address>
         <size>0x6</size>
         <input_file_ref idref="fl-13"/>
      </object_component>
      <object_component id="oc-55">
         <name>.text</name>
         <load_address>0x551e</load_address>
         <run_address>0x551e</run_address>
         <size>0x4</size>
         <input_file_ref idref="fl-dc"/>
      </object_component>
      <object_component id="oc-219">
         <name>.const:dark</name>
         <load_address>0x5524</load_address>
         <run_address>0x5524</run_address>
         <size>0x800</size>
         <input_file_ref idref="fl-4"/>
      </object_component>
      <object_component id="oc-21f">
         <name>.const:overcast</name>
         <load_address>0x5d24</load_address>
         <run_address>0x5d24</run_address>
         <size>0x800</size>
         <input_file_ref idref="fl-4"/>
      </object_component>
      <object_component id="oc-222">
         <name>.const:partlySunny</name>
         <load_address>0x6524</load_address>
         <run_address>0x6524</run_address>
         <size>0x800</size>
         <input_file_ref idref="fl-4"/>
      </object_component>
      <object_component id="oc-225">
         <name>.const:sunny</name>
         <load_address>0x6d24</load_address>
         <run_address>0x6d24</run_address>
         <size>0x800</size>
         <input_file_ref idref="fl-4"/>
      </object_component>
      <object_component id="oc-21c">
         <name>.const:twilight</name>
         <load_address>0x7524</load_address>
         <run_address>0x7524</run_address>
         <size>0x800</size>
         <input_file_ref idref="fl-4"/>
      </object_component>
      <object_component id="oc-1f4">
         <name>.const:.string:Font</name>
         <load_address>0x7d24</load_address>
         <run_address>0x7d24</run_address>
         <size>0x4fb</size>
         <input_file_ref idref="fl-5"/>
      </object_component>
      <object_component id="oc-1ff">
         <name>.const:.string:dBfs</name>
         <load_address>0x821f</load_address>
         <run_address>0x821f</run_address>
         <size>0x200</size>
         <input_file_ref idref="fl-5"/>
      </object_component>
      <object_component id="oc-307">
         <name>.const:.string:_ctypes_</name>
         <load_address>0x841f</load_address>
         <run_address>0x841f</run_address>
         <size>0x101</size>
         <input_file_ref idref="fl-e6"/>
      </object_component>
      <object_component id="oc-1e2">
         <name>.const:.string:Bcmd</name>
         <load_address>0x8520</load_address>
         <run_address>0x8520</run_address>
         <size>0x67</size>
         <input_file_ref idref="fl-5"/>
      </object_component>
      <object_component id="oc-1e8">
         <name>.const:.string:Rcmd1</name>
         <load_address>0x8587</load_address>
         <run_address>0x8587</run_address>
         <size>0x3b</size>
         <input_file_ref idref="fl-5"/>
      </object_component>
      <object_component id="oc-1f1">
         <name>.const:.string:Rcmd3</name>
         <load_address>0x85c2</load_address>
         <run_address>0x85c2</run_address>
         <size>0x2b</size>
         <input_file_ref idref="fl-5"/>
      </object_component>
      <object_component id="oc-22a">
         <name>.const:.string</name>
         <load_address>0x85f0</load_address>
         <run_address>0x85f0</run_address>
         <size>0x2a</size>
         <input_file_ref idref="fl-4"/>
      </object_component>
      <object_component id="oc-1eb">
         <name>.const:.string:Rcmd2green</name>
         <load_address>0x861a</load_address>
         <run_address>0x861a</run_address>
         <size>0xd</size>
         <input_file_ref idref="fl-5"/>
      </object_component>
      <object_component id="oc-1ee">
         <name>.const:.string:Rcmd2red</name>
         <load_address>0x8627</load_address>
         <run_address>0x8627</run_address>
         <size>0xd</size>
         <input_file_ref idref="fl-5"/>
      </object_component>
      <object_component id="oc-1a9">
         <name>.const:$P$T0$1</name>
         <load_address>0x8634</load_address>
         <run_address>0x8634</run_address>
         <size>0xc</size>
         <input_file_ref idref="fl-6"/>
      </object_component>
      <object_component id="oc-351">
         <name>.cinit..data.load</name>
         <load_address>0x8640</load_address>
         <run_address>0x8640</run_address>
         <size>0x7c</size>
      </object_component>
      <object_component id="oc-34f">
         <name>__TI_handler_table</name>
         <load_address>0x86bc</load_address>
         <run_address>0x86bc</run_address>
         <size>0xc</size>
      </object_component>
      <object_component id="oc-352">
         <name>.cinit..bss.load</name>
         <load_address>0x86c8</load_address>
         <run_address>0x86c8</run_address>
         <size>0x8</size>
      </object_component>
      <object_component id="oc-350">
         <name>__TI_cinit_table</name>
         <load_address>0x86d0</load_address>
         <run_address>0x86d0</run_address>
         <size>0x10</size>
      </object_component>
      <object_component id="oc-14d">
         <name>.data</name>
         <load_address>0x200000e4</load_address>
         <run_address>0x200000e4</run_address>
         <size>0x4</size>
         <input_file_ref idref="fl-2"/>
      </object_component>
      <object_component id="oc-16b">
         <name>.data</name>
         <load_address>0x200000dc</load_address>
         <run_address>0x200000dc</run_address>
         <size>0x7</size>
         <input_file_ref idref="fl-4"/>
      </object_component>
      <object_component id="oc-171">
         <name>.data:inside</name>
         <load_address>0x20000078</load_address>
         <run_address>0x20000078</run_address>
         <size>0x18</size>
         <input_file_ref idref="fl-4"/>
      </object_component>
      <object_component id="oc-174">
         <name>.data:outside</name>
         <load_address>0x20000090</load_address>
         <run_address>0x20000090</run_address>
         <size>0x18</size>
         <input_file_ref idref="fl-4"/>
      </object_component>
      <object_component id="oc-16e">
         <name>.data:light_status_items</name>
         <load_address>0x20000000</load_address>
         <run_address>0x20000000</run_address>
         <size>0x78</size>
         <input_file_ref idref="fl-4"/>
      </object_component>
      <object_component id="oc-1e5">
         <name>.data</name>
         <load_address>0x200000a8</load_address>
         <run_address>0x200000a8</run_address>
         <size>0x14</size>
         <input_file_ref idref="fl-5"/>
      </object_component>
      <object_component id="oc-f0">
         <name>.data</name>
         <load_address>0x200000c8</load_address>
         <run_address>0x200000c8</run_address>
         <size>0xc</size>
         <input_file_ref idref="fl-9"/>
      </object_component>
      <object_component id="oc-10e">
         <name>.data</name>
         <load_address>0x200000f0</load_address>
         <run_address>0x200000f0</run_address>
         <size>0x4</size>
         <input_file_ref idref="fl-c"/>
      </object_component>
      <object_component id="oc-a8">
         <name>.data:$O1$$</name>
         <load_address>0x200000bc</load_address>
         <run_address>0x200000bc</run_address>
         <size>0xc</size>
         <input_file_ref idref="fl-d1"/>
      </object_component>
      <object_component id="oc-6d">
         <name>.data</name>
         <load_address>0x200000ec</load_address>
         <run_address>0x200000ec</run_address>
         <size>0x4</size>
         <input_file_ref idref="fl-de"/>
      </object_component>
      <object_component id="oc-ab">
         <name>.data:$O1$$</name>
         <load_address>0x200000d4</load_address>
         <run_address>0x200000d4</run_address>
         <size>0x8</size>
         <input_file_ref idref="fl-e0"/>
      </object_component>
      <object_component id="oc-300">
         <name>.data</name>
         <load_address>0x200000e8</load_address>
         <run_address>0x200000e8</run_address>
         <size>0x4</size>
         <input_file_ref idref="fl-ef"/>
      </object_component>
      <object_component id="oc-1df">
         <name>.bss</name>
         <uninitialized>true</uninitialized>
         <run_address>0x2000015c</run_address>
         <size>0x4</size>
         <input_file_ref idref="fl-5"/>
      </object_component>
      <object_component id="oc-149">
         <name>.common:dev</name>
         <uninitialized>true</uninitialized>
         <run_address>0x200000f8</run_address>
         <size>0x40</size>
      </object_component>
      <object_component id="oc-152">
         <name>.common:rslt</name>
         <uninitialized>true</uninitialized>
         <run_address>0x20000186</run_address>
         <size>0x1</size>
      </object_component>
      <object_component id="oc-150">
         <name>.common:com_rslt</name>
         <uninitialized>true</uninitialized>
         <run_address>0x20000184</run_address>
         <size>0x1</size>
      </object_component>
      <object_component id="oc-151">
         <name>.common:v_data_u8</name>
         <uninitialized>true</uninitialized>
         <run_address>0x20000188</run_address>
         <size>0x1</size>
      </object_component>
      <object_component id="oc-14c">
         <name>.common:device_data</name>
         <uninitialized>true</uninitialized>
         <run_address>0x20000138</run_address>
         <size>0x18</size>
      </object_component>
      <object_component id="oc-1f7">
         <name>.common:Message</name>
         <uninitialized>true</uninitialized>
         <run_address>0x20000150</run_address>
         <size>0xc</size>
      </object_component>
      <object_component id="oc-1fa">
         <name>.common:Messageindex</name>
         <uninitialized>true</uninitialized>
         <run_address>0x20000164</run_address>
         <size>0x4</size>
      </object_component>
      <object_component id="oc-1fb">
         <name>.common:Ymax</name>
         <uninitialized>true</uninitialized>
         <run_address>0x20000170</run_address>
         <size>0x4</size>
      </object_component>
      <object_component id="oc-1fc">
         <name>.common:Ymin</name>
         <uninitialized>true</uninitialized>
         <run_address>0x20000174</run_address>
         <size>0x4</size>
      </object_component>
      <object_component id="oc-1fe">
         <name>.common:X</name>
         <uninitialized>true</uninitialized>
         <run_address>0x2000016c</run_address>
         <size>0x4</size>
      </object_component>
      <object_component id="oc-1fd">
         <name>.common:Yrange</name>
         <uninitialized>true</uninitialized>
         <run_address>0x20000178</run_address>
         <size>0x4</size>
      </object_component>
      <object_component id="oc-13b">
         <name>.common:MCLKfreq</name>
         <uninitialized>true</uninitialized>
         <run_address>0x20000160</run_address>
         <size>0x4</size>
      </object_component>
      <object_component id="oc-13e">
         <name>.common:SMCLKfreq</name>
         <uninitialized>true</uninitialized>
         <run_address>0x20000168</run_address>
         <size>0x4</size>
      </object_component>
      <object_component id="oc-eb">
         <name>.common:rst</name>
         <uninitialized>true</uninitialized>
         <run_address>0x20000187</run_address>
         <size>0x1</size>
      </object_component>
      <object_component id="oc-ef">
         <name>.common:retrieveError</name>
         <uninitialized>true</uninitialized>
         <run_address>0x20000185</run_address>
         <size>0x1</size>
      </object_component>
      <object_component id="oc-ee">
         <name>.common:validAddress</name>
         <uninitialized>true</uninitialized>
         <run_address>0x20000189</run_address>
         <size>0x1</size>
      </object_component>
      <object_component id="oc-19c">
         <name>.common:hfxtFreq</name>
         <uninitialized>true</uninitialized>
         <run_address>0x2000017c</run_address>
         <size>0x4</size>
      </object_component>
      <object_component id="oc-199">
         <name>.common:lfxtFreq</name>
         <uninitialized>true</uninitialized>
         <run_address>0x20000180</run_address>
         <size>0x4</size>
      </object_component>
      <object_component id="oc-2b">
         <name>.stack</name>
         <uninitialized>true</uninitialized>
         <run_address>0x2000fe00</run_address>
         <size>0x0</size>
         <input_file_ref idref="fl-cd"/>
      </object_component>
      <object_component id="oc-353">
         <name>.stack</name>
         <uninitialized>true</uninitialized>
         <run_address>0x2000fe00</run_address>
         <size>0x0</size>
      </object_component>
      <object_component id="oc-14a">
         <name>.debug_info</name>
         <load_address>0x0</load_address>
         <run_address>0x0</run_address>
         <size>0x7f3</size>
         <input_file_ref idref="fl-2"/>
      </object_component>
      <object_component id="oc-14e">
         <name>.debug_info</name>
         <load_address>0x7f3</load_address>
         <run_address>0x7f3</run_address>
         <size>0xe6</size>
         <input_file_ref idref="fl-2"/>
      </object_component>
      <object_component id="oc-e0">
         <name>.debug_info</name>
         <load_address>0x8d9</load_address>
         <run_address>0x8d9</run_address>
         <size>0x3eb</size>
         <input_file_ref idref="fl-2"/>
      </object_component>
      <object_component id="oc-185">
         <name>.debug_info</name>
         <load_address>0xcc4</load_address>
         <run_address>0xcc4</run_address>
         <size>0x1055</size>
         <input_file_ref idref="fl-2"/>
      </object_component>
      <object_component id="oc-180">
         <name>.debug_info</name>
         <load_address>0x1d19</load_address>
         <run_address>0x1d19</run_address>
         <size>0x37e2</size>
         <input_file_ref idref="fl-2"/>
      </object_component>
      <object_component id="oc-246">
         <name>.debug_info</name>
         <load_address>0x54fb</load_address>
         <run_address>0x54fb</run_address>
         <size>0x1b5</size>
         <input_file_ref idref="fl-2"/>
      </object_component>
      <object_component id="oc-32">
         <name>.debug_info</name>
         <load_address>0x56b0</load_address>
         <run_address>0x56b0</run_address>
         <size>0x84</size>
         <input_file_ref idref="fl-2"/>
      </object_component>
      <object_component id="oc-1d6">
         <name>.debug_info</name>
         <load_address>0x5734</load_address>
         <run_address>0x5734</run_address>
         <size>0x3c2</size>
         <input_file_ref idref="fl-2"/>
      </object_component>
      <object_component id="oc-112">
         <name>.debug_info</name>
         <load_address>0x5af6</load_address>
         <run_address>0x5af6</run_address>
         <size>0x18b</size>
         <input_file_ref idref="fl-2"/>
      </object_component>
      <object_component id="oc-141">
         <name>.debug_info</name>
         <load_address>0x5c81</load_address>
         <run_address>0x5c81</run_address>
         <size>0x56c</size>
         <input_file_ref idref="fl-3"/>
      </object_component>
      <object_component id="oc-d4">
         <name>.debug_info</name>
         <load_address>0x61ed</load_address>
         <run_address>0x61ed</run_address>
         <size>0x49b</size>
         <input_file_ref idref="fl-3"/>
      </object_component>
      <object_component id="oc-287">
         <name>.debug_info</name>
         <load_address>0x6688</load_address>
         <run_address>0x6688</run_address>
         <size>0xc8</size>
         <input_file_ref idref="fl-3"/>
      </object_component>
      <object_component id="oc-211">
         <name>.debug_info</name>
         <load_address>0x6750</load_address>
         <run_address>0x6750</run_address>
         <size>0x4e</size>
         <input_file_ref idref="fl-3"/>
      </object_component>
      <object_component id="oc-17d">
         <name>.debug_info</name>
         <load_address>0x679e</load_address>
         <run_address>0x679e</run_address>
         <size>0x761</size>
         <input_file_ref idref="fl-4"/>
      </object_component>
      <object_component id="oc-21a">
         <name>.debug_info</name>
         <load_address>0x6eff</load_address>
         <run_address>0x6eff</run_address>
         <size>0xd5</size>
         <input_file_ref idref="fl-4"/>
      </object_component>
      <object_component id="oc-220">
         <name>.debug_info</name>
         <load_address>0x6fd4</load_address>
         <run_address>0x6fd4</run_address>
         <size>0xdd</size>
         <input_file_ref idref="fl-4"/>
      </object_component>
      <object_component id="oc-223">
         <name>.debug_info</name>
         <load_address>0x70b1</load_address>
         <run_address>0x70b1</run_address>
         <size>0xe3</size>
         <input_file_ref idref="fl-4"/>
      </object_component>
      <object_component id="oc-226">
         <name>.debug_info</name>
         <load_address>0x7194</load_address>
         <run_address>0x7194</run_address>
         <size>0xd7</size>
         <input_file_ref idref="fl-4"/>
      </object_component>
      <object_component id="oc-21d">
         <name>.debug_info</name>
         <load_address>0x726b</load_address>
         <run_address>0x726b</run_address>
         <size>0xdd</size>
         <input_file_ref idref="fl-4"/>
      </object_component>
      <object_component id="oc-16c">
         <name>.debug_info</name>
         <load_address>0x7348</load_address>
         <run_address>0x7348</run_address>
         <size>0x172</size>
         <input_file_ref idref="fl-4"/>
      </object_component>
      <object_component id="oc-172">
         <name>.debug_info</name>
         <load_address>0x74ba</load_address>
         <run_address>0x74ba</run_address>
         <size>0xd9</size>
         <input_file_ref idref="fl-4"/>
      </object_component>
      <object_component id="oc-175">
         <name>.debug_info</name>
         <load_address>0x7593</load_address>
         <run_address>0x7593</run_address>
         <size>0xdb</size>
         <input_file_ref idref="fl-4"/>
      </object_component>
      <object_component id="oc-16f">
         <name>.debug_info</name>
         <load_address>0x766e</load_address>
         <run_address>0x766e</run_address>
         <size>0xf1</size>
         <input_file_ref idref="fl-4"/>
      </object_component>
      <object_component id="oc-e6">
         <name>.debug_info</name>
         <load_address>0x775f</load_address>
         <run_address>0x775f</run_address>
         <size>0x6c1</size>
         <input_file_ref idref="fl-4"/>
      </object_component>
      <object_component id="oc-178">
         <name>.debug_info</name>
         <load_address>0x7e20</load_address>
         <run_address>0x7e20</run_address>
         <size>0x2d8</size>
         <input_file_ref idref="fl-4"/>
      </object_component>
      <object_component id="oc-203">
         <name>.debug_info</name>
         <load_address>0x80f8</load_address>
         <run_address>0x80f8</run_address>
         <size>0x51</size>
         <input_file_ref idref="fl-4"/>
      </object_component>
      <object_component id="oc-1f8">
         <name>.debug_info</name>
         <load_address>0x8149</load_address>
         <run_address>0x8149</run_address>
         <size>0x669</size>
         <input_file_ref idref="fl-5"/>
      </object_component>
      <object_component id="oc-1e6">
         <name>.debug_info</name>
         <load_address>0x87b2</load_address>
         <run_address>0x87b2</run_address>
         <size>0x16c</size>
         <input_file_ref idref="fl-5"/>
      </object_component>
      <object_component id="oc-1f5">
         <name>.debug_info</name>
         <load_address>0x891e</load_address>
         <run_address>0x891e</run_address>
         <size>0xd7</size>
         <input_file_ref idref="fl-5"/>
      </object_component>
      <object_component id="oc-1e0">
         <name>.debug_info</name>
         <load_address>0x89f5</load_address>
         <run_address>0x89f5</run_address>
         <size>0x143</size>
         <input_file_ref idref="fl-5"/>
      </object_component>
      <object_component id="oc-1e3">
         <name>.debug_info</name>
         <load_address>0x8b38</load_address>
         <run_address>0x8b38</run_address>
         <size>0xd8</size>
         <input_file_ref idref="fl-5"/>
      </object_component>
      <object_component id="oc-1e9">
         <name>.debug_info</name>
         <load_address>0x8c10</load_address>
         <run_address>0x8c10</run_address>
         <size>0xda</size>
         <input_file_ref idref="fl-5"/>
      </object_component>
      <object_component id="oc-1ec">
         <name>.debug_info</name>
         <load_address>0x8cea</load_address>
         <run_address>0x8cea</run_address>
         <size>0xe4</size>
         <input_file_ref idref="fl-5"/>
      </object_component>
      <object_component id="oc-1ef">
         <name>.debug_info</name>
         <load_address>0x8dce</load_address>
         <run_address>0x8dce</run_address>
         <size>0xe0</size>
         <input_file_ref idref="fl-5"/>
      </object_component>
      <object_component id="oc-1f2">
         <name>.debug_info</name>
         <load_address>0x8eae</load_address>
         <run_address>0x8eae</run_address>
         <size>0xda</size>
         <input_file_ref idref="fl-5"/>
      </object_component>
      <object_component id="oc-200">
         <name>.debug_info</name>
         <load_address>0x8f88</load_address>
         <run_address>0x8f88</run_address>
         <size>0xd9</size>
         <input_file_ref idref="fl-5"/>
      </object_component>
      <object_component id="oc-155">
         <name>.debug_info</name>
         <load_address>0x9061</load_address>
         <run_address>0x9061</run_address>
         <size>0x22a5</size>
         <input_file_ref idref="fl-5"/>
      </object_component>
      <object_component id="oc-1d5">
         <name>.debug_info</name>
         <load_address>0xb306</load_address>
         <run_address>0xb306</run_address>
         <size>0x33e</size>
         <input_file_ref idref="fl-6"/>
      </object_component>
      <object_component id="oc-1aa">
         <name>.debug_info</name>
         <load_address>0xb644</load_address>
         <run_address>0xb644</run_address>
         <size>0xde</size>
         <input_file_ref idref="fl-6"/>
      </object_component>
      <object_component id="oc-144">
         <name>.debug_info</name>
         <load_address>0xb722</load_address>
         <run_address>0xb722</run_address>
         <size>0x2f8c</size>
         <input_file_ref idref="fl-6"/>
      </object_component>
      <object_component id="oc-13c">
         <name>.debug_info</name>
         <load_address>0xe6ae</load_address>
         <run_address>0xe6ae</run_address>
         <size>0x64b</size>
         <input_file_ref idref="fl-7"/>
      </object_component>
      <object_component id="oc-ce">
         <name>.debug_info</name>
         <load_address>0xecf9</load_address>
         <run_address>0xecf9</run_address>
         <size>0x2ef</size>
         <input_file_ref idref="fl-7"/>
      </object_component>
      <object_component id="oc-f4">
         <name>.debug_info</name>
         <load_address>0xefe8</load_address>
         <run_address>0xefe8</run_address>
         <size>0x8b</size>
         <input_file_ref idref="fl-7"/>
      </object_component>
      <object_component id="oc-166">
         <name>.debug_info</name>
         <load_address>0xf073</load_address>
         <run_address>0xf073</run_address>
         <size>0x19c</size>
         <input_file_ref idref="fl-8"/>
      </object_component>
      <object_component id="oc-ec">
         <name>.debug_info</name>
         <load_address>0xf20f</load_address>
         <run_address>0xf20f</run_address>
         <size>0x7de</size>
         <input_file_ref idref="fl-9"/>
      </object_component>
      <object_component id="oc-f1">
         <name>.debug_info</name>
         <load_address>0xf9ed</load_address>
         <run_address>0xf9ed</run_address>
         <size>0x14a</size>
         <input_file_ref idref="fl-9"/>
      </object_component>
      <object_component id="oc-a2">
         <name>.debug_info</name>
         <load_address>0xfb37</load_address>
         <run_address>0xfb37</run_address>
         <size>0x21c</size>
         <input_file_ref idref="fl-9"/>
      </object_component>
      <object_component id="oc-79">
         <name>.debug_info</name>
         <load_address>0xfd53</load_address>
         <run_address>0xfd53</run_address>
         <size>0x2c4</size>
         <input_file_ref idref="fl-a"/>
      </object_component>
      <object_component id="oc-29">
         <name>.debug_info</name>
         <load_address>0x10017</load_address>
         <run_address>0x10017</run_address>
         <size>0x101</size>
         <input_file_ref idref="fl-a"/>
      </object_component>
      <object_component id="oc-74">
         <name>.debug_info</name>
         <load_address>0x10118</load_address>
         <run_address>0x10118</run_address>
         <size>0x268</size>
         <input_file_ref idref="fl-a"/>
      </object_component>
      <object_component id="oc-da">
         <name>.debug_info</name>
         <load_address>0x10380</load_address>
         <run_address>0x10380</run_address>
         <size>0x191</size>
         <input_file_ref idref="fl-b"/>
      </object_component>
      <object_component id="oc-10f">
         <name>.debug_info</name>
         <load_address>0x10511</load_address>
         <run_address>0x10511</run_address>
         <size>0xfa</size>
         <input_file_ref idref="fl-c"/>
      </object_component>
      <object_component id="oc-b4">
         <name>.debug_info</name>
         <load_address>0x1060b</load_address>
         <run_address>0x1060b</run_address>
         <size>0x26c</size>
         <input_file_ref idref="fl-c"/>
      </object_component>
      <object_component id="oc-19a">
         <name>.debug_info</name>
         <load_address>0x10877</load_address>
         <run_address>0x10877</run_address>
         <size>0x5ef</size>
         <input_file_ref idref="fl-13"/>
      </object_component>
      <object_component id="oc-25e">
         <name>.debug_info</name>
         <load_address>0x10e66</load_address>
         <run_address>0x10e66</run_address>
         <size>0xfc</size>
         <input_file_ref idref="fl-13"/>
      </object_component>
      <object_component id="oc-1a0">
         <name>.debug_info</name>
         <load_address>0x10f62</load_address>
         <run_address>0x10f62</run_address>
         <size>0x23c</size>
         <input_file_ref idref="fl-13"/>
      </object_component>
      <object_component id="oc-137">
         <name>.debug_info</name>
         <load_address>0x1119e</load_address>
         <run_address>0x1119e</run_address>
         <size>0x122</size>
         <input_file_ref idref="fl-13"/>
      </object_component>
      <object_component id="oc-131">
         <name>.debug_info</name>
         <load_address>0x112c0</load_address>
         <run_address>0x112c0</run_address>
         <size>0x1dd</size>
         <input_file_ref idref="fl-13"/>
      </object_component>
      <object_component id="oc-234">
         <name>.debug_info</name>
         <load_address>0x1149d</load_address>
         <run_address>0x1149d</run_address>
         <size>0x131</size>
         <input_file_ref idref="fl-13"/>
      </object_component>
      <object_component id="oc-2de">
         <name>.debug_info</name>
         <load_address>0x115ce</load_address>
         <run_address>0x115ce</run_address>
         <size>0x129</size>
         <input_file_ref idref="fl-13"/>
      </object_component>
      <object_component id="oc-23a">
         <name>.debug_info</name>
         <load_address>0x116f7</load_address>
         <run_address>0x116f7</run_address>
         <size>0x1dd</size>
         <input_file_ref idref="fl-13"/>
      </object_component>
      <object_component id="oc-240">
         <name>.debug_info</name>
         <load_address>0x118d4</load_address>
         <run_address>0x118d4</run_address>
         <size>0x120</size>
         <input_file_ref idref="fl-13"/>
      </object_component>
      <object_component id="oc-194">
         <name>.debug_info</name>
         <load_address>0x119f4</load_address>
         <run_address>0x119f4</run_address>
         <size>0x1d8</size>
         <input_file_ref idref="fl-13"/>
      </object_component>
      <object_component id="oc-126">
         <name>.debug_info</name>
         <load_address>0x11bcc</load_address>
         <run_address>0x11bcc</run_address>
         <size>0x132</size>
         <input_file_ref idref="fl-13"/>
      </object_component>
      <object_component id="oc-12c">
         <name>.debug_info</name>
         <load_address>0x11cfe</load_address>
         <run_address>0x11cfe</run_address>
         <size>0x130</size>
         <input_file_ref idref="fl-13"/>
      </object_component>
      <object_component id="oc-24b">
         <name>.debug_info</name>
         <load_address>0x11e2e</load_address>
         <run_address>0x11e2e</run_address>
         <size>0x103e</size>
         <input_file_ref idref="fl-13"/>
      </object_component>
      <object_component id="oc-2eb">
         <name>.debug_info</name>
         <load_address>0x12e6c</load_address>
         <run_address>0x12e6c</run_address>
         <size>0x379</size>
         <input_file_ref idref="fl-15"/>
      </object_component>
      <object_component id="oc-2e4">
         <name>.debug_info</name>
         <load_address>0x131e5</load_address>
         <run_address>0x131e5</run_address>
         <size>0x1d6</size>
         <input_file_ref idref="fl-15"/>
      </object_component>
      <object_component id="oc-253">
         <name>.debug_info</name>
         <load_address>0x133bb</load_address>
         <run_address>0x133bb</run_address>
         <size>0x10f</size>
         <input_file_ref idref="fl-15"/>
      </object_component>
      <object_component id="oc-265">
         <name>.debug_info</name>
         <load_address>0x134ca</load_address>
         <run_address>0x134ca</run_address>
         <size>0x12b</size>
         <input_file_ref idref="fl-15"/>
      </object_component>
      <object_component id="oc-259">
         <name>.debug_info</name>
         <load_address>0x135f5</load_address>
         <run_address>0x135f5</run_address>
         <size>0x12d</size>
         <input_file_ref idref="fl-15"/>
      </object_component>
      <object_component id="oc-23">
         <name>.debug_info</name>
         <load_address>0x13722</load_address>
         <run_address>0x13722</run_address>
         <size>0x160</size>
         <input_file_ref idref="fl-cd"/>
      </object_component>
      <object_component id="oc-7f">
         <name>.debug_info</name>
         <load_address>0x13882</load_address>
         <run_address>0x13882</run_address>
         <size>0x293</size>
         <input_file_ref idref="fl-ce"/>
      </object_component>
      <object_component id="oc-12">
         <name>.debug_info</name>
         <load_address>0x13b15</load_address>
         <run_address>0x13b15</run_address>
         <size>0x245</size>
         <input_file_ref idref="fl-ce"/>
      </object_component>
      <object_component id="oc-2d">
         <name>.debug_info</name>
         <load_address>0x13d5a</load_address>
         <run_address>0x13d5a</run_address>
         <size>0x60</size>
         <input_file_ref idref="fl-ce"/>
      </object_component>
      <object_component id="oc-7a">
         <name>.debug_info</name>
         <load_address>0x13dba</load_address>
         <run_address>0x13dba</run_address>
         <size>0x46</size>
         <input_file_ref idref="fl-ce"/>
      </object_component>
      <object_component id="oc-42">
         <name>.debug_info</name>
         <load_address>0x13e00</load_address>
         <run_address>0x13e00</run_address>
         <size>0x2da</size>
         <input_file_ref idref="fl-cf"/>
      </object_component>
      <object_component id="oc-17">
         <name>.debug_info</name>
         <load_address>0x140da</load_address>
         <run_address>0x140da</run_address>
         <size>0x1df</size>
         <input_file_ref idref="fl-cf"/>
      </object_component>
      <object_component id="oc-3d">
         <name>.debug_info</name>
         <load_address>0x142b9</load_address>
         <run_address>0x142b9</run_address>
         <size>0x46</size>
         <input_file_ref idref="fl-cf"/>
      </object_component>
      <object_component id="oc-81">
         <name>.debug_info</name>
         <load_address>0x142ff</load_address>
         <run_address>0x142ff</run_address>
         <size>0x2c</size>
         <input_file_ref idref="fl-cf"/>
      </object_component>
      <object_component id="oc-4e">
         <name>.debug_info</name>
         <load_address>0x1432b</load_address>
         <run_address>0x1432b</run_address>
         <size>0x2c9</size>
         <input_file_ref idref="fl-d0"/>
      </object_component>
      <object_component id="oc-1d">
         <name>.debug_info</name>
         <load_address>0x145f4</load_address>
         <run_address>0x145f4</run_address>
         <size>0x1aa</size>
         <input_file_ref idref="fl-d0"/>
      </object_component>
      <object_component id="oc-49">
         <name>.debug_info</name>
         <load_address>0x1479e</load_address>
         <run_address>0x1479e</run_address>
         <size>0x46</size>
         <input_file_ref idref="fl-d0"/>
      </object_component>
      <object_component id="oc-89">
         <name>.debug_info</name>
         <load_address>0x147e4</load_address>
         <run_address>0x147e4</run_address>
         <size>0x2c</size>
         <input_file_ref idref="fl-d0"/>
      </object_component>
      <object_component id="oc-af">
         <name>.debug_info</name>
         <load_address>0x14810</load_address>
         <run_address>0x14810</run_address>
         <size>0x3ce</size>
         <input_file_ref idref="fl-d1"/>
      </object_component>
      <object_component id="oc-a9">
         <name>.debug_info</name>
         <load_address>0x14bde</load_address>
         <run_address>0x14bde</run_address>
         <size>0x185</size>
         <input_file_ref idref="fl-d1"/>
      </object_component>
      <object_component id="oc-69">
         <name>.debug_info</name>
         <load_address>0x14d63</load_address>
         <run_address>0x14d63</run_address>
         <size>0x214</size>
         <input_file_ref idref="fl-d1"/>
      </object_component>
      <object_component id="oc-1b7">
         <name>.debug_info</name>
         <load_address>0x14f77</load_address>
         <run_address>0x14f77</run_address>
         <size>0x144</size>
         <input_file_ref idref="fl-d2"/>
      </object_component>
      <object_component id="oc-1cb">
         <name>.debug_info</name>
         <load_address>0x150bb</load_address>
         <run_address>0x150bb</run_address>
         <size>0x120</size>
         <input_file_ref idref="fl-d3"/>
      </object_component>
      <object_component id="oc-1d0">
         <name>.debug_info</name>
         <load_address>0x151db</load_address>
         <run_address>0x151db</run_address>
         <size>0x122</size>
         <input_file_ref idref="fl-d3"/>
      </object_component>
      <object_component id="oc-1b2">
         <name>.debug_info</name>
         <load_address>0x152fd</load_address>
         <run_address>0x152fd</run_address>
         <size>0x132</size>
         <input_file_ref idref="fl-d4"/>
      </object_component>
      <object_component id="oc-1c3">
         <name>.debug_info</name>
         <load_address>0x1542f</load_address>
         <run_address>0x1542f</run_address>
         <size>0x132</size>
         <input_file_ref idref="fl-d5"/>
      </object_component>
      <object_component id="oc-1c8">
         <name>.debug_info</name>
         <load_address>0x15561</load_address>
         <run_address>0x15561</run_address>
         <size>0x126</size>
         <input_file_ref idref="fl-d6"/>
      </object_component>
      <object_component id="oc-15c">
         <name>.debug_info</name>
         <load_address>0x15687</load_address>
         <run_address>0x15687</run_address>
         <size>0x124</size>
         <input_file_ref idref="fl-d7"/>
      </object_component>
      <object_component id="oc-1bc">
         <name>.debug_info</name>
         <load_address>0x157ab</load_address>
         <run_address>0x157ab</run_address>
         <size>0x124</size>
         <input_file_ref idref="fl-d8"/>
      </object_component>
      <object_component id="oc-3a">
         <name>.debug_info</name>
         <load_address>0x158cf</load_address>
         <run_address>0x158cf</run_address>
         <size>0x111</size>
         <input_file_ref idref="fl-d9"/>
      </object_component>
      <object_component id="oc-45">
         <name>.debug_info</name>
         <load_address>0x159e0</load_address>
         <run_address>0x159e0</run_address>
         <size>0x13f</size>
         <input_file_ref idref="fl-da"/>
      </object_component>
      <object_component id="oc-50">
         <name>.debug_info</name>
         <load_address>0x15b1f</load_address>
         <run_address>0x15b1f</run_address>
         <size>0x138</size>
         <input_file_ref idref="fl-db"/>
      </object_component>
      <object_component id="oc-58">
         <name>.debug_info</name>
         <load_address>0x15c57</load_address>
         <run_address>0x15c57</run_address>
         <size>0x148</size>
         <input_file_ref idref="fl-dc"/>
      </object_component>
      <object_component id="oc-210">
         <name>.debug_info</name>
         <load_address>0x15d9f</load_address>
         <run_address>0x15d9f</run_address>
         <size>0x355</size>
         <input_file_ref idref="fl-dd"/>
      </object_component>
      <object_component id="oc-162">
         <name>.debug_info</name>
         <load_address>0x160f4</load_address>
         <run_address>0x160f4</run_address>
         <size>0x2e4</size>
         <input_file_ref idref="fl-dd"/>
      </object_component>
      <object_component id="oc-2c9">
         <name>.debug_info</name>
         <load_address>0x163d8</load_address>
         <run_address>0x163d8</run_address>
         <size>0x2c</size>
         <input_file_ref idref="fl-dd"/>
      </object_component>
      <object_component id="oc-6e">
         <name>.debug_info</name>
         <load_address>0x16404</load_address>
         <run_address>0x16404</run_address>
         <size>0x109</size>
         <input_file_ref idref="fl-de"/>
      </object_component>
      <object_component id="oc-1ad">
         <name>.debug_info</name>
         <load_address>0x1650d</load_address>
         <run_address>0x1650d</run_address>
         <size>0x126</size>
         <input_file_ref idref="fl-df"/>
      </object_component>
      <object_component id="oc-10a">
         <name>.debug_info</name>
         <load_address>0x16633</load_address>
         <run_address>0x16633</run_address>
         <size>0x2be</size>
         <input_file_ref idref="fl-e0"/>
      </object_component>
      <object_component id="oc-ac">
         <name>.debug_info</name>
         <load_address>0x168f1</load_address>
         <run_address>0x168f1</run_address>
         <size>0x113</size>
         <input_file_ref idref="fl-e0"/>
      </object_component>
      <object_component id="oc-104">
         <name>.debug_info</name>
         <load_address>0x16a04</load_address>
         <run_address>0x16a04</run_address>
         <size>0x21f</size>
         <input_file_ref idref="fl-e0"/>
      </object_component>
      <object_component id="oc-2be">
         <name>.debug_info</name>
         <load_address>0x16c23</load_address>
         <run_address>0x16c23</run_address>
         <size>0x51f</size>
         <input_file_ref idref="fl-e1"/>
      </object_component>
      <object_component id="oc-20a">
         <name>.debug_info</name>
         <load_address>0x17142</load_address>
         <run_address>0x17142</run_address>
         <size>0x1543</size>
         <input_file_ref idref="fl-e1"/>
      </object_component>
      <object_component id="oc-2bf">
         <name>.debug_info</name>
         <load_address>0x18685</load_address>
         <run_address>0x18685</run_address>
         <size>0x86</size>
         <input_file_ref idref="fl-e1"/>
      </object_component>
      <object_component id="oc-310">
         <name>.debug_info</name>
         <load_address>0x1870b</load_address>
         <run_address>0x1870b</run_address>
         <size>0x46</size>
         <input_file_ref idref="fl-e1"/>
      </object_component>
      <object_component id="oc-2c4">
         <name>.debug_info</name>
         <load_address>0x18751</load_address>
         <run_address>0x18751</run_address>
         <size>0x39</size>
         <input_file_ref idref="fl-e1"/>
      </object_component>
      <object_component id="oc-a7">
         <name>.debug_info</name>
         <load_address>0x1878a</load_address>
         <run_address>0x1878a</run_address>
         <size>0x300</size>
         <input_file_ref idref="fl-e2"/>
      </object_component>
      <object_component id="oc-62">
         <name>.debug_info</name>
         <load_address>0x18a8a</load_address>
         <run_address>0x18a8a</run_address>
         <size>0x167</size>
         <input_file_ref idref="fl-e2"/>
      </object_component>
      <object_component id="oc-fb">
         <name>.debug_info</name>
         <load_address>0x18bf1</load_address>
         <run_address>0x18bf1</run_address>
         <size>0x5e</size>
         <input_file_ref idref="fl-e2"/>
      </object_component>
      <object_component id="oc-30b">
         <name>.debug_info</name>
         <load_address>0x18c4f</load_address>
         <run_address>0x18c4f</run_address>
         <size>0x2ae</size>
         <input_file_ref idref="fl-e3"/>
      </object_component>
      <object_component id="oc-2b3">
         <name>.debug_info</name>
         <load_address>0x18efd</load_address>
         <run_address>0x18efd</run_address>
         <size>0x171</size>
         <input_file_ref idref="fl-e3"/>
      </object_component>
      <object_component id="oc-9f">
         <name>.debug_info</name>
         <load_address>0x1906e</load_address>
         <run_address>0x1906e</run_address>
         <size>0x483</size>
         <input_file_ref idref="fl-e4"/>
      </object_component>
      <object_component id="oc-5d">
         <name>.debug_info</name>
         <load_address>0x194f1</load_address>
         <run_address>0x194f1</run_address>
         <size>0x190</size>
         <input_file_ref idref="fl-e4"/>
      </object_component>
      <object_component id="oc-c3">
         <name>.debug_info</name>
         <load_address>0x19681</load_address>
         <run_address>0x19681</run_address>
         <size>0x39</size>
         <input_file_ref idref="fl-e4"/>
      </object_component>
      <object_component id="oc-11e">
         <name>.debug_info</name>
         <load_address>0x196ba</load_address>
         <run_address>0x196ba</run_address>
         <size>0x39</size>
         <input_file_ref idref="fl-e4"/>
      </object_component>
      <object_component id="oc-c8">
         <name>.debug_info</name>
         <load_address>0x196f3</load_address>
         <run_address>0x196f3</run_address>
         <size>0xcd</size>
         <input_file_ref idref="fl-e4"/>
      </object_component>
      <object_component id="oc-bf">
         <name>.debug_info</name>
         <load_address>0x197c0</load_address>
         <run_address>0x197c0</run_address>
         <size>0x37a</size>
         <input_file_ref idref="fl-e5"/>
      </object_component>
      <object_component id="oc-93">
         <name>.debug_info</name>
         <load_address>0x19b3a</load_address>
         <run_address>0x19b3a</run_address>
         <size>0x183</size>
         <input_file_ref idref="fl-e5"/>
      </object_component>
      <object_component id="oc-119">
         <name>.debug_info</name>
         <load_address>0x19cbd</load_address>
         <run_address>0x19cbd</run_address>
         <size>0x2c</size>
         <input_file_ref idref="fl-e5"/>
      </object_component>
      <object_component id="oc-328">
         <name>.debug_info</name>
         <load_address>0x19ce9</load_address>
         <run_address>0x19ce9</run_address>
         <size>0xee</size>
         <input_file_ref idref="fl-e6"/>
      </object_component>
      <object_component id="oc-308">
         <name>.debug_info</name>
         <load_address>0x19dd7</load_address>
         <run_address>0x19dd7</run_address>
         <size>0xfa</size>
         <input_file_ref idref="fl-e6"/>
      </object_component>
      <object_component id="oc-2f2">
         <name>.debug_info</name>
         <load_address>0x19ed1</load_address>
         <run_address>0x19ed1</run_address>
         <size>0x2e6</size>
         <input_file_ref idref="fl-e7"/>
      </object_component>
      <object_component id="oc-29b">
         <name>.debug_info</name>
         <load_address>0x1a1b7</load_address>
         <run_address>0x1a1b7</run_address>
         <size>0x1c2</size>
         <input_file_ref idref="fl-e7"/>
      </object_component>
      <object_component id="oc-30d">
         <name>.debug_info</name>
         <load_address>0x1a379</load_address>
         <run_address>0x1a379</run_address>
         <size>0x28b</size>
         <input_file_ref idref="fl-e8"/>
      </object_component>
      <object_component id="oc-2b8">
         <name>.debug_info</name>
         <load_address>0x1a604</load_address>
         <run_address>0x1a604</run_address>
         <size>0x1ab</size>
         <input_file_ref idref="fl-e8"/>
      </object_component>
      <object_component id="oc-2f4">
         <name>.debug_info</name>
         <load_address>0x1a7af</load_address>
         <run_address>0x1a7af</run_address>
         <size>0x2d9</size>
         <input_file_ref idref="fl-e9"/>
      </object_component>
      <object_component id="oc-2a2">
         <name>.debug_info</name>
         <load_address>0x1aa88</load_address>
         <run_address>0x1aa88</run_address>
         <size>0x18a</size>
         <input_file_ref idref="fl-e9"/>
      </object_component>
      <object_component id="oc-2f5">
         <name>.debug_info</name>
         <load_address>0x1ac12</load_address>
         <run_address>0x1ac12</run_address>
         <size>0x2c</size>
         <input_file_ref idref="fl-e9"/>
      </object_component>
      <object_component id="oc-304">
         <name>.debug_info</name>
         <load_address>0x1ac3e</load_address>
         <run_address>0x1ac3e</run_address>
         <size>0x316</size>
         <input_file_ref idref="fl-ea"/>
      </object_component>
      <object_component id="oc-2a8">
         <name>.debug_info</name>
         <load_address>0x1af54</load_address>
         <run_address>0x1af54</run_address>
         <size>0x1d5</size>
         <input_file_ref idref="fl-ea"/>
      </object_component>
      <object_component id="oc-99">
         <name>.debug_info</name>
         <load_address>0x1b129</load_address>
         <run_address>0x1b129</run_address>
         <size>0x145</size>
         <input_file_ref idref="fl-eb"/>
      </object_component>
      <object_component id="oc-306">
         <name>.debug_info</name>
         <load_address>0x1b26e</load_address>
         <run_address>0x1b26e</run_address>
         <size>0x28f</size>
         <input_file_ref idref="fl-ec"/>
      </object_component>
      <object_component id="oc-2ac">
         <name>.debug_info</name>
         <load_address>0x1b4fd</load_address>
         <run_address>0x1b4fd</run_address>
         <size>0x244</size>
         <input_file_ref idref="fl-ec"/>
      </object_component>
      <object_component id="oc-2f0">
         <name>.debug_info</name>
         <load_address>0x1b741</load_address>
         <run_address>0x1b741</run_address>
         <size>0x284</size>
         <input_file_ref idref="fl-ed"/>
      </object_component>
      <object_component id="oc-295">
         <name>.debug_info</name>
         <load_address>0x1b9c5</load_address>
         <run_address>0x1b9c5</run_address>
         <size>0x22a</size>
         <input_file_ref idref="fl-ed"/>
      </object_component>
      <object_component id="oc-28f">
         <name>.debug_info</name>
         <load_address>0x1bbef</load_address>
         <run_address>0x1bbef</run_address>
         <size>0x17d</size>
         <input_file_ref idref="fl-ee"/>
      </object_component>
      <object_component id="oc-301">
         <name>.debug_info</name>
         <load_address>0x1bd6c</load_address>
         <run_address>0x1bd6c</run_address>
         <size>0xf3</size>
         <input_file_ref idref="fl-ef"/>
      </object_component>
      <object_component id="oc-2fb">
         <name>.debug_info</name>
         <load_address>0x1be5f</load_address>
         <run_address>0x1be5f</run_address>
         <size>0x156</size>
         <input_file_ref idref="fl-f0"/>
      </object_component>
      <object_component id="oc-354">
         <name>.debug_info</name>
         <load_address>0x1bfb5</load_address>
         <run_address>0x1bfb5</run_address>
         <size>0xb0</size>
      </object_component>
      <object_component id="oc-1dc">
         <name>.debug_line</name>
         <load_address>0x0</load_address>
         <run_address>0x0</run_address>
         <size>0x6a</size>
         <input_file_ref idref="fl-2"/>
      </object_component>
      <object_component id="oc-1de">
         <name>.debug_line</name>
         <load_address>0x6a</load_address>
         <run_address>0x6a</run_address>
         <size>0x35</size>
         <input_file_ref idref="fl-2"/>
      </object_component>
      <object_component id="oc-e3">
         <name>.debug_line</name>
         <load_address>0x9f</load_address>
         <run_address>0x9f</run_address>
         <size>0xf0</size>
         <input_file_ref idref="fl-2"/>
      </object_component>
      <object_component id="oc-188">
         <name>.debug_line</name>
         <load_address>0x18f</load_address>
         <run_address>0x18f</run_address>
         <size>0x55</size>
         <input_file_ref idref="fl-2"/>
      </object_component>
      <object_component id="oc-183">
         <name>.debug_line</name>
         <load_address>0x1e4</load_address>
         <run_address>0x1e4</run_address>
         <size>0x52</size>
         <input_file_ref idref="fl-2"/>
      </object_component>
      <object_component id="oc-249">
         <name>.debug_line</name>
         <load_address>0x236</load_address>
         <run_address>0x236</run_address>
         <size>0x6b</size>
         <input_file_ref idref="fl-2"/>
      </object_component>
      <object_component id="oc-35">
         <name>.debug_line</name>
         <load_address>0x2a1</load_address>
         <run_address>0x2a1</run_address>
         <size>0x20</size>
         <input_file_ref idref="fl-2"/>
      </object_component>
      <object_component id="oc-1d9">
         <name>.debug_line</name>
         <load_address>0x2c1</load_address>
         <run_address>0x2c1</run_address>
         <size>0x34</size>
         <input_file_ref idref="fl-2"/>
      </object_component>
      <object_component id="oc-115">
         <name>.debug_line</name>
         <load_address>0x2f5</load_address>
         <run_address>0x2f5</run_address>
         <size>0x65</size>
         <input_file_ref idref="fl-2"/>
      </object_component>
      <object_component id="oc-1a8">
         <name>.debug_line</name>
         <load_address>0x35a</load_address>
         <run_address>0x35a</run_address>
         <size>0x20</size>
         <input_file_ref idref="fl-3"/>
      </object_component>
[...]
      </symbol>
      <symbol id="sm-2c2">
         <name>StY</name>
         <value>0x200000ac</value>
         <object_component_ref idref="oc-1e5"/>
      </symbol>
      <symbol id="sm-2c3">
         <name>StX</name>
         <value>0x200000a8</value>
         <object_component_ref idref="oc-1e5"/>
      </symbol>
      <symbol id="sm-2c4">
         <name>lastj</name>
         <value>0x200000b8</value>
         <object_component_ref idref="oc-1e5"/>
      </symbol>
      <symbol id="sm-2c5">
         <name>ST7735_PlotClear</name>
         <value>0xfaf</value>
         <object_component_ref idref="oc-154"/>
      </symbol>
      <symbol id="sm-2c6">
         <name>ST7735_PlotNextErase</name>
         <value>0x139b</value>
         <object_component_ref idref="oc-154"/>
      </symbol>
      <symbol id="sm-2c7">
         <name>ST7735_DrawBitmap</name>
         <value>0x7fd</value>
         <object_component_ref idref="oc-154"/>
      </symbol>
      <symbol id="sm-2c8">
         <name>ST7735_DrawString2</name>
         <value>0xd69</value>
         <object_component_ref idref="oc-154"/>
      </symbol>
      <symbol id="sm-2c9">
         <name>dBfs</name>
         <value>0x821f</value>
         <object_component_ref idref="oc-1ff"/>
      </symbol>
      <symbol id="sm-2ca">
         <name>ST7735_SetRotation</name>
         <value>0xecd</value>
         <object_component_ref idref="oc-154"/>
      </symbol>
      <symbol id="sm-2cb">
         <name>ST7735_SwapColor</name>
         <value>0x7cd</value>
         <object_component_ref idref="oc-154"/>
      </symbol>
      <symbol id="sm-2cc">
         <name>ST7735_PlotLine</name>
         <value>0x10d1</value>
         <object_component_ref idref="oc-154"/>
      </symbol>
      <symbol id="sm-2cd">
         <name>ST7735_DrawString</name>
         <value>0xce3</value>
         <object_component_ref idref="oc-154"/>
      </symbol>
      <symbol id="sm-2ce">
         <name>ST7735_FillRect</name>
         <value>0x68d</value>
         <object_component_ref idref="oc-154"/>
      </symbol>
      <symbol id="sm-2cf">
         <name>ST7735_PlotPoint</name>
         <value>0x100b</value>
         <object_component_ref idref="oc-154"/>
      </symbol>
      <symbol id="sm-2d0">
         <name>fputc</name>
         <value>0x14c3</value>
         <object_component_ref idref="oc-154"/>
      </symbol>
      <symbol id="sm-2d1">
         <name>fgetc</name>
         <value>0x14d5</value>
         <object_component_ref idref="oc-154"/>
      </symbol>
      <symbol id="sm-2d2">
         <name>ST7735_InvertDisplay</name>
         <value>0xf97</value>
         <object_component_ref idref="oc-154"/>
      </symbol>
      <symbol id="sm-2d3">
         <name>ST7735_DrawFastHLine</name>
         <value>0x591</value>
         <object_component_ref idref="oc-154"/>
      </symbol>
      <symbol id="sm-2d4">
         <name>ST7735_OutString</name>
         <value>0x1491</value>
         <object_component_ref idref="oc-154"/>
      </symbol>
      <symbol id="sm-382">
         <name>bme280_parse_sensor_data</name>
         <value>0x2aa9</value>
         <object_component_ref idref="oc-143"/>
      </symbol>
      <symbol id="sm-383">
         <name>bme280_get_sensor_data</name>
         <value>0x2a31</value>
         <object_component_ref idref="oc-143"/>
      </symbol>
      <symbol id="sm-384">
         <name>bme280_get_regs</name>
         <value>0x273f</value>
         <object_component_ref idref="oc-143"/>
      </symbol>
      <symbol id="sm-385">
         <name>bme280_set_regs</name>
         <value>0x27a1</value>
         <object_component_ref idref="oc-143"/>
      </symbol>
      <symbol id="sm-386">
         <name>bme280_set_sensor_settings</name>
         <value>0x2899</value>
         <object_component_ref idref="oc-143"/>
      </symbol>
      <symbol id="sm-387">
         <name>bme280_get_sensor_settings</name>
         <value>0x2925</value>
         <object_component_ref idref="oc-143"/>
      </symbol>
      <symbol id="sm-388">
         <name>bme280_set_sensor_mode</name>
         <value>0x295f</value>
         <object_component_ref idref="oc-143"/>
      </symbol>
      <symbol id="sm-389">
         <name>bme280_get_sensor_mode</name>
         <value>0x29b5</value>
         <object_component_ref idref="oc-143"/>
      </symbol>
      <symbol id="sm-38a">
         <name>bme280_init</name>
         <value>0x26a1</value>
         <object_component_ref idref="oc-143"/>
      </symbol>
      <symbol id="sm-38b">
         <name>bme280_compensate_data</name>
         <value>0x2b19</value>
         <object_component_ref idref="oc-143"/>
      </symbol>
      <symbol id="sm-38c">
         <name>bme280_soft_reset</name>
         <value>0x29ed</value>
         <object_component_ref idref="oc-143"/>
      </symbol>
      <symbol id="sm-3aa">
         <name>MCLKfreq</name>
         <value>0x20000160</value>
      </symbol>
      <symbol id="sm-3ab">
         <name>SMCLKfreq</name>
         <value>0x20000168</value>
      </symbol>
      <symbol id="sm-3ac">
         <name>clockInit48MHzXTL</name>
         <value>0x498b</value>
         <object_component_ref idref="oc-cd"/>
      </symbol>
      <symbol id="sm-3ad">
         <name>getSMCLKfreq</name>
         <value>0x494b</value>
         <object_component_ref idref="oc-cd"/>
      </symbol>
      <symbol id="sm-3ae">
         <name>clockStartUp</name>
         <value>0x4951</value>
         <object_component_ref idref="oc-cd"/>
      </symbol>
      <symbol id="sm-3af">
         <name>getMCLKfreq</name>
         <value>0x4945</value>
         <object_component_ref idref="oc-cd"/>
      </symbol>
      <symbol id="sm-3ba">
         <name>OneMsDelay</name>
         <value>0x53d5</value>
         <object_component_ref idref="oc-165"/>
      </symbol>
      <symbol id="sm-3bb">
         <name>TenMsDelay</name>
         <value>0x53df</value>
         <object_component_ref idref="oc-165"/>
      </symbol>
      <symbol id="sm-3dc">
         <name>rst</name>
         <value>0x20000187</value>
      </symbol>
      <symbol id="sm-3dd">
         <name>retrieveError</name>
         <value>0x20000185</value>
      </symbol>
      <symbol id="sm-3de">
         <name>validAddress</name>
         <value>0x20000189</value>
      </symbol>
      <symbol id="sm-3df">
         <name>main</name>
         <value>0x4a11</value>
         <object_component_ref idref="oc-a0"/>
      </symbol>
      <symbol id="sm-3e0">
         <name>light_status_updated</name>
         <value>0x200000d0</value>
         <object_component_ref idref="oc-f0"/>
      </symbol>
      <symbol id="sm-3e1">
         <name>currentStatus</name>
         <value>0x200000c8</value>
         <object_component_ref idref="oc-f0"/>
      </symbol>
      <symbol id="sm-3e2">
         <name>target_count</name>
         <value>0x200000cc</value>
         <object_component_ref idref="oc-f0"/>
      </symbol>
      <symbol id="sm-3ff">
         <name>interruptVectors</name>
         <value>0x0</value>
         <object_component_ref idref="oc-28"/>
      </symbol>
      <symbol id="sm-40f">
         <name>sysTickInit</name>
         <value>0x5165</value>
         <object_component_ref idref="oc-d9"/>
      </symbol>
      <symbol id="sm-410">
         <name>SysTick_delay</name>
         <value>0x5181</value>
         <object_component_ref idref="oc-d9"/>
      </symbol>
      <symbol id="sm-457">
         <name>SystemInit</name>
         <value>0x3d8d</value>
         <object_component_ref idref="oc-b3"/>
      </symbol>
      <symbol id="sm-458">
         <name>SystemCoreClockUpdate</name>
         <value>0x3b19</value>
         <object_component_ref idref="oc-b3"/>
      </symbol>
      <symbol id="sm-459">
         <name>SystemCoreClock</name>
         <value>0x200000f0</value>
         <object_component_ref idref="oc-10e"/>
      </symbol>
      <symbol id="sm-512">
         <name>CS_getMCLK</name>
         <value>0x540d</value>
         <object_component_ref idref="oc-129"/>
      </symbol>
      <symbol id="sm-513">
         <name>CS_clearInterruptFlag</name>
         <value>0x5391</value>
         <object_component_ref idref="oc-23d"/>
      </symbol>
      <symbol id="sm-514">
         <name>CS_startHFXT</name>
         <value>0x5519</value>
         <object_component_ref idref="oc-135"/>
      </symbol>
      <symbol id="sm-515">
         <name>CS_getDCOFrequency</name>
         <value>0x4649</value>
         <object_component_ref idref="oc-237"/>
      </symbol>
      <symbol id="sm-516">
         <name>CS_setExternalClockSourceFrequency</name>
         <value>0x546d</value>
         <object_component_ref idref="oc-12f"/>
      </symbol>
      <symbol id="sm-517">
         <name>CS_getSMCLK</name>
         <value>0x5425</value>
         <object_component_ref idref="oc-123"/>
      </symbol>
      <symbol id="sm-518">
         <name>CS_startHFXTWithTimeout</name>
         <value>0x4ab1</value>
         <object_component_ref idref="oc-19e"/>
      </symbol>
      <symbol id="sm-54c">
         <name>SysCtl_getNMISourceStatus</name>
         <value>0x5501</value>
         <object_component_ref idref="oc-250"/>
      </symbol>
      <symbol id="sm-54d">
         <name>SysCtl_enableNMISource</name>
         <value>0x54e1</value>
         <object_component_ref idref="oc-262"/>
      </symbol>
      <symbol id="sm-54e">
         <name>SysCtl_disableNMISource</name>
         <value>0x54d1</value>
         <object_component_ref idref="oc-256"/>
      </symbol>
      <symbol id="sm-54f">
         <name>SysCtl_getTLVInfo</name>
         <value>0x5115</value>
         <object_component_ref idref="oc-2e1"/>
      </symbol>
      <symbol id="sm-562">
         <name>_c_int00</name>
         <value>0x5019</value>
         <object_component_ref idref="oc-22"/>
      </symbol>
      <symbol id="sm-563">
         <name>__stack</name>
         <value>0x2000fe00</value>
         <object_component_ref idref="oc-2b"/>
      </symbol>
      <symbol id="sm-581">
         <name>__TI_decompress_lzss</name>
         <value>0x4eed</value>
         <object_component_ref idref="oc-10"/>
      </symbol>
      <symbol id="sm-598">
         <name>__TI_decompress_none</name>
         <value>0x54f1</value>
         <object_component_ref idref="oc-16"/>
      </symbol>
      <symbol id="sm-5af">
         <name>__TI_zero_init</name>
         <value>0x550d</value>
         <object_component_ref idref="oc-1c"/>
      </symbol>
      <symbol id="sm-5d0">
         <name>C$$EXIT</name>
         <value>0x506d</value>
         <object_component_ref idref="oc-67"/>
      </symbol>
      <symbol id="sm-5d1">
         <name>abort</name>
         <value>0x5071</value>
         <object_component_ref idref="oc-67"/>
      </symbol>
      <symbol id="sm-5d2">
         <name>exit</name>
         <value>0x5079</value>
         <object_component_ref idref="oc-67"/>
      </symbol>
      <symbol id="sm-5d3">
         <name>__TI_dtors_ptr</name>
         <value>0x200000c0</value>
         <object_component_ref idref="oc-a8"/>
      </symbol>
      <symbol id="sm-5d4">
         <name>__TI_cleanup_ptr</name>
         <value>0x200000bc</value>
         <object_component_ref idref="oc-a8"/>
      </symbol>
      <symbol id="sm-5d5">
         <name>__TI_enable_exit_profile_output</name>
         <value>0x200000c4</value>
         <object_component_ref idref="oc-a8"/>
      </symbol>
      <symbol id="sm-5ec">
         <name>__aeabi_dsub</name>
         <value>0x41f1</value>
         <object_component_ref idref="oc-1b6"/>
      </symbol>
      <symbol id="sm-5ed">
         <name>__aeabi_dadd</name>
         <value>0x41fb</value>
         <object_component_ref idref="oc-1b6"/>
      </symbol>
      <symbol id="sm-60f">
         <name>__aeabi_cdcmpeq</name>
         <value>0x4c85</value>
         <object_component_ref idref="oc-1ca"/>
      </symbol>
      <symbol id="sm-610">
         <name>__aeabi_cdcmple</name>
         <value>0x4c85</value>
         <object_component_ref idref="oc-1ca"/>
      </symbol>
      <symbol id="sm-611">
         <name>__aeabi_cdrcmple</name>
         <value>0x4d0b</value>
         <object_component_ref idref="oc-1cf"/>
      </symbol>
      <symbol id="sm-625">
         <name>__aeabi_ddiv</name>
         <value>0x4511</value>
         <object_component_ref idref="oc-1b1"/>
      </symbol>
      <symbol id="sm-630">
         <name>__aeabi_dmul</name>
         <value>0x474d</value>
         <object_component_ref idref="oc-1c0"/>
      </symbol>
      <symbol id="sm-63a">
         <name>__aeabi_d2iz</name>
         <value>0x52e1</value>
         <object_component_ref idref="oc-1c5"/>
      </symbol>
      <symbol id="sm-645">
         <name>__aeabi_f2d</name>
         <value>0x5329</value>
         <object_component_ref idref="oc-15a"/>
      </symbol>
      <symbol id="sm-64f">
         <name>__aeabi_i2d</name>
         <value>0x5361</value>
         <object_component_ref idref="oc-1bb"/>
      </symbol>
      <symbol id="sm-66a">
         <name>memcpy</name>
         <value>0x4be9</value>
         <object_component_ref idref="oc-37"/>
      </symbol>
      <symbol id="sm-66b">
         <name>__aeabi_memcpy</name>
         <value>0x4be9</value>
         <object_component_ref idref="oc-37"/>
      </symbol>
      <symbol id="sm-66c">
         <name>__aeabi_memcpy8</name>
         <value>0x4be9</value>
         <object_component_ref idref="oc-37"/>
      </symbol>
      <symbol id="sm-66d">
         <name>__aeabi_memcpy4</name>
         <value>0x4be9</value>
         <object_component_ref idref="oc-37"/>
      </symbol>
      <symbol id="sm-67c">
         <name>__aeabi_memset</name>
         <value>0x4d93</value>
         <object_component_ref idref="oc-43"/>
      </symbol>
      <symbol id="sm-67d">
         <name>memset</name>
         <value>0x4d99</value>
         <object_component_ref idref="oc-43"/>
      </symbol>
      <symbol id="sm-67e">
         <name>__aeabi_memset8</name>
         <value>0x4d93</value>
         <object_component_ref idref="oc-43"/>
      </symbol>
      <symbol id="sm-67f">
         <name>__aeabi_memset4</name>
         <value>0x4d93</value>
         <object_component_ref idref="oc-43"/>
      </symbol>
      <symbol id="sm-680">
         <name>__aeabi_memclr8</name>
         <value>0x4d91</value>
         <object_component_ref idref="oc-43"/>
      </symbol>
      <symbol id="sm-681">
         <name>__aeabi_memclr4</name>
         <value>0x4d91</value>
         <object_component_ref idref="oc-43"/>
      </symbol>
      <symbol id="sm-682">
         <name>__aeabi_memclr</name>
         <value>0x4d91</value>
         <object_component_ref idref="oc-43"/>
      </symbol>
      <symbol id="sm-68c">
         <name>__mpu_init</name>
         <value>0x269f</value>
         <object_component_ref idref="oc-4f"/>
      </symbol>
      <symbol id="sm-696">
         <name>_system_pre_init</name>
         <value>0x551f</value>
         <object_component_ref idref="oc-55"/>
      </symbol>
      <symbol id="sm-6af">
         <name>sprintf</name>
         <value>0x4fb9</value>
         <object_component_ref idref="oc-15f"/>
      </symbol>
      <symbol id="sm-6b7">
         <name>main_func_sp</name>
         <value>0x200000ec</value>
         <object_component_ref idref="oc-6d"/>
      </symbol>
      <symbol id="sm-6c1">
         <name>__aeabi_ui2d</name>
         <value>0x53b5</value>
         <object_component_ref idref="oc-1ac"/>
      </symbol>
      <symbol id="sm-6da">
         <name>_nop</name>
         <value>0x548f</value>
         <object_component_ref idref="oc-102"/>
      </symbol>
      <symbol id="sm-6db">
         <name>_lock</name>
         <value>0x200000d4</value>
         <object_component_ref idref="oc-ab"/>
      </symbol>
      <symbol id="sm-6dc">
         <name>_unlock</name>
         <value>0x200000d8</value>
         <object_component_ref idref="oc-ab"/>
      </symbol>
      <symbol id="sm-6dd">
         <name>_register_lock</name>
         <value>0x5487</value>
         <object_component_ref idref="oc-102"/>
      </symbol>
      <symbol id="sm-6de">
         <name>_register_unlock</name>
         <value>0x5481</value>
         <object_component_ref idref="oc-102"/>
      </symbol>
      <symbol id="sm-7df">
         <name>__TI_printfi</name>
         <value>0x1da5</value>
         <object_component_ref idref="oc-209"/>
      </symbol>
      <symbol id="sm-7f3">
         <name>_args_main</name>
         <value>0x543d</value>
         <object_component_ref idref="oc-61"/>
      </symbol>
      <symbol id="sm-809">
         <name>atoi</name>
         <value>0x5201</value>
         <object_component_ref idref="oc-2b1"/>
      </symbol>
      <symbol id="sm-833">
         <name>__TI_auto_init</name>
         <value>0x4e7d</value>
         <object_component_ref idref="oc-5b"/>
      </symbol>
      <symbol id="sm-84d">
         <name>copy_in</name>
         <value>0x524d</value>
         <object_component_ref idref="oc-92"/>
      </symbol>
      <symbol id="sm-858">
         <name>_ctypes_</name>
         <value>0x841f</value>
         <object_component_ref idref="oc-307"/>
      </symbol>
      <symbol id="sm-867">
         <name>ltoa</name>
         <value>0x50c1</value>
         <object_component_ref idref="oc-299"/>
      </symbol>
      <symbol id="sm-877">
         <name>memccpy</name>
         <value>0x53f1</value>
         <object_component_ref idref="oc-2b7"/>
      </symbol>
      <symbol id="sm-892">
         <name>frexpl</name>
         <value>0x4f55</value>
         <object_component_ref idref="oc-29f"/>
      </symbol>
      <symbol id="sm-893">
         <name>frexp</name>
         <value>0x4f55</value>
         <object_component_ref idref="oc-29f"/>
      </symbol>
      <symbol id="sm-8b0">
         <name>scalbn</name>
         <value>0x4849</value>
         <object_component_ref idref="oc-2a5"/>
      </symbol>
      <symbol id="sm-8b1">
         <name>scalbnl</name>
         <value>0x4849</value>
         <object_component_ref idref="oc-2a5"/>
      </symbol>
      <symbol id="sm-8b2">
         <name>ldexpl</name>
         <value>0x4849</value>
         <object_component_ref idref="oc-2a5"/>
      </symbol>
      <symbol id="sm-8b3">
         <name>ldexp</name>
         <value>0x4849</value>
         <object_component_ref idref="oc-2a5"/>
      </symbol>
      <symbol id="sm-8bd">
         <name>_system_post_cinit</name>
         <value>0x43a7</value>
         <object_component_ref idref="oc-98"/>
      </symbol>
      <symbol id="sm-8cd">
         <name>strchr</name>
         <value>0x5455</value>
         <object_component_ref idref="oc-2ab"/>
      </symbol>
      <symbol id="sm-8db">
         <name>strlen</name>
         <value>0x54a9</value>
         <object_component_ref idref="oc-293"/>
      </symbol>
      <symbol id="sm-8f7">
         <name>__aeabi_uldivmod</name>
         <value>0x3e41</value>
         <object_component_ref idref="oc-28e"/>
      </symbol>
      <symbol id="sm-8ff">
         <name>errno</name>
         <value>0x200000e8</value>
         <object_component_ref idref="oc-300"/>
      </symbol>
      <symbol id="sm-909">
         <name>copysign</name>
         <value>0x5495</value>
         <object_component_ref idref="oc-2fa"/>
      </symbol>
      <symbol id="sm-90a">
         <name>copysignl</name>
         <value>0x5495</value>
         <object_component_ref idref="oc-2fa"/>
      </symbol>
      <symbol id="sm-90b">
         <name>__TI_static_base__</name>
         <value>0x0</value>
      </symbol>
      <symbol id="sm-90e">
         <name>SHT$$INIT_ARRAY$$Limit</name>
         <value>0x0</value>
      </symbol>
      <symbol id="sm-90f">
         <name>SHT$$INIT_ARRAY$$Base</name>
         <value>0x0</value>
      </symbol>
   </symbol_table>
   <title>Link successful</title>
</link_info>
